Archive member included to satisfy reference by file (symbol)

C:/ST/STM32CubeIDE_1.19.0/STM32CubeIDE/plugins/com.st.stm32cube.ide.mcu.externaltools.gnu-tools-for-stm32.13.3.rel1.win32_1.0.0.202411081344/tools/bin/../lib/gcc/arm-none-eabi/13.3.1/../../../../arm-none-eabi/lib/thumb/v7-m/nofp\libc_nano.a(libc_a-assert.o)
                              ./Modules/modbus/functions/mbutils.o (__assert_func)
C:/ST/STM32CubeIDE_1.19.0/STM32CubeIDE/plugins/com.st.stm32cube.ide.mcu.externaltools.gnu-tools-for-stm32.13.3.rel1.win32_1.0.0.202411081344/tools/bin/../lib/gcc/arm-none-eabi/13.3.1/../../../../arm-none-eabi/lib/thumb/v7-m/nofp\libc_nano.a(libc_a-exit.o)
                              C:/ST/STM32CubeIDE_1.19.0/STM32CubeIDE/plugins/com.st.stm32cube.ide.mcu.externaltools.gnu-tools-for-stm32.13.3.rel1.win32_1.0.0.202411081344/tools/bin/../lib/gcc/arm-none-eabi/13.3.1/../../../../arm-none-eabi/lib/thumb/v7-m/nofp/crt0.o (exit)
C:/ST/STM32CubeIDE_1.19.0/STM32CubeIDE/plugins/com.st.stm32cube.ide.mcu.externaltools.gnu-tools-for-stm32.13.3.rel1.win32_1.0.0.202411081344/tools/bin/../lib/gcc/arm-none-eabi/13.3.1/../../../../arm-none-eabi/lib/thumb/v7-m/nofp\libc_nano.a(libc_a-findfp.o)
                              C:/ST/STM32CubeIDE_1.19.0/STM32CubeIDE/plugins/com.st.stm32cube.ide.mcu.externaltools.gnu-tools-for-stm32.13.3.rel1.win32_1.0.0.202411081344/tools/bin/../lib/gcc/arm-none-eabi/13.3.1/../../../../arm-none-eabi/lib/thumb/v7-m/nofp\libc_nano.a(libc_a-exit.o) (__stdio_exit_handler)
C:/ST/STM32CubeIDE_1.19.0/STM32CubeIDE/plugins/com.st.stm32cube.ide.mcu.externaltools.gnu-tools-for-stm32.13.3.rel1.win32_1.0.0.202411081344/tools/bin/../lib/gcc/arm-none-eabi/13.3.1/../../../../arm-none-eabi/lib/thumb/v7-m/nofp\libc_nano.a(libc_a-fprintf.o)
                              C:/ST/STM32CubeIDE_1.19.0/STM32CubeIDE/plugins/com.st.stm32cube.ide.mcu.externaltools.gnu-tools-for-stm32.13.3.rel1.win32_1.0.0.202411081344/tools/bin/../lib/gcc/arm-none-eabi/13.3.1/../../../../arm-none-eabi/lib/thumb/v7-m/nofp\libc_nano.a(libc_a-assert.o) (fiprintf)
C:/ST/STM32CubeIDE_1.19.0/STM32CubeIDE/plugins/com.st.stm32cube.ide.mcu.externaltools.gnu-tools-for-stm32.13.3.rel1.win32_1.0.0.202411081344/tools/bin/../lib/gcc/arm-none-eabi/13.3.1/../../../../arm-none-eabi/lib/thumb/v7-m/nofp\libc_nano.a(libc_a-fwalk.o)
                              C:/ST/STM32CubeIDE_1.19.0/STM32CubeIDE/plugins/com.st.stm32cube.ide.mcu.externaltools.gnu-tools-for-stm32.13.3.rel1.win32_1.0.0.202411081344/tools/bin/../lib/gcc/arm-none-eabi/13.3.1/../../../../arm-none-eabi/lib/thumb/v7-m/nofp\libc_nano.a(libc_a-findfp.o) (_fwalk_sglue)
C:/ST/STM32CubeIDE_1.19.0/STM32CubeIDE/plugins/com.st.stm32cube.ide.mcu.externaltools.gnu-tools-for-stm32.13.3.rel1.win32_1.0.0.202411081344/tools/bin/../lib/gcc/arm-none-eabi/13.3.1/../../../../arm-none-eabi/lib/thumb/v7-m/nofp\libc_nano.a(libc_a-stdio.o)
                              C:/ST/STM32CubeIDE_1.19.0/STM32CubeIDE/plugins/com.st.stm32cube.ide.mcu.externaltools.gnu-tools-for-stm32.13.3.rel1.win32_1.0.0.202411081344/tools/bin/../lib/gcc/arm-none-eabi/13.3.1/../../../../arm-none-eabi/lib/thumb/v7-m/nofp\libc_nano.a(libc_a-findfp.o) (__sread)
C:/ST/STM32CubeIDE_1.19.0/STM32CubeIDE/plugins/com.st.stm32cube.ide.mcu.externaltools.gnu-tools-for-stm32.13.3.rel1.win32_1.0.0.202411081344/tools/bin/../lib/gcc/arm-none-eabi/13.3.1/../../../../arm-none-eabi/lib/thumb/v7-m/nofp\libc_nano.a(libc_a-memset.o)
                              C:/ST/STM32CubeIDE_1.19.0/STM32CubeIDE/plugins/com.st.stm32cube.ide.mcu.externaltools.gnu-tools-for-stm32.13.3.rel1.win32_1.0.0.202411081344/tools/bin/../lib/gcc/arm-none-eabi/13.3.1/../../../../arm-none-eabi/lib/thumb/v7-m/nofp/crt0.o (memset)
C:/ST/STM32CubeIDE_1.19.0/STM32CubeIDE/plugins/com.st.stm32cube.ide.mcu.externaltools.gnu-tools-for-stm32.13.3.rel1.win32_1.0.0.202411081344/tools/bin/../lib/gcc/arm-none-eabi/13.3.1/../../../../arm-none-eabi/lib/thumb/v7-m/nofp\libc_nano.a(libc_a-closer.o)
                              C:/ST/STM32CubeIDE_1.19.0/STM32CubeIDE/plugins/com.st.stm32cube.ide.mcu.externaltools.gnu-tools-for-stm32.13.3.rel1.win32_1.0.0.202411081344/tools/bin/../lib/gcc/arm-none-eabi/13.3.1/../../../../arm-none-eabi/lib/thumb/v7-m/nofp\libc_nano.a(libc_a-stdio.o) (_close_r)
C:/ST/STM32CubeIDE_1.19.0/STM32CubeIDE/plugins/com.st.stm32cube.ide.mcu.externaltools.gnu-tools-for-stm32.13.3.rel1.win32_1.0.0.202411081344/tools/bin/../lib/gcc/arm-none-eabi/13.3.1/../../../../arm-none-eabi/lib/thumb/v7-m/nofp\libc_nano.a(libc_a-reent.o)
                              C:/ST/STM32CubeIDE_1.19.0/STM32CubeIDE/plugins/com.st.stm32cube.ide.mcu.externaltools.gnu-tools-for-stm32.13.3.rel1.win32_1.0.0.202411081344/tools/bin/../lib/gcc/arm-none-eabi/13.3.1/../../../../arm-none-eabi/lib/thumb/v7-m/nofp\libc_nano.a(libc_a-closer.o) (errno)
[...]
Memory Configuration

Name             Origin             Length             Attributes
RAM              0x20000000         0x00005000         xrw
FLASH            0x08000000         0x00010000         xr
*default*        0x00000000         0xffffffff

Linker script and memory map

LOAD C:/ST/STM32CubeIDE_1.19.0/STM32CubeIDE/plugins/com.st.stm32cube.ide.mcu.externaltools.gnu-tools-for-stm32.13.3.rel1.win32_1.0.0.202411081344/tools/bin/../lib/gcc/arm-none-eabi/13.3.1/thumb/v7-m/nofp/crti.o
LOAD C:/ST/STM32CubeIDE_1.19.0/STM32CubeIDE/plugins/com.st.stm32cube.ide.mcu.externaltools.gnu-tools-for-stm32.13.3.rel1.win32_1.0.0.202411081344/tools/bin/../lib/gcc/arm-none-eabi/13.3.1/thumb/v7-m/nofp/crtbegin.o
LOAD C:/ST/STM32CubeIDE_1.19.0/STM32CubeIDE/plugins/com.st.stm32cube.ide.mcu.externaltools.gnu-tools-for-stm32.13.3.rel1.win32_1.0.0.202411081344/tools/bin/../lib/gcc/arm-none-eabi/13.3.1/../../../../arm-none-eabi/lib/thumb/v7-m/nofp/crt0.o
LOAD ./Core/Src/main.o
LOAD ./Core/Src/stm32f1xx_hal_msp.o
LOAD ./Core/Src/stm32f1xx_it.o
LOAD ./Core/Src/syscalls.o
LOAD ./Core/Src/sysmem.o
LOAD ./Core/Src/system_stm32f1xx.o
LOAD ./Core/Startup/startup_stm32f103c8tx.o
LOAD ./Drivers/STM32F1xx_HAL_Driver/Src/stm32f1xx_hal.o
LOAD ./Drivers/STM32F1xx_HAL_Driver/Src/stm32f1xx_hal_cortex.o
LOAD ./Drivers/STM32F1xx_HAL_Driver/Src/stm32f1xx_hal_dma.o
LOAD ./Drivers/STM32F1xx_HAL_Driver/Src/stm32f1xx_hal_exti.o
LOAD ./Drivers/STM32F1xx_HAL_Driver/Src/stm32f1xx_hal_flash.o
LOAD ./Drivers/STM32F1xx_HAL_Driver/Src/stm32f1xx_hal_flash_ex.o
LOAD ./Drivers/STM32F1xx_HAL_Driver/Src/stm32f1xx_hal_gpio.o
LOAD ./Drivers/STM32F1xx_HAL_Driver/Src/stm32f1xx_hal_gpio_ex.o
LOAD ./Drivers/STM32F1xx_HAL_Driver/Src/stm32f1xx_hal_pwr.o
LOAD ./Drivers/STM32F1xx_HAL_Driver/Src/stm32f1xx_hal_rcc.o
LOAD ./Drivers/STM32F1xx_HAL_Driver/Src/stm32f1xx_hal_rcc_ex.o
LOAD ./Drivers/STM32F1xx_HAL_Driver/Src/stm32f1xx_hal_tim.o
LOAD ./Drivers/STM32F1xx_HAL_Driver/Src/stm32f1xx_hal_tim_ex.o
LOAD ./Drivers/STM32F1xx_HAL_Driver/Src/stm32f1xx_hal_uart.o
LOAD ./Modules/modbus/functions/mbfunccoils.o
LOAD ./Modules/modbus/functions/mbfuncdiag.o
LOAD ./Modules/modbus/functions/mbfuncdisc.o
LOAD ./Modules/modbus/functions/mbfuncholding.o
LOAD ./Modules/modbus/functions/mbfuncinput.o
LOAD ./Modules/modbus/functions/mbfuncother.o
LOAD ./Modules/modbus/functions/mbutils.o
LOAD ./Modules/modbus/mb.o
LOAD ./Modules/modbus/port/mt_port.o
LOAD ./Modules/modbus/port/portevent.o
LOAD ./Modules/modbus/port/portserial.o
LOAD ./Modules/modbus/port/porttimer.o
LOAD ./Modules/modbus/rtu/mbcrc.o
LOAD ./Modules/modbus/rtu/mbrtu.o
START GROUP
LOAD C:/ST/STM32CubeIDE_1.19.0/STM32CubeIDE/plugins/com.st.stm32cube.ide.mcu.externaltools.gnu-tools-for-stm32.13.3.rel1.win32_1.0.0.202411081344/tools/bin/../lib/gcc/arm-none-eabi/13.3.1/../../../../arm-none-eabi/lib/thumb/v7-m/nofp\libc_nano.a
LOAD C:/ST/STM32CubeIDE_1.19.0/STM32CubeIDE/plugins/com.st.stm32cube.ide.mcu.externaltools.gnu-tools-for-stm32.13.3.rel1.win32_1.0.0.202411081344/tools/bin/../lib/gcc/arm-none-eabi/13.3.1/../../../../arm-none-eabi/lib/thumb/v7-m/nofp\libm.a
END GROUP
START GROUP
LOAD C:/ST/STM32CubeIDE_1.19.0/STM32CubeIDE/plugins/com.st.stm32cube.ide.mcu.externaltools.gnu-tools-for-stm32.13.3.rel1.win32_1.0.0.202411081344/tools/bin/../lib/gcc/arm-none-eabi/13.3.1/thumb/v7-m/nofp\libgcc.a
LOAD C:/ST/STM32CubeIDE_1.19.0/STM32CubeIDE/plugins/com.st.stm32cube.ide.mcu.externaltools.gnu-tools-for-stm32.13.3.rel1.win32_1.0.0.202411081344/tools/bin/../lib/gcc/arm-none-eabi/13.3.1/../../../../arm-none-eabi/lib/thumb/v7-m/nofp\libc_nano.a
END GROUP
START GROUP
LOAD C:/ST/STM32CubeIDE_1.19.0/STM32CubeIDE/plugins/com.st.stm32cube.ide.mcu.externaltools.gnu-tools-for-stm32.13.3.rel1.win32_1.0.0.202411081344/tools/bin/../lib/gcc/arm-none-eabi/13.3.1/thumb/v7-m/nofp\libgcc.a
LOAD C:/ST/STM32CubeIDE_1.19.0/STM32CubeIDE/plugins/com.st.stm32cube.ide.mcu.externaltools.gnu-tools-for-stm32.13.3.rel1.win32_1.0.0.202411081344/tools/bin/../lib/gcc/arm-none-eabi/13.3.1/../../../../arm-none-eabi/lib/thumb/v7-m/nofp\libc_nano.a
LOAD C:/ST/STM32CubeIDE_1.19.0/STM32CubeIDE/plugins/com.st.stm32cube.ide.mcu.externaltools.gnu-tools-for-stm32.13.3.rel1.win32_1.0.0.202411081344/tools/bin/../lib/gcc/arm-none-eabi/13.3.1/../../../../arm-none-eabi/lib/thumb/v7-m/nofp\libnosys.a
END GROUP
START GROUP
LOAD C:/ST/STM32CubeIDE_1.19.0/STM32CubeIDE/plugins/com.st.stm32cube.ide.mcu.externaltools.gnu-tools-for-stm32.13.3.rel1.win32_1.0.0.202411081344/tools/bin/../lib/gcc/arm-none-eabi/13.3.1/thumb/v7-m/nofp\libgcc.a
LOAD C:/ST/STM32CubeIDE_1.19.0/STM32CubeIDE/plugins/com.st.stm32cube.ide.mcu.externaltools.gnu-tools-for-stm32.13.3.rel1.win32_1.0.0.202411081344/tools/bin/../lib/gcc/arm-none-eabi/13.3.1/../../../../arm-none-eabi/lib/thumb/v7-m/nofp\libc_nano.a
LOAD C:/ST/STM32CubeIDE_1.19.0/STM32CubeIDE/plugins/com.st.stm32cube.ide.mcu.externaltools.gnu-tools-for-stm32.13.3.rel1.win32_1.0.0.202411081344/tools/bin/../lib/gcc/arm-none-eabi/13.3.1/../../../../arm-none-eabi/lib/thumb/v7-m/nofp\libnosys.a
END GROUP
LOAD C:/ST/STM32CubeIDE_1.19.0/STM32CubeIDE/plugins/com.st.stm32cube.ide.mcu.externaltools.gnu-tools-for-stm32.13.3.rel1.win32_1.0.0.202411081344/tools/bin/../lib/gcc/arm-none-eabi/13.3.1/thumb/v7-m/nofp/crtend.o
LOAD C:/ST/STM32CubeIDE_1.19.0/STM32CubeIDE/plugins/com.st.stm32cube.ide.mcu.externaltools.gnu-tools-for-stm32.13.3.rel1.win32_1.0.0.202411081344/tools/bin/../lib/gcc/arm-none-eabi/13.3.1/thumb/v7-m/nofp/crtn.o
                0x20005000                        _estack = (ORIGIN (RAM) + LENGTH (RAM))
                0x00000200                        _Min_Heap_Size = 0x200
                0x00000400                        _Min_Stack_Size = 0x400

.isr_vector     0x08000000      0x10c
                0x08000000                        . = ALIGN (0x4)
 *(.isr_vector)
 .isr_vector    0x08000000      0x10c ./Core/Startup/startup_stm32f103c8tx.o
                0x08000000                g_pfnVectors
                0x0800010c                        . = ALIGN (0x4)

.text           0x0800010c     0x59dc
                0x0800010c                        . = ALIGN (0x4)
 *(.text)
 .text          0x0800010c       0x40 C:/ST/STM32CubeIDE_1.19.0/STM32CubeIDE/plugins/com.st.stm32cube.ide.mcu.externaltools.gnu-tools-for-stm32.13.3.rel1.win32_1.0.0.202411081344/tools/bin/../lib/gcc/arm-none-eabi/13.3.1/thumb/v7-m/nofp/crtbegin.o
 *(.text*)
 .text.SwitchTechnology_Logic
                0x0800014c      0x59c ./Core/Src/main.o
                0x0800014c                SwitchTechnology_Logic
 .text.main     0x080006e8       0x9c ./Core/Src/main.o
                0x080006e8                main
 .text.SystemClock_Config
                0x08000784       0x8a ./Core/Src/main.o
                0x08000784                SystemClock_Config
 *fill*         0x0800080e        0x2 
 .text.MX_TIM3_Init
                0x08000810       0x98 ./Core/Src/main.o
 .text.MX_USART1_UART_Init
                0x080008a8       0x54 ./Core/Src/main.o
 .text.MX_USART3_UART_Init
                0x080008fc       0x54 ./Core/Src/main.o
 .text.MX_GPIO_Init
                0x08000950       0xd8 ./Core/Src/main.o
 .text.eMBRegInputCB
                0x08000a28       0x88 ./Core/Src/main.o
                0x08000a28                eMBRegInputCB
 .text.eMBRegHoldingCB
                0x08000ab0       0xe8 ./Core/Src/main.o
                0x08000ab0                eMBRegHoldingCB
 .text.eMBRegCoilsCB
                0x08000b98       0x26 ./Core/Src/main.o
                0x08000b98                eMBRegCoilsCB
 .text.eMBRegDiscreteCB
                0x08000bbe       0x1c ./Core/Src/main.o
                0x08000bbe                eMBRegDiscreteCB
 .text.Error_Handler
                0x08000bda        0xc ./Core/Src/main.o
                0x08000bda                Error_Handler
 *fill*         0x08000be6        0x2 
 .text.HAL_MspInit
                0x08000be8       0x64 ./Core/Src/stm32f1xx_hal_msp.o
                0x08000be8                HAL_MspInit
 .text.HAL_TIM_Base_MspInit
                0x08000c4c       0x4c ./Core/Src/stm32f1xx_hal_msp.o
                0x08000c4c                HAL_TIM_Base_MspInit
 .text.HAL_UART_MspInit
                0x08000c98      0x130 ./Core/Src/stm32f1xx_hal_msp.o
                0x08000c98                HAL_UART_MspInit
 .text.NMI_Handler
                0x08000dc8        0x8 ./Core/Src/stm32f1xx_it.o
                0x08000dc8                NMI_Handler
 .text.HardFault_Handler
                0x08000dd0        0x8 ./Core/Src/stm32f1xx_it.o
                0x08000dd0                HardFault_Handler
 .text.MemManage_Handler
                0x08000dd8        0x8 ./Core/Src/stm32f1xx_it.o
                0x08000dd8                MemManage_Handler
 .text.BusFault_Handler
                0x08000de0        0x8 ./Core/Src/stm32f1xx_it.o
                0x08000de0                BusFault_Handler
 .text.UsageFault_Handler
                0x08000de8        0x8 ./Core/Src/stm32f1xx_it.o
                0x08000de8                UsageFault_Handler
 .text.SVC_Handler
                0x08000df0        0xc ./Core/Src/stm32f1xx_it.o
                0x08000df0                SVC_Handler
 .text.DebugMon_Handler
                0x08000dfc        0xc ./Core/Src/stm32f1xx_it.o
                0x08000dfc                DebugMon_Handler
 .text.PendSV_Handler
                0x08000e08        0xc ./Core/Src/stm32f1xx_it.o
                0x08000e08                PendSV_Handler
 .text.SysTick_Handler
                0x08000e14        0xc ./Core/Src/stm32f1xx_it.o
                0x08000e14                SysTick_Handler
 .text.TIM3_IRQHandler
                0x08000e20       0x14 ./Core/Src/stm32f1xx_it.o
                0x08000e20                TIM3_IRQHandler
 .text.USART1_IRQHandler
                0x08000e34       0x14 ./Core/Src/stm32f1xx_it.o
                0x08000e34                USART1_IRQHandler
 .text.USART3_IRQHandler
                0x08000e48       0x14 ./Core/Src/stm32f1xx_it.o
                0x08000e48                USART3_IRQHandler
 .text._getpid  0x08000e5c        0xe ./Core/Src/syscalls.o
                0x08000e5c                _getpid
 .text._kill    0x08000e6a       0x20 ./Core/Src/syscalls.o
                0x08000e6a                _kill
 .text._exit    0x08000e8a       0x16 ./Core/Src/syscalls.o
                0x08000e8a                _exit
 .text._read    0x08000ea0       0x3a ./Core/Src/syscalls.o
                0x08000ea0                _read
 .text._write   0x08000eda       0x38 ./Core/Src/syscalls.o
                0x08000eda                _write
 .text._close   0x08000f12       0x16 ./Core/Src/syscalls.o
                0x08000f12                _close
 .text._fstat   0x08000f28       0x1e ./Core/Src/syscalls.o
                0x08000f28                _fstat
 .text._isatty  0x08000f46       0x14 ./Core/Src/syscalls.o
                0x08000f46                _isatty
 .text._lseek   0x08000f5a       0x18 ./Core/Src/syscalls.o
                0x08000f5a                _lseek
 *fill*         0x08000f72        0x2 
 .text._sbrk    0x08000f74       0x6c ./Core/Src/sysmem.o
                0x08000f74                _sbrk
 .text.SystemInit
                0x08000fe0        0xc ./Core/Src/system_stm32f1xx.o
                0x08000fe0                SystemInit
 .text.Reset_Handler
                0x08000fec       0x48 ./Core/Startup/startup_stm32f103c8tx.o
                0x08000fec                Reset_Handler
 .text.Default_Handler
                0x08001034        0x2 ./Core/Startup/startup_stm32f103c8tx.o
                0x08001034                RTC_Alarm_IRQHandler
                0x08001034                EXTI2_IRQHandler
                0x08001034                TIM1_CC_IRQHandler
                0x08001034                PVD_IRQHandler
                0x08001034                EXTI3_IRQHandler
                0x08001034                EXTI0_IRQHandler
                0x08001034                I2C2_EV_IRQHandler
                0x08001034                ADC1_2_IRQHandler
                0x08001034                SPI1_IRQHandler
                0x08001034                TAMPER_IRQHandler
                0x08001034                DMA1_Channel4_IRQHandler
                0x08001034                RTC_IRQHandler
                0x08001034                DMA1_Channel7_IRQHandler
                0x08001034                CAN1_RX1_IRQHandler
                0x08001034                TIM4_IRQHandler
                0x08001034                I2C1_EV_IRQHandler
                0x08001034                DMA1_Channel6_IRQHandler
                0x08001034                RCC_IRQHandler
                0x08001034                TIM1_TRG_COM_IRQHandler
                0x08001034                DMA1_Channel1_IRQHandler
                0x08001034                Default_Handler
                0x08001034                EXTI15_10_IRQHandler
                0x08001034                EXTI9_5_IRQHandler
                0x08001034                SPI2_IRQHandler
                0x08001034                DMA1_Channel5_IRQHandler
                0x08001034                EXTI4_IRQHandler
                0x08001034                USB_LP_CAN1_RX0_IRQHandler
                0x08001034                USB_HP_CAN1_TX_IRQHandler
                0x08001034                DMA1_Channel3_IRQHandler
                0x08001034                TIM1_UP_IRQHandler
                0x08001034                WWDG_IRQHandler
                0x08001034                TIM2_IRQHandler
                0x08001034                TIM1_BRK_IRQHandler
                0x08001034                EXTI1_IRQHandler
                0x08001034                USART2_IRQHandler
                0x08001034                I2C2_ER_IRQHandler
                0x08001034                DMA1_Channel2_IRQHandler
                0x08001034                CAN1_SCE_IRQHandler
                0x08001034                FLASH_IRQHandler
                0x08001034                I2C1_ER_IRQHandler
                0x08001034                USBWakeUp_IRQHandler
 *fill*         0x08001036        0x2 
 .text.HAL_Init
                0x08001038       0x2c ./Drivers/STM32F1xx_HAL_Driver/Src/stm32f1xx_hal.o
                0x08001038                HAL_Init
 .text.HAL_InitTick
                0x08001064       0x60 ./Drivers/STM32F1xx_HAL_Driver/Src/stm32f1xx_hal.o
                0x08001064                HAL_InitTick
 .text.HAL_IncTick
                0x080010c4       0x24 ./Drivers/STM32F1xx_HAL_Driver/Src/stm32f1xx_hal.o
                0x080010c4                HAL_IncTick
 .text.HAL_GetTick
                0x080010e8       0x14 ./Drivers/STM32F1xx_HAL_Driver/Src/stm32f1xx_hal.o
                0x080010e8                HAL_GetTick
 .text.HAL_Delay
                0x080010fc       0x48 ./Drivers/STM32F1xx_HAL_Driver/Src/stm32f1xx_hal.o
                0x080010fc                HAL_Delay
 .text.__NVIC_SetPriorityGrouping
                0x08001144       0x48 ./Drivers/STM32F1xx_HAL_Driver/Src/stm32f1xx_hal_cortex.o
 .text.__NVIC_GetPriorityGrouping
                0x0800118c       0x1c ./Drivers/STM32F1xx_HAL_Driver/Src/stm32f1xx_hal_cortex.o
 .text.__NVIC_EnableIRQ
                0x080011a8       0x38 ./Drivers/STM32F1xx_HAL_Driver/Src/stm32f1xx_hal_cortex.o
 .text.__NVIC_SetPriority
                0x080011e0       0x54 ./Drivers/STM32F1xx_HAL_Driver/Src/stm32f1xx_hal_cortex.o
 .text.NVIC_EncodePriority
                0x08001234       0x64 ./Drivers/STM32F1xx_HAL_Driver/Src/stm32f1xx_hal_cortex.o
 .text.SysTick_Config
                0x08001298       0x44 ./Drivers/STM32F1xx_HAL_Driver/Src/stm32f1xx_hal_cortex.o
 .text.HAL_NVIC_SetPriorityGrouping
                0x080012dc       0x16 ./Drivers/STM32F1xx_HAL_Driver/Src/stm32f1xx_hal_cortex.o
                0x080012dc                HAL_NVIC_SetPriorityGrouping
 .text.HAL_NVIC_SetPriority
                0x080012f2       0x38 ./Drivers/STM32F1xx_HAL_Driver/Src/stm32f1xx_hal_cortex.o
                0x080012f2                HAL_NVIC_SetPriority
 .text.HAL_NVIC_EnableIRQ
                0x0800132a       0x1c ./Drivers/STM32F1xx_HAL_Driver/Src/stm32f1xx_hal_cortex.o
                0x0800132a                HAL_NVIC_EnableIRQ
 .text.HAL_SYSTICK_Config
                0x08001346       0x18 ./Drivers/STM32F1xx_HAL_Driver/Src/stm32f1xx_hal_cortex.o
                0x08001346                HAL_SYSTICK_Config
 .text.HAL_DMA_Abort
                0x0800135e       0x76 ./Drivers/STM32F1xx_HAL_Driver/Src/stm32f1xx_hal_dma.o
                0x0800135e                HAL_DMA_Abort
 .text.HAL_DMA_Abort_IT
                0x080013d4       0xf0 ./Drivers/STM32F1xx_HAL_Driver/Src/stm32f1xx_hal_dma.o
                0x080013d4                HAL_DMA_Abort_IT
 .text.HAL_GPIO_Init
                0x080014c4      0x308 ./Drivers/STM32F1xx_HAL_Driver/Src/stm32f1xx_hal_gpio.o
                0x080014c4                HAL_GPIO_Init
 .text.HAL_GPIO_ReadPin
                0x080017cc       0x2e ./Drivers/STM32F1xx_HAL_Driver/Src/stm32f1xx_hal_gpio.o
                0x080017cc                HAL_GPIO_ReadPin
 *fill*         0x080017fa        0x2 
 .text.HAL_RCC_OscConfig
                0x080017fc      0x504 ./Drivers/STM32F1xx_HAL_Driver/Src/stm32f1xx_hal_rcc.o
                0x080017fc                HAL_RCC_OscConfig
 .text.HAL_RCC_ClockConfig
                0x08001d00      0x1d4 ./Drivers/STM32F1xx_HAL_Driver/Src/stm32f1xx_hal_rcc.o
                0x08001d00                HAL_RCC_ClockConfig
 .text.HAL_RCC_GetSysClockFreq
                0x08001ed4       0xa8 ./Drivers/STM32F1xx_HAL_Driver/Src/stm32f1xx_hal_rcc.o
                0x08001ed4                HAL_RCC_GetSysClockFreq
 .text.HAL_RCC_GetHCLKFreq
                0x08001f7c       0x14 ./Drivers/STM32F1xx_HAL_Driver/Src/stm32f1xx_hal_rcc.o
                0x08001f7c                HAL_RCC_GetHCLKFreq
 .text.HAL_RCC_GetPCLK1Freq
                0x08001f90       0x28 ./Drivers/STM32F1xx_HAL_Driver/Src/stm32f1xx_hal_rcc.o
                0x08001f90                HAL_RCC_GetPCLK1Freq
 .text.HAL_RCC_GetPCLK2Freq
                0x08001fb8       0x28 ./Drivers/STM32F1xx_HAL_Driver/Src/stm32f1xx_hal_rcc.o
                0x08001fb8                HAL_RCC_GetPCLK2Freq
 .text.RCC_Delay
                0x08001fe0       0x3c ./Drivers/STM32F1xx_HAL_Driver/Src/stm32f1xx_hal_rcc.o
 .text.HAL_TIM_Base_Init
                0x0800201c       0x9e ./Drivers/STM32F1xx_HAL_Driver/Src/stm32f1xx_hal_tim.o
                0x0800201c                HAL_TIM_Base_Init
 *fill*         0x080020ba        0x2 
 .text.HAL_TIM_Base_Start_IT
                0x080020bc       0xa4 ./Drivers/STM32F1xx_HAL_Driver/Src/stm32f1xx_hal_tim.o
                0x080020bc                HAL_TIM_Base_Start_IT
 .text.HAL_TIM_Base_Stop_IT
                0x08002160       0x5c ./Drivers/STM32F1xx_HAL_Driver/Src/stm32f1xx_hal_tim.o
                0x08002160                HAL_TIM_Base_Stop_IT
 .text.HAL_TIM_IRQHandler
                0x080021bc      0x1e0 ./Drivers/STM32F1xx_HAL_Driver/Src/stm32f1xx_hal_tim.o
                0x080021bc                HAL_TIM_IRQHandler
 .text.HAL_TIM_ConfigClockSource
                0x0800239c      0x18e ./Drivers/STM32F1xx_HAL_Driver/Src/stm32f1xx_hal_tim.o
                0x0800239c                HAL_TIM_ConfigClockSource
 .text.HAL_TIM_OC_DelayElapsedCallback
                0x0800252a       0x12 ./Drivers/STM32F1xx_HAL_Driver/Src/stm32f1xx_hal_tim.o
                0x0800252a                HAL_TIM_OC_DelayElapsedCallback
 .text.HAL_TIM_IC_CaptureCallback
                0x0800253c       0x12 ./Drivers/STM32F1xx_HAL_Driver/Src/stm32f1xx_hal_tim.o
                0x0800253c                HAL_TIM_IC_CaptureCallback
 .text.HAL_TIM_PWM_PulseFinishedCallback
                0x0800254e       0x12 ./Drivers/STM32F1xx_HAL_Driver/Src/stm32f1xx_hal_tim.o
                0x0800254e                HAL_TIM_PWM_PulseFinishedCallback
 .text.HAL_TIM_TriggerCallback
                0x08002560       0x12 ./Drivers/STM32F1xx_HAL_Driver/Src/stm32f1xx_hal_tim.o
                0x08002560                HAL_TIM_TriggerCallback
 *fill*         0x08002572        0x2 
 .text.TIM_Base_SetConfig
                0x08002574       0xdc ./Drivers/STM32F1xx_HAL_Driver/Src/stm32f1xx_hal_tim.o
                0x08002574                TIM_Base_SetConfig
 .text.TIM_TI1_ConfigInputStage
                0x08002650       0x5c ./Drivers/STM32F1xx_HAL_Driver/Src/stm32f1xx_hal_tim.o
 .text.TIM_TI2_ConfigInputStage
                0x080026ac       0x5e ./Drivers/STM32F1xx_HAL_Driver/Src/stm32f1xx_hal_tim.o
 .text.TIM_ITRx_SetConfig
                0x0800270a       0x34 ./Drivers/STM32F1xx_HAL_Driver/Src/stm32f1xx_hal_tim.o
 .text.TIM_ETR_SetConfig
                0x0800273e       0x3e ./Drivers/STM32F1xx_HAL_Driver/Src/stm32f1xx_hal_tim.o
                0x0800273e                TIM_ETR_SetConfig
 .text.HAL_TIMEx_MasterConfigSynchronization
                0x0800277c       0xbc ./Drivers/STM32F1xx_HAL_Driver/Src/stm32f1xx_hal_tim_ex.o
                0x0800277c                HAL_TIMEx_MasterConfigSynchronization
 .text.HAL_TIMEx_CommutCallback
                0x08002838       0x12 ./Drivers/STM32F1xx_HAL_Driver/Src/stm32f1xx_hal_tim_ex.o
                0x08002838                HAL_TIMEx_CommutCallback
 .text.HAL_TIMEx_BreakCallback
                0x0800284a       0x12 ./Drivers/STM32F1xx_HAL_Driver/Src/stm32f1xx_hal_tim_ex.o
                0x0800284a                HAL_TIMEx_BreakCallback
 .text.HAL_UART_Init
                0x0800285c       0xa0 ./Drivers/STM32F1xx_HAL_Driver/Src/stm32f1xx_hal_uart.o
                0x0800285c                HAL_UART_Init
 .text.HAL_UART_Transmit_IT
                0x080028fc       0x6a ./Drivers/STM32F1xx_HAL_Driver/Src/stm32f1xx_hal_uart.o
                0x080028fc                HAL_UART_Transmit_IT
 .text.HAL_UART_Receive_IT
                0x08002966       0x4a ./Drivers/STM32F1xx_HAL_Driver/Src/stm32f1xx_hal_uart.o
                0x08002966                HAL_UART_Receive_IT
 .text.HAL_UART_AbortTransmit_IT
                0x080029b0       0xe8 ./Drivers/STM32F1xx_HAL_Driver/Src/stm32f1xx_hal_uart.o
                0x080029b0                HAL_UART_AbortTransmit_IT
 .text.HAL_UART_AbortReceive_IT
                0x08002a98      0x164 ./Drivers/STM32F1xx_HAL_Driver/Src/stm32f1xx_hal_uart.o
                0x08002a98                HAL_UART_AbortReceive_IT
 .text.HAL_UART_IRQHandler
                0x08002bfc      0x524 ./Drivers/STM32F1xx_HAL_Driver/Src/stm32f1xx_hal_uart.o
                0x08002bfc                HAL_UART_IRQHandler
 .text.HAL_UART_ErrorCallback
                0x08003120       0x12 ./Drivers/STM32F1xx_HAL_Driver/Src/stm32f1xx_hal_uart.o
                0x08003120                HAL_UART_ErrorCallback
 .text.HAL_UART_AbortTransmitCpltCallback
                0x08003132       0x12 ./Drivers/STM32F1xx_HAL_Driver/Src/stm32f1xx_hal_uart.o
                0x08003132                HAL_UART_AbortTransmitCpltCallback
 .text.HAL_UART_AbortReceiveCpltCallback
                0x08003144       0x12 ./Drivers/STM32F1xx_HAL_Driver/Src/stm32f1xx_hal_uart.o
                0x08003144                HAL_UART_AbortReceiveCpltCallback
 .text.HAL_UARTEx_RxEventCallback
                0x08003156       0x16 ./Drivers/STM32F1xx_HAL_Driver/Src/stm32f1xx_hal_uart.o
                0x08003156                HAL_UARTEx_RxEventCallback
 .text.UART_Start_Receive_IT
                0x0800316c       0x72 ./Drivers/STM32F1xx_HAL_Driver/Src/stm32f1xx_hal_uart.o
                0x0800316c                UART_Start_Receive_IT
 .text.UART_EndRxTransfer
                0x080031de       0xc4 ./Drivers/STM32F1xx_HAL_Driver/Src/stm32f1xx_hal_uart.o
 .text.UART_DMAAbortOnError
                0x080032a2       0x28 ./Drivers/STM32F1xx_HAL_Driver/Src/stm32f1xx_hal_uart.o
 .text.UART_DMATxOnlyAbortCallback
                0x080032ca       0x2a ./Drivers/STM32F1xx_HAL_Driver/Src/stm32f1xx_hal_uart.o
 .text.UART_DMARxOnlyAbortCallback
                0x080032f4       0x30 ./Drivers/STM32F1xx_HAL_Driver/Src/stm32f1xx_hal_uart.o
 .text.UART_Transmit_IT
                0x08003324       0x9e ./Drivers/STM32F1xx_HAL_Driver/Src/stm32f1xx_hal_uart.o
 .text.UART_EndTransmit_IT
                0x080033c2       0x30 ./Drivers/STM32F1xx_HAL_Driver/Src/stm32f1xx_hal_uart.o
 .text.UART_Receive_IT
                0x080033f2      0x17c ./Drivers/STM32F1xx_HAL_Driver/Src/stm32f1xx_hal_uart.o
 *fill*         0x0800356e        0x2 
 .text.UART_SetConfig
                0x08003570      0x11c ./Drivers/STM32F1xx_HAL_Driver/Src/stm32f1xx_hal_uart.o
 .text.eMBFuncReadCoils
                0x0800368c       0xfa ./Modules/modbus/functions/mbfunccoils.o
                0x0800368c                eMBFuncReadCoils
 .text.eMBFuncWriteCoil
                0x08003786       0xa4 ./Modules/modbus/functions/mbfunccoils.o
                0x08003786                eMBFuncWriteCoil
 .text.eMBFuncWriteMultipleCoils
                0x0800382a       0xca ./Modules/modbus/functions/mbfunccoils.o
                0x0800382a                eMBFuncWriteMultipleCoils
 .text.eMBFuncReadDiscreteInputs
                0x080038f4       0xfa ./Modules/modbus/functions/mbfuncdisc.o
                0x080038f4                eMBFuncReadDiscreteInputs
 .text.eMBFuncWriteHoldingRegister
                0x080039ee       0x68 ./Modules/modbus/functions/mbfuncholding.o
                0x080039ee                eMBFuncWriteHoldingRegister
 .text.eMBFuncWriteMultipleHoldingRegister
                0x08003a56       0xae ./Modules/modbus/functions/mbfuncholding.o
                0x08003a56                eMBFuncWriteMultipleHoldingRegister
 .text.eMBFuncReadHoldingRegister
                0x08003b04       0xda ./Modules/modbus/functions/mbfuncholding.o
                0x08003b04                eMBFuncReadHoldingRegister
 .text.eMBFuncReadWriteMultipleHoldingRegister
                0x08003bde      0x14c ./Modules/modbus/functions/mbfuncholding.o
                0x08003bde                eMBFuncReadWriteMultipleHoldingRegister
 .text.eMBFuncReadInputRegister
                0x08003d2a       0xe0 ./Modules/modbus/functions/mbfuncinput.o
                0x08003d2a                eMBFuncReadInputRegister
 *fill*         0x08003e0a        0x2 
 .text.eMBFuncReportSlaveID
                0x08003e0c       0x38 ./Modules/modbus/functions/mbfuncother.o
                0x08003e0c                eMBFuncReportSlaveID
 .text.prveMBError2Exception
                0x08003e44       0x42 ./Modules/modbus/functions/mbutils.o
                0x08003e44                prveMBError2Exception
 *fill*         0x08003e86        0x2 
 .text.eMBInit  0x08003e88       0xf8 ./Modules/modbus/mb.o
                0x08003e88                eMBInit
 .text.eMBEnable
                0x08003f80       0x38 ./Modules/modbus/mb.o
                0x08003f80                eMBEnable
 .text.eMBPoll  0x08003fb8      0x174 ./Modules/modbus/mb.o
                0x08003fb8                eMBPoll
 .text.EnterCriticalSection
                0x0800412c       0x20 ./Modules/modbus/port/mt_port.o
                0x0800412c                EnterCriticalSection
 .text.ExitCriticalSection
                0x0800414c       0x28 ./Modules/modbus/port/mt_port.o
                0x0800414c                ExitCriticalSection
 .text.MT_PORT_SetTimerModule
                0x08004174       0x1c ./Modules/modbus/port/mt_port.o
                0x08004174                MT_PORT_SetTimerModule
 .text.MT_PORT_SetUartModule
                0x08004190       0x1c ./Modules/modbus/port/mt_port.o
                0x08004190                MT_PORT_SetUartModule
 .text.xMBPortEventInit
                0x080041ac       0x18 ./Modules/modbus/port/portevent.o
                0x080041ac                xMBPortEventInit
 .text.xMBPortEventPost
                0x080041c4       0x2c ./Modules/modbus/port/portevent.o
                0x080041c4                xMBPortEventPost
 .text.xMBPortEventGet
                0x080041f0       0x3c ./Modules/modbus/port/portevent.o
                0x080041f0                xMBPortEventGet
 .text.intToStr
                0x0800422c       0xd8 ./Modules/modbus/port/portserial.o
                0x0800422c                intToStr
 .text.uart_send_char
                0x08004304       0x38 ./Modules/modbus/port/portserial.o
                0x08004304                uart_send_char
 .text.uart_send_string
                0x0800433c       0x30 ./Modules/modbus/port/portserial.o
                0x0800433c                uart_send_string
 .text.tjc_send_txt
                0x0800436c       0x50 ./Modules/modbus/port/portserial.o
                0x0800436c                tjc_send_txt
 .text.tjc_send_val
                0x080043bc       0x60 ./Modules/modbus/port/portserial.o
                0x080043bc                tjc_send_val
 .text.vMBPortSerialEnable
                0x0800441c       0x64 ./Modules/modbus/port/portserial.o
                0x0800441c                vMBPortSerialEnable
 .text.xMBPortSerialInit
                0x08004480       0x24 ./Modules/modbus/port/portserial.o
                0x08004480                xMBPortSerialInit
 .text.xMBPortSerialPutByte
                0x080044a4       0x30 ./Modules/modbus/port/portserial.o
                0x080044a4                xMBPortSerialPutByte
 .text.xMBPortSerialGetByte
                0x080044d4       0x30 ./Modules/modbus/port/portserial.o
                0x080044d4                xMBPortSerialGetByte
 .text.prvvUARTTxReadyISR
                0x08004504       0x14 ./Modules/modbus/port/portserial.o
 .text.prvvUARTRxISR
                0x08004518       0x14 ./Modules/modbus/port/portserial.o
 .text.initRingBuffer
                0x0800452c       0x24 ./Modules/modbus/port/portserial.o
                0x0800452c                initRingBuffer
 .text.write1ByteToRingBuffer
                0x08004550       0x64 ./Modules/modbus/port/portserial.o
                0x08004550                write1ByteToRingBuffer
 .text.HAL_UART_TxCpltCallback
                0x080045b4       0x28 ./Modules/modbus/port/portserial.o
                0x080045b4                HAL_UART_TxCpltCallback
 .text.HAL_UART_RxCpltCallback
                0x080045dc       0x54 ./Modules/modbus/port/portserial.o
                0x080045dc                HAL_UART_RxCpltCallback
 .text.xMBPortTimersInit
                0x08004630       0x20 ./Modules/modbus/port/porttimer.o
                0x08004630                xMBPortTimersInit
 .text.vMBPortTimersEnable
                0x08004650       0x20 ./Modules/modbus/port/porttimer.o
                0x08004650                vMBPortTimersEnable
 .text.vMBPortTimersDisable
                0x08004670       0x18 ./Modules/modbus/port/porttimer.o
                0x08004670                vMBPortTimersDisable
 .text.prvvTIMERExpiredISR
                0x08004688       0x14 ./Modules/modbus/port/porttimer.o
 .text.HAL_TIM_PeriodElapsedCallback
                0x0800469c       0x48 ./Modules/modbus/port/porttimer.o
                0x0800469c                HAL_TIM_PeriodElapsedCallback
 .text.usMBCRC16
                0x080046e4       0x6c ./Modules/modbus/rtu/mbcrc.o
                0x080046e4                usMBCRC16
 .text.eMBRTUInit
                0x08004750       0x78 ./Modules/modbus/rtu/mbrtu.o
                0x08004750                eMBRTUInit
 .text.eMBRTUStart
                0x080047c8       0x28 ./Modules/modbus/rtu/mbrtu.o
                0x080047c8                eMBRTUStart
 .text.eMBRTUStop
                0x080047f0       0x1c ./Modules/modbus/rtu/mbrtu.o
                0x080047f0                eMBRTUStop
 .text.eMBRTUReceive
                0x0800480c       0x94 ./Modules/modbus/rtu/mbrtu.o
                0x0800480c                eMBRTUReceive
 .text.eMBRTUSend
                0x080048a0       0xc8 ./Modules/modbus/rtu/mbrtu.o
                0x080048a0                eMBRTUSend
 .text.xMBRTUReceiveFSM
                0x08004968       0xd0 ./Modules/modbus/rtu/mbrtu.o
                0x08004968                xMBRTUReceiveFSM
 .text.xMBRTUTransmitFSM
                0x08004a38       0xb0 ./Modules/modbus/rtu/mbrtu.o
                0x08004a38                xMBRTUTransmitFSM
 .text.xMBRTUTimerT35Expired
                0x08004ae8       0x8c ./Modules/modbus/rtu/mbrtu.o
                0x08004ae8                xMBRTUTimerT35Expired
 .text.__assert_func
                0x08004b74       0x3c C:/ST/STM32CubeIDE_1.19.0/STM32CubeIDE/plugins/com.st.stm32cube.ide.mcu.externaltools.gnu-tools-for-stm32.13.3.rel1.win32_1.0.0.202411081344/tools/bin/../lib/gcc/arm-none-eabi/13.3.1/../../../../arm-none-eabi/lib/thumb/v7-m/nofp\libc_nano.a(libc_a-assert.o)
                0x08004b74                __assert_func
 .text.std      0x08004bb0       0x6c C:/ST/STM32CubeIDE_1.19.0/STM32CubeIDE/plugins/com.st.stm32cube.ide.mcu.externaltools.gnu-tools-for-stm32.13.3.rel1.win32_1.0.0.202411081344/tools/bin/../lib/gcc/arm-none-eabi/13.3.1/../../../../arm-none-eabi/lib/thumb/v7-m/nofp\libc_nano.a(libc_a-findfp.o)
 .text.stdio_exit_handler
                0x08004c1c       0x18 C:/ST/STM32CubeIDE_1.19.0/STM32CubeIDE/plugins/com.st.stm32cube.ide.mcu.externaltools.gnu-tools-for-stm32.13.3.rel1.win32_1.0.0.202411081344/tools/bin/../lib/gcc/arm-none-eabi/13.3.1/../../../../arm-none-eabi/lib/thumb/v7-m/nofp\libc_nano.a(libc_a-findfp.o)
 .text.cleanup_stdio
                0x08004c34       0x40 C:/ST/STM32CubeIDE_1.19.0/STM32CubeIDE/plugins/com.st.stm32cube.ide.mcu.externaltools.gnu-tools-for-stm32.13.3.rel1.win32_1.0.0.202411081344/tools/bin/../lib/gcc/arm-none-eabi/13.3.1/../../../../arm-none-eabi/lib/thumb/v7-m/nofp\libc_nano.a(libc_a-findfp.o)
 .text.global_stdio_init.part.0
                0x08004c74       0x3c C:/ST/STM32CubeIDE_1.19.0/STM32CubeIDE/plugins/com.st.stm32cube.ide.mcu.externaltools.gnu-tools-for-stm32.13.3.rel1.win32_1.0.0.202411081344/tools/bin/../lib/gcc/arm-none-eabi/13.3.1/../../../../arm-none-eabi/lib/thumb/v7-m/nofp\libc_nano.a(libc_a-findfp.o)
 .text.__sfp_lock_acquire
                0x08004cb0        0xc C:/ST/STM32CubeIDE_1.19.0/STM32CubeIDE/plugins/com.st.stm32cube.ide.mcu.externaltools.gnu-tools-for-stm32.13.3.rel1.win32_1.0.0.202411081344/tools/bin/../lib/gcc/arm-none-eabi/13.3.1/../../../../arm-none-eabi/lib/thumb/v7-m/nofp\libc_nano.a(libc_a-findfp.o)
                0x08004cb0                __sfp_lock_acquire
 .text.__sfp_lock_release
                0x08004cbc        0xc C:/ST/STM32CubeIDE_1.19.0/STM32CubeIDE/plugins/com.st.stm32cube.ide.mcu.externaltools.gnu-tools-for-stm32.13.3.rel1.win32_1.0.0.202411081344/tools/bin/../lib/gcc/arm-none-eabi/13.3.1/../../../../arm-none-eabi/lib/thumb/v7-m/nofp\libc_nano.a(libc_a-findfp.o)
                0x08004cbc                __sfp_lock_release
 .text.__sinit  0x08004cc8       0x30 C:/ST/STM32CubeIDE_1.19.0/STM32CubeIDE/plugins/com.st.stm32cube.ide.mcu.externaltools.gnu-tools-for-stm32.13.3.rel1.win32_1.0.0.202411081344/tools/bin/../lib/gcc/arm-none-eabi/13.3.1/../../../../arm-none-eabi/lib/thumb/v7-m/nofp\libc_nano.a(libc_a-findfp.o)
                0x08004cc8                __sinit
 .text.fprintf  0x08004cf8       0x24 C:/ST/STM32CubeIDE_1.19.0/STM32CubeIDE/plugins/com.st.stm32cube.ide.mcu.externaltools.gnu-tools-for-stm32.13.3.rel1.win32_1.0.0.202411081344/tools/bin/../lib/gcc/arm-none-eabi/13.3.1/../../../../arm-none-eabi/lib/thumb/v7-m/nofp\libc_nano.a(libc_a-fprintf.o)
                0x08004cf8                fiprintf
                0x08004cf8                fprintf
 .text._fwalk_sglue
                0x08004d1c       0x3c C:/ST/STM32CubeIDE_1.19.0/STM32CubeIDE/plugins/com.st.stm32cube.ide.mcu.externaltools.gnu-tools-for-stm32.13.3.rel1.win32_1.0.0.202411081344/tools/bin/../lib/gcc/arm-none-eabi/13.3.1/../../../../arm-none-eabi/lib/thumb/v7-m/nofp\libc_nano.a(libc_a-fwalk.o)
                0x08004d1c                _fwalk_sglue
 .text.__sread  0x08004d58       0x22 C:/ST/STM32CubeIDE_1.19.0/STM32CubeIDE/plugins/com.st.stm32cube.ide.mcu.externaltools.gnu-tools-for-stm32.13.3.rel1.win32_1.0.0.202411081344/tools/bin/../lib/gcc/arm-none-eabi/13.3.1/../../../../arm-none-eabi/lib/thumb/v7-m/nofp\libc_nano.a(libc_a-stdio.o)
                0x08004d58                __sread
 .text.__swrite
                0x08004d7a       0x38 C:/ST/STM32CubeIDE_1.19.0/STM32CubeIDE/plugins/com.st.stm32cube.ide.mcu.externaltools.gnu-tools-for-stm32.13.3.rel1.win32_1.0.0.202411081344/tools/bin/../lib/gcc/arm-none-eabi/13.3.1/../../../../arm-none-eabi/lib/thumb/v7-m/nofp\libc_nano.a(libc_a-stdio.o)
                0x08004d7a                __swrite
 .text.__sseek  0x08004db2       0x24 C:/ST/STM32CubeIDE_1.19.0/STM32CubeIDE/plugins/com.st.stm32cube.ide.mcu.externaltools.gnu-tools-for-stm32.13.3.rel1.win32_1.0.0.202411081344/tools/bin/../lib/gcc/arm-none-eabi/13.3.1/../../../../arm-none-eabi/lib/thumb/v7-m/nofp\libc_nano.a(libc_a-stdio.o)
                0x08004db2                __sseek
 .text.__sclose
                0x08004dd6        0x8 C:/ST/STM32CubeIDE_1.19.0/STM32CubeIDE/plugins/com.st.stm32cube.ide.mcu.externaltools.gnu-tools-for-stm32.13.3.rel1.win32_1.0.0.202411081344/tools/bin/../lib/gcc/arm-none-eabi/13.3.1/../../../../arm-none-eabi/lib/thumb/v7-m/nofp\libc_nano.a(libc_a-stdio.o)
                0x08004dd6                __sclose
 .text.memset   0x08004dde       0x10 C:/ST/STM32CubeIDE_1.19.0/STM32CubeIDE/plugins/com.st.stm32cube.ide.mcu.externaltools.gnu-tools-for-stm32.13.3.rel1.win32_1.0.0.202411081344/tools/bin/../lib/gcc/arm-none-eabi/13.3.1/../../../../arm-none-eabi/lib/thumb/v7-m/nofp\libc_nano.a(libc_a-memset.o)
                0x08004dde                memset
 *fill*         0x08004dee        0x2 
 .text._close_r
                0x08004df0       0x20 C:/ST/STM32CubeIDE_1.19.0/STM32CubeIDE/plugins/com.st.stm32cube.ide.mcu.externaltools.gnu-tools-for-stm32.13.3.rel1.win32_1.0.0.202411081344/tools/bin/../lib/gcc/arm-none-eabi/13.3.1/../../../../arm-none-eabi/lib/thumb/v7-m/nofp\libc_nano.a(libc_a-closer.o)
                0x08004df0                _close_r
 .text._lseek_r
                0x08004e10       0x24 C:/ST/STM32CubeIDE_1.19.0/STM32CubeIDE/plugins/com.st.stm32cube.ide.mcu.externaltools.gnu-tools-for-stm32.13.3.rel1.win32_1.0.0.202411081344/tools/bin/../lib/gcc/arm-none-eabi/13.3.1/../../../../arm-none-eabi/lib/thumb/v7-m/nofp\libc_nano.a(libc_a-lseekr.o)
                0x08004e10                _lseek_r
 .text._read_r  0x08004e34       0x24 C:/ST/STM32CubeIDE_1.19.0/STM32CubeIDE/plugins/com.st.stm32cube.ide.mcu.externaltools.gnu-tools-for-stm32.13.3.rel1.win32_1.0.0.202411081344/tools/bin/../lib/gcc/arm-none-eabi/13.3.1/../../../../arm-none-eabi/lib/thumb/v7-m/nofp\libc_nano.a(libc_a-readr.o)
                0x08004e34                _read_r
 .text._write_r
                0x08004e58       0x24 C:/ST/STM32CubeIDE_1.19.0/STM32CubeIDE/plugins/com.st.stm32cube.ide.mcu.externaltools.gnu-tools-for-stm32.13.3.rel1.win32_1.0.0.202411081344/tools/bin/../lib/gcc/arm-none-eabi/13.3.1/../../../../arm-none-eabi/lib/thumb/v7-m/nofp\libc_nano.a(libc_a-writer.o)
                0x08004e58                _write_r
 .text.__errno  0x08004e7c        0xc C:/ST/STM32CubeIDE_1.19.0/STM32CubeIDE/plugins/com.st.stm32cube.ide.mcu.externaltools.gnu-tools-for-stm32.13.3.rel1.win32_1.0.0.202411081344/tools/bin/../lib/gcc/arm-none-eabi/13.3.1/../../../../arm-none-eabi/lib/thumb/v7-m/nofp\libc_nano.a(libc_a-errno.o)
                0x08004e7c                __errno
 .text.__libc_init_array
                0x08004e88       0x48 C:/ST/STM32CubeIDE_1.19.0/STM32CubeIDE/plugins/com.st.stm32cube.ide.mcu.externaltools.gnu-tools-for-stm32.13.3.rel1.win32_1.0.0.202411081344/tools/bin/../lib/gcc/arm-none-eabi/13.3.1/../../../../arm-none-eabi/lib/thumb/v7-m/nofp\libc_nano.a(libc_a-init.o)
                0x08004e88                __libc_init_array
 .text.__retarget_lock_init_recursive
                0x08004ed0        0x2 C:/ST/STM32CubeIDE_1.19.0/STM32CubeIDE/plugins/com.st.stm32cube.ide.mcu.externaltools.gnu-tools-for-stm32.13.3.rel1.win32_1.0.0.202411081344/tools/bin/../lib/gcc/arm-none-eabi/13.3.1/../../../../arm-none-eabi/lib/thumb/v7-m/nofp\libc_nano.a(libc_a-lock.o)
                0x08004ed0                __retarget_lock_init_recursive
 .text.__retarget_lock_acquire_recursive
                0x08004ed2        0x2 C:/ST/STM32CubeIDE_1.19.0/STM32CubeIDE/plugins/com.st.stm32cube.ide.mcu.externaltools.gnu-tools-for-stm32.13.3.rel1.win32_1.0.0.202411081344/tools/bin/../lib/gcc/arm-none-eabi/13.3.1/../../../../arm-none-eabi/lib/thumb/v7-m/nofp\libc_nano.a(libc_a-lock.o)
                0x08004ed2                __retarget_lock_acquire_recursive
 .text.__retarget_lock_release_recursive
                0x08004ed4        0x2 C:/ST/STM32CubeIDE_1.19.0/STM32CubeIDE/plugins/com.st.stm32cube.ide.mcu.externaltools.gnu-tools-for-stm32.13.3.rel1.win32_1.0.0.202411081344/tools/bin/../lib/gcc/arm-none-eabi/13.3.1/../../../../arm-none-eabi/lib/thumb/v7-m/nofp\libc_nano.a(libc_a-lock.o)
                0x08004ed4                __retarget_lock_release_recursive
 .text.memcpy   0x08004ed6       0x1c C:/ST/STM32CubeIDE_1.19.0/STM32CubeIDE/plugins/com.st.stm32cube.ide.mcu.externaltools.gnu-tools-for-stm32.13.3.rel1.win32_1.0.0.202411081344/tools/bin/../lib/gcc/arm-none-eabi/13.3.1/../../../../arm-none-eabi/lib/thumb/v7-m/nofp\libc_nano.a(libc_a-memcpy-stub.o)
                0x08004ed6                memcpy
 .text.abort    0x08004ef2        0xe C:/ST/STM32CubeIDE_1.19.0/STM32CubeIDE/plugins/com.st.stm32cube.ide.mcu.externaltools.gnu-tools-for-stm32.13.3.rel1.win32_1.0.0.202411081344/tools/bin/../lib/gcc/arm-none-eabi/13.3.1/../../../../arm-none-eabi/lib/thumb/v7-m/nofp\libc_nano.a(libc_a-abort.o)
                0x08004ef2                abort
 .text._free_r  0x08004f00       0x90 C:/ST/STM32CubeIDE_1.19.0/STM32CubeIDE/plugins/com.st.stm32cube.ide.mcu.externaltools.gnu-tools-for-stm32.13.3.rel1.win32_1.0.0.202411081344/tools/bin/../lib/gcc/arm-none-eabi/13.3.1/../../../../arm-none-eabi/lib/thumb/v7-m/nofp\libc_nano.a(libc_a-freer.o)
                0x08004f00                _free_r
 .text.sbrk_aligned
                0x08004f90       0x44 C:/ST/STM32CubeIDE_1.19.0/STM32CubeIDE/plugins/com.st.stm32cube.ide.mcu.externaltools.gnu-tools-for-stm32.13.3.rel1.win32_1.0.0.202411081344/tools/bin/../lib/gcc/arm-none-eabi/13.3.1/../../../../arm-none-eabi/lib/thumb/v7-m/nofp\libc_nano.a(libc_a-mallocr.o)
 .text._malloc_r
                0x08004fd4      0x100 C:/ST/STM32CubeIDE_1.19.0/STM32CubeIDE/plugins/com.st.stm32cube.ide.mcu.externaltools.gnu-tools-for-stm32.13.3.rel1.win32_1.0.0.202411081344/tools/bin/../lib/gcc/arm-none-eabi/13.3.1/../../../../arm-none-eabi/lib/thumb/v7-m/nofp\libc_nano.a(libc_a-mallocr.o)
                0x08004fd4                _malloc_r
 .text.__malloc_lock
                0x080050d4        0xc C:/ST/STM32CubeIDE_1.19.0/STM32CubeIDE/plugins/com.st.stm32cube.ide.mcu.externaltools.gnu-tools-for-stm32.13.3.rel1.win32_1.0.0.202411081344/tools/bin/../lib/gcc/arm-none-eabi/13.3.1/../../../../arm-none-eabi/lib/thumb/v7-m/nofp\libc_nano.a(libc_a-mlock.o)
                0x080050d4                __malloc_lock
 .text.__malloc_unlock
                0x080050e0        0xc C:/ST/STM32CubeIDE_1.19.0/STM32CubeIDE/plugins/com.st.stm32cube.ide.mcu.externaltools.gnu-tools-for-stm32.13.3.rel1.win32_1.0.0.202411081344/tools/bin/../lib/gcc/arm-none-eabi/13.3.1/../../../../arm-none-eabi/lib/thumb/v7-m/nofp\libc_nano.a(libc_a-mlock.o)
                0x080050e0                __malloc_unlock
 .text.__sfputc_r
                0x080050ec       0x2a C:/ST/STM32CubeIDE_1.19.0/STM32CubeIDE/plugins/com.st.stm32cube.ide.mcu.externaltools.gnu-tools-for-stm32.13.3.rel1.win32_1.0.0.202411081344/tools/bin/../lib/gcc/arm-none-eabi/13.3.1/../../../../arm-none-eabi/lib/thumb/v7-m/nofp\libc_nano.a(libc_a-nano-vfprintf.o)
 .text.__sfputs_r
                0x08005116       0x24 C:/ST/STM32CubeIDE_1.19.0/STM32CubeIDE/plugins/com.st.stm32cube.ide.mcu.externaltools.gnu-tools-for-stm32.13.3.rel1.win32_1.0.0.202411081344/tools/bin/../lib/gcc/arm-none-eabi/13.3.1/../../../../arm-none-eabi/lib/thumb/v7-m/nofp\libc_nano.a(libc_a-nano-vfprintf.o)
                0x08005116                __sfputs_r
 *fill*         0x0800513a        0x2 
 .text._vfprintf_r
                0x0800513c      0x230 C:/ST/STM32CubeIDE_1.19.0/STM32CubeIDE/plugins/com.st.stm32cube.ide.mcu.externaltools.gnu-tools-for-stm32.13.3.rel1.win32_1.0.0.202411081344/tools/bin/../lib/gcc/arm-none-eabi/13.3.1/../../../../arm-none-eabi/lib/thumb/v7-m/nofp\libc_nano.a(libc_a-nano-vfprintf.o)
                0x0800513c                _vfprintf_r
                0x0800513c                _vfiprintf_r
 .text._printf_common
                0x0800536c       0xe4 C:/ST/STM32CubeIDE_1.19.0/STM32CubeIDE/plugins/com.st.stm32cube.ide.mcu.externaltools.gnu-tools-for-stm32.13.3.rel1.win32_1.0.0.202411081344/tools/bin/../lib/gcc/arm-none-eabi/13.3.1/../../../../arm-none-eabi/lib/thumb/v7-m/nofp\libc_nano.a(libc_a-nano-vfprintf_i.o)
                0x0800536c                _printf_common
 .text._printf_i
                0x08005450      0x23c C:/ST/STM32CubeIDE_1.19.0/STM32CubeIDE/plugins/com.st.stm32cube.ide.mcu.externaltools.gnu-tools-for-stm32.13.3.rel1.win32_1.0.0.202411081344/tools/bin/../lib/gcc/arm-none-eabi/13.3.1/../../../../arm-none-eabi/lib/thumb/v7-m/nofp\libc_nano.a(libc_a-nano-vfprintf_i.o)
                0x08005450                _printf_i
 .text.__sflush_r
                0x0800568c      0x100 C:/ST/STM32CubeIDE_1.19.0/STM32CubeIDE/plugins/com.st.stm32cube.ide.mcu.externaltools.gnu-tools-for-stm32.13.3.rel1.win32_1.0.0.202411081344/tools/bin/../lib/gcc/arm-none-eabi/13.3.1/../../../../arm-none-eabi/lib/thumb/v7-m/nofp\libc_nano.a(libc_a-fflush.o)
                0x0800568c                __sflush_r
 .text._fflush_r
                0x0800578c       0x50 C:/ST/STM32CubeIDE_1.19.0/STM32CubeIDE/plugins/com.st.stm32cube.ide.mcu.externaltools.gnu-tools-for-stm32.13.3.rel1.win32_1.0.0.202411081344/tools/bin/../lib/gcc/arm-none-eabi/13.3.1/../../../../arm-none-eabi/lib/thumb/v7-m/nofp\libc_nano.a(libc_a-fflush.o)
                0x0800578c                _fflush_r
 .text.__swbuf_r
                0x080057dc       0x7c C:/ST/STM32CubeIDE_1.19.0/STM32CubeIDE/plugins/com.st.stm32cube.ide.mcu.externaltools.gnu-tools-for-stm32.13.3.rel1.win32_1.0.0.202411081344/tools/bin/../lib/gcc/arm-none-eabi/13.3.1/../../../../arm-none-eabi/lib/thumb/v7-m/nofp\libc_nano.a(libc_a-wbuf.o)
                0x080057dc                __swbuf_r
 .text.__swsetup_r
                0x08005858       0xac C:/ST/STM32CubeIDE_1.19.0/STM32CubeIDE/plugins/com.st.stm32cube.ide.mcu.externaltools.gnu-tools-for-stm32.13.3.rel1.win32_1.0.0.202411081344/tools/bin/../lib/gcc/arm-none-eabi/13.3.1/../../../../arm-none-eabi/lib/thumb/v7-m/nofp\libc_nano.a(libc_a-wsetup.o)
                0x08005858                __swsetup_r
 .text._raise_r
                0x08005904       0x50 C:/ST/STM32CubeIDE_1.19.0/STM32CubeIDE/plugins/com.st.stm32cube.ide.mcu.externaltools.gnu-tools-for-stm32.13.3.rel1.win32_1.0.0.202411081344/tools/bin/../lib/gcc/arm-none-eabi/13.3.1/../../../../arm-none-eabi/lib/thumb/v7-m/nofp\libc_nano.a(libc_a-signal.o)
                0x08005904                _raise_r
 .text.raise    0x08005954       0x10 C:/ST/STM32CubeIDE_1.19.0/STM32CubeIDE/plugins/com.st.stm32cube.ide.mcu.externaltools.gnu-tools-for-stm32.13.3.rel1.win32_1.0.0.202411081344/tools/bin/../lib/gcc/arm-none-eabi/13.3.1/../../../../arm-none-eabi/lib/thumb/v7-m/nofp\libc_nano.a(libc_a-signal.o)
                0x08005954                raise
 .text._kill_r  0x08005964       0x24 C:/ST/STM32CubeIDE_1.19.0/STM32CubeIDE/plugins/com.st.stm32cube.ide.mcu.externaltools.gnu-tools-for-stm32.13.3.rel1.win32_1.0.0.202411081344/tools/bin/../lib/gcc/arm-none-eabi/13.3.1/../../../../arm-none-eabi/lib/thumb/v7-m/nofp\libc_nano.a(libc_a-signalr.o)
                0x08005964                _kill_r
 .text._getpid_r
                0x08005988        0x4 C:/ST/STM32CubeIDE_1.19.0/STM32CubeIDE/plugins/com.st.stm32cube.ide.mcu.externaltools.gnu-tools-for-stm32.13.3.rel1.win32_1.0.0.202411081344/tools/bin/../lib/gcc/arm-none-eabi/13.3.1/../../../../arm-none-eabi/lib/thumb/v7-m/nofp\libc_nano.a(libc_a-signalr.o)
                0x08005988                _getpid_r
 .text._sbrk_r  0x0800598c       0x20 C:/ST/STM32CubeIDE_1.19.0/STM32CubeIDE/plugins/com.st.stm32cube.ide.mcu.externaltools.gnu-tools-for-stm32.13.3.rel1.win32_1.0.0.202411081344/tools/bin/../lib/gcc/arm-none-eabi/13.3.1/../../../../arm-none-eabi/lib/thumb/v7-m/nofp\libc_nano.a(libc_a-sbrkr.o)
                0x0800598c                _sbrk_r
 .text.memchr   0x080059ac       0x1c C:/ST/STM32CubeIDE_1.19.0/STM32CubeIDE/plugins/com.st.stm32cube.ide.mcu.externaltools.gnu-tools-for-stm32.13.3.rel1.win32_1.0.0.202411081344/tools/bin/../lib/gcc/arm-none-eabi/13.3.1/../../../../arm-none-eabi/lib/thumb/v7-m/nofp\libc_nano.a(libc_a-memchr-stub.o)
                0x080059ac                memchr
 .text.__swhatbuf_r
                0x080059c8       0x4a C:/ST/STM32CubeIDE_1.19.0/STM32CubeIDE/plugins/com.st.stm32cube.ide.mcu.externaltools.gnu-tools-for-stm32.13.3.rel1.win32_1.0.0.202411081344/tools/bin/../lib/gcc/arm-none-eabi/13.3.1/../../../../arm-none-eabi/lib/thumb/v7-m/nofp\libc_nano.a(libc_a-makebuf.o)
                0x080059c8                __swhatbuf_r
 .text.__smakebuf_r
                0x08005a12       0x78 C:/ST/STM32CubeIDE_1.19.0/STM32CubeIDE/plugins/com.st.stm32cube.ide.mcu.externaltools.gnu-tools-for-stm32.13.3.rel1.win32_1.0.0.202411081344/tools/bin/../lib/gcc/arm-none-eabi/13.3.1/../../../../arm-none-eabi/lib/thumb/v7-m/nofp\libc_nano.a(libc_a-makebuf.o)
                0x08005a12                __smakebuf_r
 *fill*         0x08005a8a        0x2 
 .text._fstat_r
                0x08005a8c       0x24 C:/ST/STM32CubeIDE_1.19.0/STM32CubeIDE/plugins/com.st.stm32cube.ide.mcu.externaltools.gnu-tools-for-stm32.13.3.rel1.win32_1.0.0.202411081344/tools/bin/../lib/gcc/arm-none-eabi/13.3.1/../../../../arm-none-eabi/lib/thumb/v7-m/nofp\libc_nano.a(libc_a-fstatr.o)
                0x08005a8c                _fstat_r
 .text._isatty_r
                0x08005ab0       0x20 C:/ST/STM32CubeIDE_1.19.0/STM32CubeIDE/plugins/com.st.stm32cube.ide.mcu.externaltools.gnu-tools-for-stm32.13.3.rel1.win32_1.0.0.202411081344/tools/bin/../lib/gcc/arm-none-eabi/13.3.1/../../../../arm-none-eabi/lib/thumb/v7-m/nofp\libc_nano.a(libc_a-isattyr.o)
                0x08005ab0                _isatty_r
 *(.glue_7)
 .glue_7        0x08005ad0        0x0 linker stubs
 *(.glue_7t)
 .glue_7t       0x08005ad0        0x0 linker stubs
 *(.eh_frame)
 .eh_frame      0x08005ad0        0x0 C:/ST/STM32CubeIDE_1.19.0/STM32CubeIDE/plugins/com.st.stm32cube.ide.mcu.externaltools.gnu-tools-for-stm32.13.3.rel1.win32_1.0.0.202411081344/tools/bin/../lib/gcc/arm-none-eabi/13.3.1/thumb/v7-m/nofp/crtbegin.o
 *(.init)
 .init          0x08005ad0        0x4 C:/ST/STM32CubeIDE_1.19.0/STM32CubeIDE/plugins/com.st.stm32cube.ide.mcu.externaltools.gnu-tools-for-stm32.13.3.rel1.win32_1.0.0.202411081344/tools/bin/../lib/gcc/arm-none-eabi/13.3.1/thumb/v7-m/nofp/crti.o
                0x08005ad0                _init
 .init          0x08005ad4        0x8 C:/ST/STM32CubeIDE_1.19.0/STM32CubeIDE/plugins/com.st.stm32cube.ide.mcu.externaltools.gnu-tools-for-stm32.13.3.rel1.win32_1.0.0.202411081344/tools/bin/../lib/gcc/arm-none-eabi/13.3.1/thumb/v7-m/nofp/crtn.o
 *(.fini)
 .fini          0x08005adc        0x4 C:/ST/STM32CubeIDE_1.19.0/STM32CubeIDE/plugins/com.st.stm32cube.ide.mcu.externaltools.gnu-tools-for-stm32.13.3.rel1.win32_1.0.0.202411081344/tools/bin/../lib/gcc/arm-none-eabi/13.3.1/thumb/v7-m/nofp/crti.o
                0x08005adc                _fini
 .fini          0x08005ae0        0x8 C:/ST/STM32CubeIDE_1.19.0/STM32CubeIDE/plugins/com.st.stm32cube.ide.mcu.externaltools.gnu-tools-for-stm32.13.3.rel1.win32_1.0.0.202411081344/tools/bin/../lib/gcc/arm-none-eabi/13.3.1/thumb/v7-m/nofp/crtn.o
                0x08005ae8                        . = ALIGN (0x4)
                0x08005ae8                        _etext = .

.vfp11_veneer   0x08005ae8        0x0
 .vfp11_veneer  0x08005ae8        0x0 linker stubs

.v4_bx          0x08005ae8        0x0
 .v4_bx         0x08005ae8        0x0 linker stubs

.iplt           0x08005ae8        0x0
 .iplt          0x08005ae8        0x0 C:/ST/STM32CubeIDE_1.19.0/STM32CubeIDE/plugins/com.st.stm32cube.ide.mcu.externaltools.gnu-tools-for-stm32.13.3.rel1.win32_1.0.0.202411081344/tools/bin/../lib/gcc/arm-none-eabi/13.3.1/thumb/v7-m/nofp/crtbegin.o

.rodata         0x08005ae8      0x56c
                0x08005ae8                        . = ALIGN (0x4)
 *(.rodata)
 .rodata        0x08005ae8      0x195 ./Core/Src/main.o
 *fill*         0x08005c7d        0x3 
 .rodata        0x08005c80        0x3 ./Modules/modbus/port/portserial.o
 *fill*         0x08005c83        0x1 
 .rodata        0x08005c84       0xe3 ./Modules/modbus/rtu/mbrtu.o
 *(.rodata*)
 *fill*         0x08005d67        0x1 
 .rodata.AHBPrescTable
                0x08005d68       0x10 ./Core/Src/system_stm32f1xx.o
                0x08005d68                AHBPrescTable
 .rodata.APBPrescTable
                0x08005d78        0x8 ./Core/Src/system_stm32f1xx.o
                0x08005d78                APBPrescTable
 .rodata.aPLLMULFactorTable.1
                0x08005d80       0x10 ./Drivers/STM32F1xx_HAL_Driver/Src/stm32f1xx_hal_rcc.o
 .rodata.aPredivFactorTable.0
                0x08005d90        0x2 ./Drivers/STM32F1xx_HAL_Driver/Src/stm32f1xx_hal_rcc.o
 *fill*         0x08005d92        0x2 
 .rodata.aucCRCHi
                0x08005d94      0x100 ./Modules/modbus/rtu/mbcrc.o
 .rodata.aucCRCLo
                0x08005e94      0x100 ./Modules/modbus/rtu/mbcrc.o
 .rodata.__func__.3
                0x08005f94        0xe ./Modules/modbus/rtu/mbrtu.o
 *fill*         0x08005fa2        0x2 
 .rodata.__func__.2
                0x08005fa4       0x11 ./Modules/modbus/rtu/mbrtu.o
 *fill*         0x08005fb5        0x3 
 .rodata.__func__.1
                0x08005fb8       0x12 ./Modules/modbus/rtu/mbrtu.o
 *fill*         0x08005fca        0x2 
 .rodata.__func__.0
                0x08005fcc       0x16 ./Modules/modbus/rtu/mbrtu.o
 .rodata.__assert_func.str1.1
                0x08005fe2       0x6f C:/ST/STM32CubeIDE_1.19.0/STM32CubeIDE/plugins/com.st.stm32cube.ide.mcu.externaltools.gnu-tools-for-stm32.13.3.rel1.win32_1.0.0.202411081344/tools/bin/../lib/gcc/arm-none-eabi/13.3.1/../../../../arm-none-eabi/lib/thumb/v7-m/nofp\libc_nano.a(libc_a-assert.o)
                                 0x3d (size before relaxing)
 .rodata._vfprintf_r.str1.1
                0x08006051       0x11 C:/ST/STM32CubeIDE_1.19.0/STM32CubeIDE/plugins/com.st.stm32cube.ide.mcu.externaltools.gnu-tools-for-stm32.13.3.rel1.win32_1.0.0.202411081344/tools/bin/../lib/gcc/arm-none-eabi/13.3.1/../../../../arm-none-eabi/lib/thumb/v7-m/nofp\libc_nano.a(libc_a-nano-vfprintf.o)
 .rodata._printf_i.str1.1
                0x08006051       0x22 C:/ST/STM32CubeIDE_1.19.0/STM32CubeIDE/plugins/com.st.stm32cube.ide.mcu.externaltools.gnu-tools-for-stm32.13.3.rel1.win32_1.0.0.202411081344/tools/bin/../lib/gcc/arm-none-eabi/13.3.1/../../../../arm-none-eabi/lib/thumb/v7-m/nofp\libc_nano.a(libc_a-nano-vfprintf_i.o)
                0x08006074                        . = ALIGN (0x4)
 *fill*         0x08006051        0x3 

.ARM.extab      0x08006054        0x0
                0x08006054                        . = ALIGN (0x4)
 *(.ARM.extab* .gnu.linkonce.armextab.*)
                0x08006054                        . = ALIGN (0x4)

.ARM            0x08006054        0x0
                0x08006054                        . = ALIGN (0x4)
                0x08006054                        __exidx_start = .
 *(.ARM.exidx*)
                0x08006054                        __exidx_end = .
                0x08006054                        . = ALIGN (0x4)

.preinit_array  0x08006054        0x0
                0x08006054                        . = ALIGN (0x4)
                0x08006054                        PROVIDE (__preinit_array_start = .)
 *(.preinit_array*)
                0x08006054                        PROVIDE (__preinit_array_end = .)
                0x08006054                        . = ALIGN (0x4)

.init_array     0x08006054        0x4
                0x08006054                        . = ALIGN (0x4)
                0x08006054                        PROVIDE (__init_array_start = .)
 *(SORT_BY_NAME(.init_array.*))
 *(.init_array*)
 .init_array    0x08006054        0x4 C:/ST/STM32CubeIDE_1.19.0/STM32CubeIDE/plugins/com.st.stm32cube.ide.mcu.externaltools.gnu-tools-for-stm32.13.3.rel1.win32_1.0.0.202411081344/tools/bin/../lib/gcc/arm-none-eabi/13.3.1/thumb/v7-m/nofp/crtbegin.o
                0x08006058                        PROVIDE (__init_array_end = .)
                0x08006058                        . = ALIGN (0x4)

.fini_array     0x08006058        0x4
                0x08006058                        . = ALIGN (0x4)
                [!provide]                        PROVIDE (__fini_array_start = .)
 *(SORT_BY_NAME(.fini_array.*))
 *(.fini_array*)
 .fini_array    0x08006058        0x4 C:/ST/STM32CubeIDE_1.19.0/STM32CubeIDE/plugins/com.st.stm32cube.ide.mcu.externaltools.gnu-tools-for-stm32.13.3.rel1.win32_1.0.0.202411081344/tools/bin/../lib/gcc/arm-none-eabi/13.3.1/thumb/v7-m/nofp/crtbegin.o
                [!provide]                        PROVIDE (__fini_array_end = .)
                0x0800605c                        . = ALIGN (0x4)
                0x0800605c                        _sidata = LOADADDR (.data)

.rel.dyn        0x0800605c        0x0
 .rel.iplt      0x0800605c        0x0 C:/ST/STM32CubeIDE_1.19.0/STM32CubeIDE/plugins/com.st.stm32cube.ide.mcu.externaltools.gnu-tools-for-stm32.13.3.rel1.win32_1.0.0.202411081344/tools/bin/../lib/gcc/arm-none-eabi/13.3.1/thumb/v7-m/nofp/crtbegin.o

.data           0x20000000       0xec load address 0x0800605c
                0x20000000                        . = ALIGN (0x4)
                0x20000000                        _sdata = .
 *(.data)
 *(.data*)
 .data.usRegInputStart
                0x20000000        0x2 ./Core/Src/main.o
 .data.usRegHoldingStart
                0x20000002        0x2 ./Core/Src/main.o
 .data.SystemCoreClock
                0x20000004        0x4 ./Core/Src/system_stm32f1xx.o
                0x20000004                SystemCoreClock
 .data.uwTickPrio
                0x20000008        0x4 ./Drivers/STM32F1xx_HAL_Driver/Src/stm32f1xx_hal.o
                0x20000008                uwTickPrio
 .data.uwTickFreq
                0x2000000c        0x1 ./Drivers/STM32F1xx_HAL_Driver/Src/stm32f1xx_hal.o
                0x2000000c                uwTickFreq
 .data.eMBState
                0x2000000d        0x1 ./Modules/modbus/mb.o
 *fill*         0x2000000e        0x2 
 .data.xFuncHandlers
                0x20000010       0x80 ./Modules/modbus/mb.o
 .data.__sglue  0x20000090        0xc C:/ST/STM32CubeIDE_1.19.0/STM32CubeIDE/plugins/com.st.stm32cube.ide.mcu.externaltools.gnu-tools-for-stm32.13.3.rel1.win32_1.0.0.202411081344/tools/bin/../lib/gcc/arm-none-eabi/13.3.1/../../../../arm-none-eabi/lib/thumb/v7-m/nofp\libc_nano.a(libc_a-findfp.o)
                0x20000090                __sglue
 .data._impure_ptr
                0x2000009c        0x4 C:/ST/STM32CubeIDE_1.19.0/STM32CubeIDE/plugins/com.st.stm32cube.ide.mcu.externaltools.gnu-tools-for-stm32.13.3.rel1.win32_1.0.0.202411081344/tools/bin/../lib/gcc/arm-none-eabi/13.3.1/../../../../arm-none-eabi/lib/thumb/v7-m/nofp\libc_nano.a(libc_a-impure.o)
                0x2000009c                _impure_ptr
 .data._impure_data
                0x200000a0       0x4c C:/ST/STM32CubeIDE_1.19.0/STM32CubeIDE/plugins/com.st.stm32cube.ide.mcu.externaltools.gnu-tools-for-stm32.13.3.rel1.win32_1.0.0.202411081344/tools/bin/../lib/gcc/arm-none-eabi/13.3.1/../../../../arm-none-eabi/lib/thumb/v7-m/nofp\libc_nano.a(libc_a-impure.o)
                0x200000a0                _impure_data
 *(.RamFunc)
 *(.RamFunc*)
                0x200000ec                        . = ALIGN (0x4)
                0x200000ec                        _edata = .

.igot.plt       0x200000ec        0x0 load address 0x08006148
 .igot.plt      0x200000ec        0x0 C:/ST/STM32CubeIDE_1.19.0/STM32CubeIDE/plugins/com.st.stm32cube.ide.mcu.externaltools.gnu-tools-for-stm32.13.3.rel1.win32_1.0.0.202411081344/tools/bin/../lib/gcc/arm-none-eabi/13.3.1/thumb/v7-m/nofp/crtbegin.o
                0x200000ec                        . = ALIGN (0x4)

.bss            0x200000ec      0x5d8 load address 0x08006148
                0x200000ec                        _sbss = .
                0x200000ec                        __bss_start__ = _sbss
 *(.bss)
 .bss           0x200000ec       0x1c C:/ST/STM32CubeIDE_1.19.0/STM32CubeIDE/plugins/com.st.stm32cube.ide.mcu.externaltools.gnu-tools-for-stm32.13.3.rel1.win32_1.0.0.202411081344/tools/bin/../lib/gcc/arm-none-eabi/13.3.1/thumb/v7-m/nofp/crtbegin.o
 *(.bss*)
 .bss.currentState
                0x20000108        0x1 ./Core/Src/main.o
 *fill*         0x20000109        0x3 
 .bss.htim3     0x2000010c       0x48 ./Core/Src/main.o
                0x2000010c                htim3
 .bss.huart1    0x20000154       0x48 ./Core/Src/main.o
                0x20000154                huart1
 .bss.huart3    0x2000019c       0x48 ./Core/Src/main.o
                0x2000019c                huart3
 .bss.usRegInputBuf
                0x200001e4       0x10 ./Core/Src/main.o
 .bss.usRegHoldingBuf
                0x200001f4        0x8 ./Core/Src/main.o
 .bss.a         0x200001fc        0x4 ./Core/Src/main.o
 .bss.nowtime   0x20000200        0x4 ./Core/Src/main.o
 .bss.__sbrk_heap_end
                0x20000204        0x4 ./Core/Src/sysmem.o
 .bss.uwTick    0x20000208        0x4 ./Drivers/STM32F1xx_HAL_Driver/Src/stm32f1xx_hal.o
                0x20000208                uwTick
 .bss.ucMBSlaveID
                0x2000020c       0x20 ./Modules/modbus/functions/mbfuncother.o
 .bss.usMBSlaveIDLen
                0x2000022c        0x2 ./Modules/modbus/functions/mbfuncother.o
 .bss.ucMBAddress
                0x2000022e        0x1 ./Modules/modbus/mb.o
 .bss.eMBCurrentMode
                0x2000022f        0x1 ./Modules/modbus/mb.o
 .bss.peMBFrameSendCur
                0x20000230        0x4 ./Modules/modbus/mb.o
 .bss.pvMBFrameStartCur
                0x20000234        0x4 ./Modules/modbus/mb.o
 .bss.pvMBFrameStopCur
                0x20000238        0x4 ./Modules/modbus/mb.o
 .bss.peMBFrameReceiveCur
                0x2000023c        0x4 ./Modules/modbus/mb.o
 .bss.pvMBFrameCloseCur
                0x20000240        0x4 ./Modules/modbus/mb.o
 .bss.pxMBFrameCBByteReceived
                0x20000244        0x4 ./Modules/modbus/mb.o
                0x20000244                pxMBFrameCBByteReceived
 .bss.pxMBFrameCBTransmitterEmpty
                0x20000248        0x4 ./Modules/modbus/mb.o
                0x20000248                pxMBFrameCBTransmitterEmpty
 .bss.pxMBPortCBTimerExpired
                0x2000024c        0x4 ./Modules/modbus/mb.o
                0x2000024c                pxMBPortCBTimerExpired
 .bss.ucRcvAddress.4
                0x20000250        0x1 ./Modules/modbus/mb.o
 *fill*         0x20000251        0x3 
 .bss.ucMBFrame.3
                0x20000254        0x4 ./Modules/modbus/mb.o
 .bss.usLength.2
                0x20000258        0x2 ./Modules/modbus/mb.o
 .bss.ucFunctionCode.1
                0x2000025a        0x1 ./Modules/modbus/mb.o
 .bss.eException.0
                0x2000025b        0x1 ./Modules/modbus/mb.o
 .bss.lockCounter
                0x2000025c        0x4 ./Modules/modbus/port/mt_port.o
 .bss.modbusUart
                0x20000260        0x4 ./Modules/modbus/port/mt_port.o
                0x20000260                modbusUart
 .bss.modbusTimer
                0x20000264        0x4 ./Modules/modbus/port/mt_port.o
                0x20000264                modbusTimer
 .bss.eQueuedEvent
                0x20000268        0x1 ./Modules/modbus/port/portevent.o
 .bss.xEventInQueue
                0x20000269        0x1 ./Modules/modbus/port/portevent.o
 .bss.txByte    0x2000026a        0x1 ./Modules/modbus/port/portserial.o
                0x2000026a                txByte
 .bss.rxByte    0x2000026b        0x1 ./Modules/modbus/port/portserial.o
                0x2000026b                rxByte
 .bss.ringBuffer
                0x2000026c      0x1fa ./Modules/modbus/port/portserial.o
                0x2000026c                ringBuffer
 *fill*         0x20000466        0x2 
 .bss.RxBuffer  0x20000468        0x1 ./Modules/modbus/port/portserial.o
                0x20000468                RxBuffer
 *fill*         0x20000469        0x1 
 .bss.timerPeriod
                0x2000046a        0x2 ./Modules/modbus/port/porttimer.o
                0x2000046a                timerPeriod
 .bss.timerCounter
                0x2000046c        0x2 ./Modules/modbus/port/porttimer.o
                0x2000046c                timerCounter
 .bss.eSndState
                0x2000046e        0x1 ./Modules/modbus/rtu/mbrtu.o
 .bss.eRcvState
                0x2000046f        0x1 ./Modules/modbus/rtu/mbrtu.o
 .bss.ucRTUBuf  0x20000470      0x100 ./Modules/modbus/rtu/mbrtu.o
                0x20000470                ucRTUBuf
 .bss.pucSndBufferCur
                0x20000570        0x4 ./Modules/modbus/rtu/mbrtu.o
 .bss.usSndBufferCount
                0x20000574        0x2 ./Modules/modbus/rtu/mbrtu.o
 .bss.usRcvBufferPos
                0x20000576        0x2 ./Modules/modbus/rtu/mbrtu.o
 .bss.__sf      0x20000578      0x138 C:/ST/STM32CubeIDE_1.19.0/STM32CubeIDE/plugins/com.st.stm32cube.ide.mcu.externaltools.gnu-tools-for-stm32.13.3.rel1.win32_1.0.0.202411081344/tools/bin/../lib/gcc/arm-none-eabi/13.3.1/../../../../arm-none-eabi/lib/thumb/v7-m/nofp\libc_nano.a(libc_a-findfp.o)
                0x20000578                __sf
 .bss.__stdio_exit_handler
                0x200006b0        0x4 C:/ST/STM32CubeIDE_1.19.0/STM32CubeIDE/plugins/com.st.stm32cube.ide.mcu.externaltools.gnu-tools-for-stm32.13.3.rel1.win32_1.0.0.202411081344/tools/bin/../lib/gcc/arm-none-eabi/13.3.1/../../../../arm-none-eabi/lib/thumb/v7-m/nofp\libc_nano.a(libc_a-findfp.o)
                0x200006b0                __stdio_exit_handler
 .bss.errno     0x200006b4        0x4 C:/ST/STM32CubeIDE_1.19.0/STM32CubeIDE/plugins/com.st.stm32cube.ide.mcu.externaltools.gnu-tools-for-stm32.13.3.rel1.win32_1.0.0.202411081344/tools/bin/../lib/gcc/arm-none-eabi/13.3.1/../../../../arm-none-eabi/lib/thumb/v7-m/nofp\libc_nano.a(libc_a-reent.o)
                0x200006b4                errno
 .bss.__lock___malloc_recursive_mutex
                0x200006b8        0x1 C:/ST/STM32CubeIDE_1.19.0/STM32CubeIDE/plugins/com.st.stm32cube.ide.mcu.externaltools.gnu-tools-for-stm32.13.3.rel1.win32_1.0.0.202411081344/tools/bin/../lib/gcc/arm-none-eabi/13.3.1/../../../../arm-none-eabi/lib/thumb/v7-m/nofp\libc_nano.a(libc_a-lock.o)
                0x200006b8                __lock___malloc_recursive_mutex
 .bss.__lock___sfp_recursive_mutex
                0x200006b9        0x1 C:/ST/STM32CubeIDE_1.19.0/STM32CubeIDE/plugins/com.st.stm32cube.ide.mcu.externaltools.gnu-tools-for-stm32.13.3.rel1.win32_1.0.0.202411081344/tools/bin/../lib/gcc/arm-none-eabi/13.3.1/../../../../arm-none-eabi/lib/thumb/v7-m/nofp\libc_nano.a(libc_a-lock.o)
                0x200006b9                __lock___sfp_recursive_mutex
 *fill*         0x200006ba        0x2 
 .bss.__malloc_sbrk_start
                0x200006bc        0x4 C:/ST/STM32CubeIDE_1.19.0/STM32CubeIDE/plugins/com.st.stm32cube.ide.mcu.externaltools.gnu-tools-for-stm32.13.3.rel1.win32_1.0.0.202411081344/tools/bin/../lib/gcc/arm-none-eabi/13.3.1/../../../../arm-none-eabi/lib/thumb/v7-m/nofp\libc_nano.a(libc_a-mallocr.o)
                0x200006bc                __malloc_sbrk_start
 .bss.__malloc_free_list
                0x200006c0        0x4 C:/ST/STM32CubeIDE_1.19.0/STM32CubeIDE/plugins/com.st.stm32cube.ide.mcu.externaltools.gnu-tools-for-stm32.13.3.rel1.win32_1.0.0.202411081344/tools/bin/../lib/gcc/arm-none-eabi/13.3.1/../../../../arm-none-eabi/lib/thumb/v7-m/nofp\libc_nano.a(libc_a-mallocr.o)
                0x200006c0                __malloc_free_list
 *(COMMON)
                0x200006c4                        . = ALIGN (0x4)
                0x200006c4                        _ebss = .
                0x200006c4                        __bss_end__ = _ebss

._user_heap_stack
                0x200006c4      0x604 load address 0x08006148
                0x200006c8                        . = ALIGN (0x8)
 *fill*         0x200006c4        0x4 
                [!provide]                        PROVIDE (end = .)
                0x200006c8                        PROVIDE (_end = .)
                0x200008c8                        . = (. + _Min_Heap_Size)
 *fill*         0x200006c8      0x200 
                0x20000cc8                        . = (. + _Min_Stack_Size)
 *fill*         0x200008c8      0x400 
                0x20000cc8                        . = ALIGN (0x8)

/DISCARD/
 libc.a(*)
 libm.a(*)
 libgcc.a(*)

.ARM.attributes
                0x00000000       0x29
 *(.ARM.attributes)
 .ARM.attributes
                0x00000000       0x1d C:/ST/STM32CubeIDE_1.19.0/STM32CubeIDE/plugins/com.st.stm32cube.ide.mcu.externaltools.gnu-tools-for-stm32.13.3.rel1.win32_1.0.0.202411081344/tools/bin/../lib/gcc/arm-none-eabi/13.3.1/thumb/v7-m/nofp/crti.o
 .ARM.attributes
                0x0000001d       0x2d C:/ST/STM32CubeIDE_1.19.0/STM32CubeIDE/plugins/com.st.stm32cube.ide.mcu.externaltools.gnu-tools-for-stm32.13.3.rel1.win32_1.0.0.202411081344/tools/bin/../lib/gcc/arm-none-eabi/13.3.1/thumb/v7-m/nofp/crtbegin.o
 .ARM.attributes
                0x0000004a       0x2d ./Core/Src/main.o
 .ARM.attributes
                0x00000077       0x2d ./Core/Src/stm32f1xx_hal_msp.o
 .ARM.attributes
                0x000000a4       0x2d ./Core/Src/stm32f1xx_it.o
 .ARM.attributes
                0x000000d1       0x2d ./Core/Src/syscalls.o
 .ARM.attributes
                0x000000fe       0x2d ./Core/Src/sysmem.o
 .ARM.attributes
                0x0000012b       0x2d ./Core/Src/system_stm32f1xx.o
 .ARM.attributes
                0x00000158       0x21 ./Core/Startup/startup_stm32f103c8tx.o
 .ARM.attributes
                0x00000179       0x2d ./Drivers/STM32F1xx_HAL_Driver/Src/stm32f1xx_hal.o
 .ARM.attributes
                0x000001a6       0x2d ./Drivers/STM32F1xx_HAL_Driver/Src/stm32f1xx_hal_cortex.o
 .ARM.attributes
                0x000001d3       0x2d ./Drivers/STM32F1xx_HAL_Driver/Src/stm32f1xx_hal_dma.o
 .ARM.attributes
                0x00000200       0x2d ./Drivers/STM32F1xx_HAL_Driver/Src/stm32f1xx_hal_gpio.o
 .ARM.attributes
                0x0000022d       0x2d ./Drivers/STM32F1xx_HAL_Driver/Src/stm32f1xx_hal_rcc.o
 .ARM.attributes
                0x0000025a       0x2d ./Drivers/STM32F1xx_HAL_Driver/Src/stm32f1xx_hal_tim.o
 .ARM.attributes
                0x00000287       0x2d ./Drivers/STM32F1xx_HAL_Driver/Src/stm32f1xx_hal_tim_ex.o
 .ARM.attributes
                0x000002b4       0x2d ./Drivers/STM32F1xx_HAL_Driver/Src/stm32f1xx_hal_uart.o
 .ARM.attributes
                0x000002e1       0x2d ./Modules/modbus/functions/mbfunccoils.o
 .ARM.attributes
                0x0000030e       0x2d ./Modules/modbus/functions/mbfuncdisc.o
 .ARM.attributes
                0x0000033b       0x2d ./Modules/modbus/functions/mbfuncholding.o
 .ARM.attributes
                0x00000368       0x2d ./Modules/modbus/functions/mbfuncinput.o
 .ARM.attributes
                0x00000395       0x2d ./Modules/modbus/functions/mbfuncother.o
 .ARM.attributes
                0x000003c2       0x2d ./Modules/modbus/functions/mbutils.o
 .ARM.attributes
                0x000003ef       0x2d ./Modules/modbus/mb.o
 .ARM.attributes
                0x0000041c       0x2d ./Modules/modbus/port/mt_port.o
 .ARM.attributes
                0x00000449       0x2d ./Modules/modbus/port/portevent.o
 .ARM.attributes
                0x00000476       0x2d ./Modules/modbus/port/portserial.o
 .ARM.attributes
                0x000004a3       0x2d ./Modules/modbus/port/porttimer.o
 .ARM.attributes
                0x000004d0       0x2d ./Modules/modbus/rtu/mbcrc.o
 .ARM.attributes
                0x000004fd       0x2d ./Modules/modbus/rtu/mbrtu.o
 .ARM.attributes
                0x0000052a       0x2d C:/ST/STM32CubeIDE_1.19.0/STM32CubeIDE/plugins/com.st.stm32cube.ide.mcu.externaltools.gnu-tools-for-stm32.13.3.rel1.win32_1.0.0.202411081344/tools/bin/../lib/gcc/arm-none-eabi/13.3.1/../../../../arm-none-eabi/lib/thumb/v7-m/nofp\libc_nano.a(libc_a-assert.o)
 .ARM.attributes
                0x00000557       0x2d C:/ST/STM32CubeIDE_1.19.0/STM32CubeIDE/plugins/com.st.stm32cube.ide.mcu.externaltools.gnu-tools-for-stm32.13.3.rel1.win32_1.0.0.202411081344/tools/bin/../lib/gcc/arm-none-eabi/13.3.1/../../../../arm-none-eabi/lib/thumb/v7-m/nofp\libc_nano.a(libc_a-findfp.o)
 .ARM.attributes
                0x00000584       0x2d C:/ST/STM32CubeIDE_1.19.0/STM32CubeIDE/plugins/com.st.stm32cube.ide.mcu.externaltools.gnu-tools-for-stm32.13.3.rel1.win32_1.0.0.202411081344/tools/bin/../lib/gcc/arm-none-eabi/13.3.1/../../../../arm-none-eabi/lib/thumb/v7-m/nofp\libc_nano.a(libc_a-fprintf.o)
 .ARM.attributes
                0x000005b1       0x2d C:/ST/STM32CubeIDE_1.19.0/STM32CubeIDE/plugins/com.st.stm32cube.ide.mcu.externaltools.gnu-tools-for-stm32.13.3.rel1.win32_1.0.0.202411081344/tools/bin/../lib/gcc/arm-none-eabi/13.3.1/../../../../arm-none-eabi/lib/thumb/v7-m/nofp\libc_nano.a(libc_a-fwalk.o)
 .ARM.attributes
                0x000005de       0x2d C:/ST/STM32CubeIDE_1.19.0/STM32CubeIDE/plugins/com.st.stm32cube.ide.mcu.externaltools.gnu-tools-for-stm32.13.3.rel1.win32_1.0.0.202411081344/tools/bin/../lib/gcc/arm-none-eabi/13.3.1/../../../../arm-none-eabi/lib/thumb/v7-m/nofp\libc_nano.a(libc_a-stdio.o)
 .ARM.attributes
                0x0000060b       0x2d C:/ST/STM32CubeIDE_1.19.0/STM32CubeIDE/plugins/com.st.stm32cube.ide.mcu.externaltools.gnu-tools-for-stm32.13.3.rel1.win32_1.0.0.202411081344/tools/bin/../lib/gcc/arm-none-eabi/13.3.1/../../../../arm-none-eabi/lib/thumb/v7-m/nofp\libc_nano.a(libc_a-memset.o)
 .ARM.attributes
                0x00000638       0x2d C:/ST/STM32CubeIDE_1.19.0/STM32CubeIDE/plugins/com.st.stm32cube.ide.mcu.externaltools.gnu-tools-for-stm32.13.3.rel1.win32_1.0.0.202411081344/tools/bin/../lib/gcc/arm-none-eabi/13.3.1/../../../../arm-none-eabi/lib/thumb/v7-m/nofp\libc_nano.a(libc_a-closer.o)
 .ARM.attributes
                0x00000665       0x2d C:/ST/STM32CubeIDE_1.19.0/STM32CubeIDE/plugins/com.st.stm32cube.ide.mcu.externaltools.gnu-tools-for-stm32.13.3.rel1.win32_1.0.0.202411081344/tools/bin/../lib/gcc/arm-none-eabi/13.3.1/../../../../arm-none-eabi/lib/thumb/v7-m/nofp\libc_nano.a(libc_a-reent.o)
 .ARM.attributes
                0x00000692       0x2d C:/ST/STM32CubeIDE_1.19.0/STM32CubeIDE/plugins/com.st.stm32cube.ide.mcu.externaltools.gnu-tools-for-stm32.13.3.rel1.win32_1.0.0.202411081344/tools/bin/../lib/gcc/arm-none-eabi/13.3.1/../../../../arm-none-eabi/lib/thumb/v7-m/nofp\libc_nano.a(libc_a-impure.o)
 .ARM.attributes
                0x000006bf       0x2d C:/ST/STM32CubeIDE_1.19.0/STM32CubeIDE/plugins/com.st.stm32cube.ide.mcu.externaltools.gnu-tools-for-stm32.13.3.rel1.win32_1.0.0.202411081344/tools/bin/../lib/gcc/arm-none-eabi/13.3.1/../../../../arm-none-eabi/lib/thumb/v7-m/nofp\libc_nano.a(libc_a-lseekr.o)
 .ARM.attributes
                0x000006ec       0x2d C:/ST/STM32CubeIDE_1.19.0/STM32CubeIDE/plugins/com.st.stm32cube.ide.mcu.externaltools.gnu-tools-for-stm32.13.3.rel1.win32_1.0.0.202411081344/tools/bin/../lib/gcc/arm-none-eabi/13.3.1/../../../../arm-none-eabi/lib/thumb/v7-m/nofp\libc_nano.a(libc_a-readr.o)
 .ARM.attributes
                0x00000719       0x2d C:/ST/STM32CubeIDE_1.19.0/STM32CubeIDE/plugins/com.st.stm32cube.ide.mcu.externaltools.gnu-tools-for-stm32.13.3.rel1.win32_1.0.0.202411081344/tools/bin/../lib/gcc/arm-none-eabi/13.3.1/../../../../arm-none-eabi/lib/thumb/v7-m/nofp\libc_nano.a(libc_a-writer.o)
 .ARM.attributes
                0x00000746       0x2d C:/ST/STM32CubeIDE_1.19.0/STM32CubeIDE/plugins/com.st.stm32cube.ide.mcu.externaltools.gnu-tools-for-stm32.13.3.rel1.win32_1.0.0.202411081344/tools/bin/../lib/gcc/arm-none-eabi/13.3.1/../../../../arm-none-eabi/lib/thumb/v7-m/nofp\libc_nano.a(libc_a-errno.o)
 .ARM.attributes
                0x00000773       0x2d C:/ST/STM32CubeIDE_1.19.0/STM32CubeIDE/plugins/com.st.stm32cube.ide.mcu.externaltools.gnu-tools-for-stm32.13.3.rel1.win32_1.0.0.202411081344/tools/bin/../lib/gcc/arm-none-eabi/13.3.1/../../../../arm-none-eabi/lib/thumb/v7-m/nofp\libc_nano.a(libc_a-init.o)
 .ARM.attributes
                0x000007a0       0x2d C:/ST/STM32CubeIDE_1.19.0/STM32CubeIDE/plugins/com.st.stm32cube.ide.mcu.externaltools.gnu-tools-for-stm32.13.3.rel1.win32_1.0.0.202411081344/tools/bin/../lib/gcc/arm-none-eabi/13.3.1/../../../../arm-none-eabi/lib/thumb/v7-m/nofp\libc_nano.a(libc_a-lock.o)
 .ARM.attributes
                0x000007cd       0x2d C:/ST/STM32CubeIDE_1.19.0/STM32CubeIDE/plugins/com.st.stm32cube.ide.mcu.externaltools.gnu-tools-for-stm32.13.3.rel1.win32_1.0.0.202411081344/tools/bin/../lib/gcc/arm-none-eabi/13.3.1/../../../../arm-none-eabi/lib/thumb/v7-m/nofp\libc_nano.a(libc_a-memcpy-stub.o)
 .ARM.attributes
                0x000007fa       0x2d C:/ST/STM32CubeIDE_1.19.0/STM32CubeIDE/plugins/com.st.stm32cube.ide.mcu.externaltools.gnu-tools-for-stm32.13.3.rel1.win32_1.0.0.202411081344/tools/bin/../lib/gcc/arm-none-eabi/13.3.1/../../../../arm-none-eabi/lib/thumb/v7-m/nofp\libc_nano.a(libc_a-abort.o)
 .ARM.attributes
                0x00000827       0x2d C:/ST/STM32CubeIDE_1.19.0/STM32CubeIDE/plugins/com.st.stm32cube.ide.mcu.externaltools.gnu-tools-for-stm32.13.3.rel1.win32_1.0.0.202411081344/tools/bin/../lib/gcc/arm-none-eabi/13.3.1/../../../../arm-none-eabi/lib/thumb/v7-m/nofp\libc_nano.a(libc_a-freer.o)
 .ARM.attributes
                0x00000854       0x2d C:/ST/STM32CubeIDE_1.19.0/STM32CubeIDE/plugins/com.st.stm32cube.ide.mcu.externaltools.gnu-tools-for-stm32.13.3.rel1.win32_1.0.0.202411081344/tools/bin/../lib/gcc/arm-none-eabi/13.3.1/../../../../arm-none-eabi/lib/thumb/v7-m/nofp\libc_nano.a(libc_a-mallocr.o)
 .ARM.attributes
                0x00000881       0x2d C:/ST/STM32CubeIDE_1.19.0/STM32CubeIDE/plugins/com.st.stm32cube.ide.mcu.externaltools.gnu-tools-for-stm32.13.3.rel1.win32_1.0.0.202411081344/tools/bin/../lib/gcc/arm-none-eabi/13.3.1/../../../../arm-none-eabi/lib/thumb/v7-m/nofp\libc_nano.a(libc_a-mlock.o)
 .ARM.attributes
                0x000008ae       0x2d C:/ST/STM32CubeIDE_1.19.0/STM32CubeIDE/plugins/com.st.stm32cube.ide.mcu.externaltools.gnu-tools-for-stm32.13.3.rel1.win32_1.0.0.202411081344/tools/bin/../lib/gcc/arm-none-eabi/13.3.1/../../../../arm-none-eabi/lib/thumb/v7-m/nofp\libc_nano.a(libc_a-nano-vfprintf.o)
 .ARM.attributes
                0x000008db       0x2d C:/ST/STM32CubeIDE_1.19.0/STM32CubeIDE/plugins/com.st.stm32cube.ide.mcu.externaltools.gnu-tools-for-stm32.13.3.rel1.win32_1.0.0.202411081344/tools/bin/../lib/gcc/arm-none-eabi/13.3.1/../../../../arm-none-eabi/lib/thumb/v7-m/nofp\libc_nano.a(libc_a-nano-vfprintf_i.o)
 .ARM.attributes
                0x00000908       0x2d C:/ST/STM32CubeIDE_1.19.0/STM32CubeIDE/plugins/com.st.stm32cube.ide.mcu.externaltools.gnu-tools-for-stm32.13.3.rel1.win32_1.0.0.202411081344/tools/bin/../lib/gcc/arm-none-eabi/13.3.1/../../../../arm-none-eabi/lib/thumb/v7-m/nofp\libc_nano.a(libc_a-fflush.o)
 .ARM.attributes
                0x00000935       0x2d C:/ST/STM32CubeIDE_1.19.0/STM32CubeIDE/plugins/com.st.stm32cube.ide.mcu.externaltools.gnu-tools-for-stm32.13.3.rel1.win32_1.0.0.202411081344/tools/bin/../lib/gcc/arm-none-eabi/13.3.1/../../../../arm-none-eabi/lib/thumb/v7-m/nofp\libc_nano.a(libc_a-wbuf.o)
 .ARM.attributes
                0x00000962       0x2d C:/ST/STM32CubeIDE_1.19.0/STM32CubeIDE/plugins/com.st.stm32cube.ide.mcu.externaltools.gnu-tools-for-stm32.13.3.rel1.win32_1.0.0.202411081344/tools/bin/../lib/gcc/arm-none-eabi/13.3.1/../../../../arm-none-eabi/lib/thumb/v7-m/nofp\libc_nano.a(libc_a-wsetup.o)
 .ARM.attributes
                0x0000098f       0x2d C:/ST/STM32CubeIDE_1.19.0/STM32CubeIDE/plugins/com.st.stm32cube.ide.mcu.externaltools.gnu-tools-for-stm32.13.3.rel1.win32_1.0.0.202411081344/tools/bin/../lib/gcc/arm-none-eabi/13.3.1/../../../../arm-none-eabi/lib/thumb/v7-m/nofp\libc_nano.a(libc_a-signal.o)
 .ARM.attributes
                0x000009bc       0x2d C:/ST/STM32CubeIDE_1.19.0/STM32CubeIDE/plugins/com.st.stm32cube.ide.mcu.externaltools.gnu-tools-for-stm32.13.3.rel1.win32_1.0.0.202411081344/tools/bin/../lib/gcc/arm-none-eabi/13.3.1/../../../../arm-none-eabi/lib/thumb/v7-m/nofp\libc_nano.a(libc_a-signalr.o)
 .ARM.attributes
                0x000009e9       0x2d C:/ST/STM32CubeIDE_1.19.0/STM32CubeIDE/plugins/com.st.stm32cube.ide.mcu.externaltools.gnu-tools-for-stm32.13.3.rel1.win32_1.0.0.202411081344/tools/bin/../lib/gcc/arm-none-eabi/13.3.1/../../../../arm-none-eabi/lib/thumb/v7-m/nofp\libc_nano.a(libc_a-sbrkr.o)
 .ARM.attributes
                0x00000a16       0x2d C:/ST/STM32CubeIDE_1.19.0/STM32CubeIDE/plugins/com.st.stm32cube.ide.mcu.externaltools.gnu-tools-for-stm32.13.3.rel1.win32_1.0.0.202411081344/tools/bin/../lib/gcc/arm-none-eabi/13.3.1/../../../../arm-none-eabi/lib/thumb/v7-m/nofp\libc_nano.a(libc_a-memchr-stub.o)
 .ARM.attributes
                0x00000a43       0x2d C:/ST/STM32CubeIDE_1.19.0/STM32CubeIDE/plugins/com.st.stm32cube.ide.mcu.externaltools.gnu-tools-for-stm32.13.3.rel1.win32_1.0.0.202411081344/tools/bin/../lib/gcc/arm-none-eabi/13.3.1/../../../../arm-none-eabi/lib/thumb/v7-m/nofp\libc_nano.a(libc_a-makebuf.o)
 .ARM.attributes
                0x00000a70       0x2d C:/ST/STM32CubeIDE_1.19.0/STM32CubeIDE/plugins/com.st.stm32cube.ide.mcu.externaltools.gnu-tools-for-stm32.13.3.rel1.win32_1.0.0.202411081344/tools/bin/../lib/gcc/arm-none-eabi/13.3.1/../../../../arm-none-eabi/lib/thumb/v7-m/nofp\libc_nano.a(libc_a-fstatr.o)
 .ARM.attributes
                0x00000a9d       0x2d C:/ST/STM32CubeIDE_1.19.0/STM32CubeIDE/plugins/com.st.stm32cube.ide.mcu.externaltools.gnu-tools-for-stm32.13.3.rel1.win32_1.0.0.202411081344/tools/bin/../lib/gcc/arm-none-eabi/13.3.1/../../../../arm-none-eabi/lib/thumb/v7-m/nofp\libc_nano.a(libc_a-isattyr.o)
 .ARM.attributes
                0x00000aca       0x1d C:/ST/STM32CubeIDE_1.19.0/STM32CubeIDE/plugins/com.st.stm32cube.ide.mcu.externaltools.gnu-tools-for-stm32.13.3.rel1.win32_1.0.0.202411081344/tools/bin/../lib/gcc/arm-none-eabi/13.3.1/thumb/v7-m/nofp/crtn.o
OUTPUT(Pult_SWITCH.elf elf32-littlearm)
LOAD linker stubs
LOAD C:/ST/STM32CubeIDE_1.19.0/STM32CubeIDE/plugins/com.st.stm32cube.ide.mcu.externaltools.gnu-tools-for-stm32.13.3.rel1.win32_1.0.0.202411081344/tools/bin/../lib/gcc/arm-none-eabi/13.3.1/../../../../arm-none-eabi/lib/thumb/v7-m/nofp\libc.a
LOAD C:/ST/STM32CubeIDE_1.19.0/STM32CubeIDE/plugins/com.st.stm32cube.ide.mcu.externaltools.gnu-tools-for-stm32.13.3.rel1.win32_1.0.0.202411081344/tools/bin/../lib/gcc/arm-none-eabi/13.3.1/../../../../arm-none-eabi/lib/thumb/v7-m/nofp\libm.a
LOAD C:/ST/STM32CubeIDE_1.19.0/STM32CubeIDE/plugins/com.st.stm32cube.ide.mcu.externaltools.gnu-tools-for-stm32.13.3.rel1.win32_1.0.0.202411081344/tools/bin/../lib/gcc/arm-none-eabi/13.3.1/thumb/v7-m/nofp\libgcc.a

.debug_info     0x00000000    0x102cb
 .debug_info    0x00000000     0x1273 ./Core/Src/main.o
 .debug_info    0x00001273      0xd65 ./Core/Src/stm32f1xx_hal_msp.o
 .debug_info    0x00001fd8      0x967 ./Core/Src/stm32f1xx_it.o
 .debug_info    0x0000293f      0x6a3 ./Core/Src/syscalls.o
 .debug_info    0x00002fe2      0x168 ./Core/Src/sysmem.o
 .debug_info    0x0000314a      0x222 ./Core/Src/system_stm32f1xx.o
 .debug_info    0x0000336c       0x30 ./Core/Startup/startup_stm32f103c8tx.o
 .debug_info    0x0000339c      0x704 ./Drivers/STM32F1xx_HAL_Driver/Src/stm32f1xx_hal.o
 .debug_info    0x00003aa0      0xa87 ./Drivers/STM32F1xx_HAL_Driver/Src/stm32f1xx_hal_cortex.o
 .debug_info    0x00004527      0x6d2 ./Drivers/STM32F1xx_HAL_Driver/Src/stm32f1xx_hal_dma.o
 .debug_info    0x00004bf9      0x5ab ./Drivers/STM32F1xx_HAL_Driver/Src/stm32f1xx_hal_gpio.o
 .debug_info    0x000051a4      0x7d5 ./Drivers/STM32F1xx_HAL_Driver/Src/stm32f1xx_hal_rcc.o
 .debug_info    0x00005979     0x2959 ./Drivers/STM32F1xx_HAL_Driver/Src/stm32f1xx_hal_tim.o
 .debug_info    0x000082d2     0x149b ./Drivers/STM32F1xx_HAL_Driver/Src/stm32f1xx_hal_tim_ex.o
 .debug_info    0x0000976d     0x2eed ./Drivers/STM32F1xx_HAL_Driver/Src/stm32f1xx_hal_uart.o
 .debug_info    0x0000c65a      0x332 ./Modules/modbus/functions/mbfunccoils.o
 .debug_info    0x0000c98c      0x20b ./Modules/modbus/functions/mbfuncdisc.o
 .debug_info    0x0000cb97      0x398 ./Modules/modbus/functions/mbfuncholding.o
 .debug_info    0x0000cf2f      0x1fe ./Modules/modbus/functions/mbfuncinput.o
 .debug_info    0x0000d12d      0x27d ./Modules/modbus/functions/mbfuncother.o
 .debug_info    0x0000d3aa      0x2e6 ./Modules/modbus/functions/mbutils.o
 .debug_info    0x0000d690      0x800 ./Modules/modbus/mb.o
 .debug_info    0x0000de90      0x925 ./Modules/modbus/port/mt_port.o
 .debug_info    0x0000e7b5      0x169 ./Modules/modbus/port/portevent.o
 .debug_info    0x0000e91e      0xb2e ./Modules/modbus/port/portserial.o
 .debug_info    0x0000f44c      0x740 ./Modules/modbus/port/porttimer.o
 .debug_info    0x0000fb8c      0x14b ./Modules/modbus/rtu/mbcrc.o
 .debug_info    0x0000fcd7      0x5f4 ./Modules/modbus/rtu/mbrtu.o

.debug_abbrev   0x00000000     0x2fb8
 .debug_abbrev  0x00000000      0x344 ./Core/Src/main.o
 .debug_abbrev  0x00000344      0x1dd ./Core/Src/stm32f1xx_hal_msp.o
 .debug_abbrev  0x00000521      0x19b ./Core/Src/stm32f1xx_it.o
 .debug_abbrev  0x000006bc      0x1b6 ./Core/Src/syscalls.o
 .debug_abbrev  0x00000872       0xbc ./Core/Src/sysmem.o
 .debug_abbrev  0x0000092e      0x13f ./Core/Src/system_stm32f1xx.o
 .debug_abbrev  0x00000a6d       0x24 ./Core/Startup/startup_stm32f103c8tx.o
 .debug_abbrev  0x00000a91      0x201 ./Drivers/STM32F1xx_HAL_Driver/Src/stm32f1xx_hal.o
 .debug_abbrev  0x00000c92      0x2f8 ./Drivers/STM32F1xx_HAL_Driver/Src/stm32f1xx_hal_cortex.o
 .debug_abbrev  0x00000f8a      0x20b ./Drivers/STM32F1xx_HAL_Driver/Src/stm32f1xx_hal_dma.o
 .debug_abbrev  0x00001195      0x1ca ./Drivers/STM32F1xx_HAL_Driver/Src/stm32f1xx_hal_gpio.o
 .debug_abbrev  0x0000135f      0x2b3 ./Drivers/STM32F1xx_HAL_Driver/Src/stm32f1xx_hal_rcc.o
 .debug_abbrev  0x00001612      0x277 ./Drivers/STM32F1xx_HAL_Driver/Src/stm32f1xx_hal_tim.o
 .debug_abbrev  0x00001889      0x282 ./Drivers/STM32F1xx_HAL_Driver/Src/stm32f1xx_hal_tim_ex.o
 .debug_abbrev  0x00001b0b      0x2f8 ./Drivers/STM32F1xx_HAL_Driver/Src/stm32f1xx_hal_uart.o
 .debug_abbrev  0x00001e03      0x10a ./Modules/modbus/functions/mbfunccoils.o
 .debug_abbrev  0x00001f0d       0xda ./Modules/modbus/functions/mbfuncdisc.o
 .debug_abbrev  0x00001fe7       0xf8 ./Modules/modbus/functions/mbfuncholding.o
 .debug_abbrev  0x000020df       0xda ./Modules/modbus/functions/mbfuncinput.o
 .debug_abbrev  0x000021b9      0x103 ./Modules/modbus/functions/mbfuncother.o
 .debug_abbrev  0x000022bc      0x108 ./Modules/modbus/functions/mbutils.o
 .debug_abbrev  0x000023c4      0x206 ./Modules/modbus/mb.o
 .debug_abbrev  0x000025ca      0x1be ./Modules/modbus/port/mt_port.o
 .debug_abbrev  0x00002788       0xbe ./Modules/modbus/port/portevent.o
 .debug_abbrev  0x00002846      0x326 ./Modules/modbus/port/portserial.o
 .debug_abbrev  0x00002b6c      0x1e4 ./Modules/modbus/port/porttimer.o
 .debug_abbrev  0x00002d50       0x9e ./Modules/modbus/rtu/mbcrc.o
 .debug_abbrev  0x00002dee      0x1ca ./Modules/modbus/rtu/mbrtu.o

.debug_aranges  0x00000000      0xff8
 .debug_aranges
                0x00000000       0x78 ./Core/Src/main.o
 .debug_aranges
                0x00000078       0x40 ./Core/Src/stm32f1xx_hal_msp.o
 .debug_aranges
                0x000000b8       0x78 ./Core/Src/stm32f1xx_it.o
 .debug_aranges
                0x00000130       0xa8 ./Core/Src/syscalls.o
 .debug_aranges
                0x000001d8       0x20 ./Core/Src/sysmem.o
 .debug_aranges
                0x000001f8       0x28 ./Core/Src/system_stm32f1xx.o
 .debug_aranges
                0x00000220       0x28 ./Core/Startup/startup_stm32f103c8tx.o
 .debug_aranges
                0x00000248       0xe0 ./Drivers/STM32F1xx_HAL_Driver/Src/stm32f1xx_hal.o
 .debug_aranges
                0x00000328      0x100 ./Drivers/STM32F1xx_HAL_Driver/Src/stm32f1xx_hal_cortex.o
 .debug_aranges
                0x00000428       0x80 ./Drivers/STM32F1xx_HAL_Driver/Src/stm32f1xx_hal_dma.o
 .debug_aranges
                0x000004a8       0x58 ./Drivers/STM32F1xx_HAL_Driver/Src/stm32f1xx_hal_gpio.o
 .debug_aranges
                0x00000500       0x90 ./Drivers/STM32F1xx_HAL_Driver/Src/stm32f1xx_hal_rcc.o
 .debug_aranges
                0x00000590      0x3d0 ./Drivers/STM32F1xx_HAL_Driver/Src/stm32f1xx_hal_tim.o
 .debug_aranges
                0x00000960      0x168 ./Drivers/STM32F1xx_HAL_Driver/Src/stm32f1xx_hal_tim_ex.o
 .debug_aranges
                0x00000ac8      0x208 ./Drivers/STM32F1xx_HAL_Driver/Src/stm32f1xx_hal_uart.o
 .debug_aranges
                0x00000cd0       0x30 ./Modules/modbus/functions/mbfunccoils.o
 .debug_aranges
                0x00000d00       0x20 ./Modules/modbus/functions/mbfuncdisc.o
 .debug_aranges
                0x00000d20       0x38 ./Modules/modbus/functions/mbfuncholding.o
 .debug_aranges
                0x00000d58       0x20 ./Modules/modbus/functions/mbfuncinput.o
 .debug_aranges
                0x00000d78       0x28 ./Modules/modbus/functions/mbfuncother.o
 .debug_aranges
                0x00000da0       0x30 ./Modules/modbus/functions/mbutils.o
 .debug_aranges
                0x00000dd0       0x48 ./Modules/modbus/mb.o
 .debug_aranges
                0x00000e18       0x38 ./Modules/modbus/port/mt_port.o
 .debug_aranges
                0x00000e50       0x30 ./Modules/modbus/port/portevent.o
 .debug_aranges
                0x00000e80       0xc0 ./Modules/modbus/port/portserial.o
 .debug_aranges
                0x00000f40       0x40 ./Modules/modbus/port/porttimer.o
 .debug_aranges
                0x00000f80       0x20 ./Modules/modbus/rtu/mbcrc.o
 .debug_aranges
                0x00000fa0       0x58 ./Modules/modbus/rtu/mbrtu.o

.debug_rnglists
                0x00000000      0xc34
 .debug_rnglists
                0x00000000       0x5c ./Core/Src/main.o
 .debug_rnglists
                0x0000005c       0x2c ./Core/Src/stm32f1xx_hal_msp.o
 .debug_rnglists
                0x00000088       0x55 ./Core/Src/stm32f1xx_it.o
 .debug_rnglists
                0x000000dd       0x79 ./Core/Src/syscalls.o
 .debug_rnglists
                0x00000156       0x13 ./Core/Src/sysmem.o
 .debug_rnglists
                0x00000169       0x1a ./Core/Src/system_stm32f1xx.o
 .debug_rnglists
                0x00000183       0x19 ./Core/Startup/startup_stm32f103c8tx.o
 .debug_rnglists
                0x0000019c       0xa3 ./Drivers/STM32F1xx_HAL_Driver/Src/stm32f1xx_hal.o
 .debug_rnglists
                0x0000023f       0xbb ./Drivers/STM32F1xx_HAL_Driver/Src/stm32f1xx_hal_cortex.o
 .debug_rnglists
                0x000002fa       0x64 ./Drivers/STM32F1xx_HAL_Driver/Src/stm32f1xx_hal_dma.o
 .debug_rnglists
                0x0000035e       0x3f ./Drivers/STM32F1xx_HAL_Driver/Src/stm32f1xx_hal_gpio.o
 .debug_rnglists
                0x0000039d       0x6c ./Drivers/STM32F1xx_HAL_Driver/Src/stm32f1xx_hal_rcc.o
 .debug_rnglists
                0x00000409      0x31a ./Drivers/STM32F1xx_HAL_Driver/Src/stm32f1xx_hal_tim.o
 .debug_rnglists
                0x00000723      0x125 ./Drivers/STM32F1xx_HAL_Driver/Src/stm32f1xx_hal_tim_ex.o
 .debug_rnglists
                0x00000848      0x1bc ./Drivers/STM32F1xx_HAL_Driver/Src/stm32f1xx_hal_uart.o
 .debug_rnglists
                0x00000a04       0x22 ./Modules/modbus/functions/mbfunccoils.o
 .debug_rnglists
                0x00000a26       0x14 ./Modules/modbus/functions/mbfuncdisc.o
 .debug_rnglists
                0x00000a3a       0x28 ./Modules/modbus/functions/mbfuncholding.o
 .debug_rnglists
                0x00000a62       0x14 ./Modules/modbus/functions/mbfuncinput.o
 .debug_rnglists
                0x00000a76       0x1a ./Modules/modbus/functions/mbfuncother.o
 .debug_rnglists
                0x00000a90       0x20 ./Modules/modbus/functions/mbutils.o
 .debug_rnglists
                0x00000ab0       0x34 ./Modules/modbus/mb.o
 .debug_rnglists
                0x00000ae4       0x25 ./Modules/modbus/port/mt_port.o
 .debug_rnglists
                0x00000b09       0x1f ./Modules/modbus/port/portevent.o
 .debug_rnglists
                0x00000b28       0x8c ./Modules/modbus/port/portserial.o
 .debug_rnglists
                0x00000bb4       0x2b ./Modules/modbus/port/porttimer.o
 .debug_rnglists
                0x00000bdf       0x13 ./Modules/modbus/rtu/mbcrc.o
 .debug_rnglists
                0x00000bf2       0x42 ./Modules/modbus/rtu/mbrtu.o

.debug_macro    0x00000000    0x1aaa8
 .debug_macro   0x00000000      0x31b ./Core/Src/main.o
 .debug_macro   0x0000031b      0xacc ./Core/Src/main.o
 .debug_macro   0x00000de7      0x21b ./Core/Src/main.o
 .debug_macro   0x00001002       0x2e ./Core/Src/main.o
 .debug_macro   0x00001030       0x22 ./Core/Src/main.o
 .debug_macro   0x00001052       0x22 ./Core/Src/main.o
 .debug_macro   0x00001074       0x8e ./Core/Src/main.o
 .debug_macro   0x00001102       0x51 ./Core/Src/main.o
 .debug_macro   0x00001153      0x103 ./Core/Src/main.o
 .debug_macro   0x00001256       0x6a ./Core/Src/main.o
 .debug_macro   0x000012c0      0x1df ./Core/Src/main.o
 .debug_macro   0x0000149f       0x1c ./Core/Src/main.o
 .debug_macro   0x000014bb       0x22 ./Core/Src/main.o
 .debug_macro   0x000014dd       0xbd ./Core/Src/main.o
 .debug_macro   0x0000159a      0xd23 ./Core/Src/main.o
 .debug_macro   0x000022bd     0xe09e ./Core/Src/main.o
 .debug_macro   0x0001035b       0x6d ./Core/Src/main.o
 .debug_macro   0x000103c8     0x34a2 ./Core/Src/main.o
 .debug_macro   0x0001386a      0x190 ./Core/Src/main.o
 .debug_macro   0x000139fa       0x5c ./Core/Src/main.o
 .debug_macro   0x00013a56      0x5bc ./Core/Src/main.o
 .debug_macro   0x00014012      0x289 ./Core/Src/main.o
 .debug_macro   0x0001429b      0x1cb ./Core/Src/main.o
 .debug_macro   0x00014466      0x114 ./Core/Src/main.o
 .debug_macro   0x0001457a      0x1b2 ./Core/Src/main.o
 .debug_macro   0x0001472c       0x27 ./Core/Src/main.o
 .debug_macro   0x00014753      0x136 ./Core/Src/main.o
 .debug_macro   0x00014889      0x1bc ./Core/Src/main.o
 .debug_macro   0x00014a45       0x34 ./Core/Src/main.o