Archive member included to satisfy reference by file (symbol)

C:/ST/STM32CubeIDE_1.19.0/STM32CubeIDE/plugins/com.st.stm32cube.ide.mcu.externaltools.gnu-tools-for-stm32.13.3.rel1.win32_1.0.0.202411081344/tools/bin/../lib/gcc/arm-none-eabi/13.3.1/../../../../arm-none-eabi/lib/thumb/v7-m/nofp\libc_nano.a(libc_a-assert.o)
                              ./Modules/modbus/functions/mbutils.o (__assert_func)
C:/ST/STM32CubeIDE_1.19.0/STM32CubeIDE/plugins/com.st.stm32cube.ide.mcu.externaltools.gnu-tools-for-stm32.13.3.rel1.win32_1.0.0.202411081344/tools/bin/../lib/gcc/arm-none-eabi/13.3.1/../../../../arm-none-eabi/lib/thumb/v7-m/nofp\libc_nano.a(libc_a-exit.o)
                              C:/ST/STM32CubeIDE_1.19.0/STM32CubeIDE/plugins/com.st.stm32cube.ide.mcu.externaltools.gnu-tools-for-stm32.13.3.rel1.win32_1.0.0.202411081344/tools/bin/../lib/gcc/arm-none-eabi/13.3.1/../../../../arm-none-eabi/lib/thumb/v7-m/nofp/crt0.o (exit)
C:/ST/STM32CubeIDE_1.19.0/STM32CubeIDE/plugins/com.st.stm32cube.ide.mcu.externaltools.gnu-tools-for-stm32.13.3.rel1.win32_1.0.0.202411081344/tools/bin/../lib/gcc/arm-none-eabi/13.3.1/../../../../arm-none-eabi/lib/thumb/v7-m/nofp\libc_nano.a(libc_a-findfp.o)
                              C:/ST/STM32CubeIDE_1.19.0/STM32CubeIDE/plugins/com.st.stm32cube.ide.mcu.externaltools.gnu-tools-for-stm32.13.3.rel1.win32_1.0.0.202411081344/tools/bin/../lib/gcc/arm-none-eabi/13.3.1/../../../../arm-none-eabi/lib/thumb/v7-m/nofp\libc_nano.a(libc_a-exit.o) (__stdio_exit_handler)
C:/ST/STM32CubeIDE_1.19.0/STM32CubeIDE/plugins/com.st.stm32cube.ide.mcu.externaltools.gnu-tools-for-stm32.13.3.rel1.win32_1.0.0.202411081344/tools/bin/../lib/gcc/arm-none-eabi/13.3.1/../../../../arm-none-eabi/lib/thumb/v7-m/nofp\libc_nano.a(libc_a-fprintf.o)
                              C:/ST/STM32CubeIDE_1.19.0/STM32CubeIDE/plugins/com.st.stm32cube.ide.mcu.externaltools.gnu-tools-for-stm32.13.3.rel1.win32_1.0.0.202411081344/tools/bin/../lib/gcc/arm-none-eabi/13.3.1/../../../../arm-none-eabi/lib/thumb/v7-m/nofp\libc_nano.a(libc_a-assert.o) (fiprintf)
C:/ST/STM32CubeIDE_1.19.0/STM32CubeIDE/plugins/com.st.stm32cube.ide.mcu.externaltools.gnu-tools-for-stm32.13.3.rel1.win32_1.0.0.202411081344/tools/bin/../lib/gcc/arm-none-eabi/13.3.1/../../../../arm-none-eabi/lib/thumb/v7-m/nofp\libc_nano.a(libc_a-fwalk.o)
                              C:/ST/STM32CubeIDE_1.19.0/STM32CubeIDE/plugins/com.st.stm32cube.ide.mcu.externaltools.gnu-tools-for-stm32.13.3.rel1.win32_1.0.0.202411081344/tools/bin/../lib/gcc/arm-none-eabi/13.3.1/../../../../arm-none-eabi/lib/thumb/v7-m/nofp\libc_nano.a(libc_a-findfp.o) (_fwalk_sglue)
C:/ST/STM32CubeIDE_1.19.0/STM32CubeIDE/plugins/com.st.stm32cube.ide.mcu.externaltools.gnu-tools-for-stm32.13.3.rel1.win32_1.0.0.202411081344/tools/bin/../lib/gcc/arm-none-eabi/13.3.1/../../../../arm-none-eabi/lib/thumb/v7-m/nofp\libc_nano.a(libc_a-stdio.o)
                              C:/ST/STM32CubeIDE_1.19.0/STM32CubeIDE/plugins/com.st.stm32cube.ide.mcu.externaltools.gnu-tools-for-stm32.13.3.rel1.win32_1.0.0.202411081344/tools/bin/../lib/gcc/arm-none-eabi/13.3.1/../../../../arm-none-eabi/lib/thumb/v7-m/nofp\libc_nano.a(libc_a-findfp.o) (__sread)
C:/ST/STM32CubeIDE_1.19.0/STM32CubeIDE/plugins/com.st.stm32cube.ide.mcu.externaltools.gnu-tools-for-stm32.13.3.rel1.win32_1.0.0.202411081344/tools/bin/../lib/gcc/arm-none-eabi/13.3.1/../../../../arm-none-eabi/lib/thumb/v7-m/nofp\libc_nano.a(libc_a-memset.o)
                              C:/ST/STM32CubeIDE_1.19.0/STM32CubeIDE/plugins/com.st.stm32cube.ide.mcu.externaltools.gnu-tools-for-stm32.13.3.rel1.win32_1.0.0.202411081344/tools/bin/../lib/gcc/arm-none-eabi/13.3.1/../../../../arm-none-eabi/lib/thumb/v7-m/nofp/crt0.o (memset)
C:/ST/STM32CubeIDE_1.19.0/STM32CubeIDE/plugins/com.st.stm32cube.ide.mcu.externaltools.gnu-tools-for-stm32.13.3.rel1.win32_1.0.0.202411081344/tools/bin/../lib/gcc/arm-none-eabi/13.3.1/../../../../arm-none-eabi/lib/thumb/v7-m/nofp\libc_nano.a(libc_a-closer.o)
                              C:/ST/STM32CubeIDE_1.19.0/STM32CubeIDE/plugins/com.st.stm32cube.ide.mcu.externaltools.gnu-tools-for-stm32.13.3.rel1.win32_1.0.0.202411081344/tools/bin/../lib/gcc/arm-none-eabi/13.3.1/../../../../arm-none-eabi/lib/thumb/v7-m/nofp\libc_nano.a(libc_a-stdio.o) (_close_r)
C:/ST/STM32CubeIDE_1.19.0/STM32CubeIDE/plugins/com.st.stm32cube.ide.mcu.externaltools.gnu-tools-for-stm32.13.3.rel1.win32_1.0.0.202411081344/tools/bin/../lib/gcc/arm-none-eabi/13.3.1/../../../../arm-none-eabi/lib/thumb/v7-m/nofp\libc_nano.a(libc_a-reent.o)
                              C:/ST/STM32CubeIDE_1.19.0/STM32CubeIDE/plugins/com.st.stm32cube.ide.mcu.externaltools.gnu-tools-for-stm32.13.3.rel1.win32_1.0.0.202411081344/tools/bin/../lib/gcc/arm-none-eabi/13.3.1/../../../../arm-none-eabi/lib/thumb/v7-m/nofp\libc_nano.a(libc_a-closer.o) (errno)
[...]
Memory Configuration

Name             Origin             Length             Attributes
RAM              0x20000000         0x00005000         xrw
FLASH            0x08000000         0x00010000         xr
*default*        0x00000000         0xffffffff

Linker script and memory map

LOAD C:/ST/STM32CubeIDE_1.19.0/STM32CubeIDE/plugins/com.st.stm32cube.ide.mcu.externaltools.gnu-tools-for-stm32.13.3.rel1.win32_1.0.0.202411081344/tools/bin/../lib/gcc/arm-none-eabi/13.3.1/thumb/v7-m/nofp/crti.o
LOAD C:/ST/STM32CubeIDE_1.19.0/STM32CubeIDE/plugins/com.st.stm32cube.ide.mcu.externaltools.gnu-tools-for-stm32.13.3.rel1.win32_1.0.0.202411081344/tools/bin/../lib/gcc/arm-none-eabi/13.3.1/thumb/v7-m/nofp/crtbegin.o
LOAD C:/ST/STM32CubeIDE_1.19.0/STM32CubeIDE/plugins/com.st.stm32cube.ide.mcu.externaltools.gnu-tools-for-stm32.13.3.rel1.win32_1.0.0.202411081344/tools/bin/../lib/gcc/arm-none-eabi/13.3.1/../../../../arm-none-eabi/lib/thumb/v7-m/nofp/crt0.o
LOAD ./Core/Src/main.o
LOAD ./Core/Src/stm32f1xx_hal_msp.o
LOAD ./Core/Src/stm32f1xx_it.o
LOAD ./Core/Src/syscalls.o
LOAD ./Core/Src/sysmem.o
LOAD ./Core/Src/system_stm32f1xx.o
LOAD ./Core/Startup/startup_stm32f103c8tx.o
LOAD ./Drivers/STM32F1xx_HAL_Driver/Src/stm32f1xx_hal.o
LOAD ./Drivers/STM32F1xx_HAL_Driver/Src/stm32f1xx_hal_cortex.o
LOAD ./Drivers/STM32F1xx_HAL_Driver/Src/stm32f1xx_hal_dma.o
LOAD ./Drivers/STM32F1xx_HAL_Driver/Src/stm32f1xx_hal_exti.o
LOAD ./Drivers/STM32F1xx_HAL_Driver/Src/stm32f1xx_hal_flash.o
LOAD ./Drivers/STM32F1xx_HAL_Driver/Src/stm32f1xx_hal_flash_ex.o
LOAD ./Drivers/STM32F1xx_HAL_Driver/Src/stm32f1xx_hal_gpio.o
LOAD ./Drivers/STM32F1xx_HAL_Driver/Src/stm32f1xx_hal_gpio_ex.o
LOAD ./Drivers/STM32F1xx_HAL_Driver/Src/stm32f1xx_hal_pwr.o
LOAD ./Drivers/STM32F1xx_HAL_Driver/Src/stm32f1xx_hal_rcc.o
LOAD ./Drivers/STM32F1xx_HAL_Driver/Src/stm32f1xx_hal_rcc_ex.o
LOAD ./Drivers/STM32F1xx_HAL_Driver/Src/stm32f1xx_hal_tim.o
LOAD ./Drivers/STM32F1xx_HAL_Driver/Src/stm32f1xx_hal_tim_ex.o
LOAD ./Drivers/STM32F1xx_HAL_Driver/Src/stm32f1xx_hal_uart.o
LOAD ./Modules/modbus/functions/mbfunccoils.o
LOAD ./Modules/modbus/functions/mbfuncdiag.o
LOAD ./Modules/modbus/functions/mbfuncdisc.o
LOAD ./Modules/modbus/functions/mbfuncholding.o
LOAD ./Modules/modbus/functions/mbfuncinput.o
LOAD ./Modules/modbus/functions/mbfuncother.o
LOAD ./Modules/modbus/functions/mbutils.o
LOAD ./Modules/modbus/mb.o
LOAD ./Modules/modbus/port/mt_port.o
LOAD ./Modules/modbus/port/portevent.o
LOAD ./Modules/modbus/port/portserial.o
LOAD ./Modules/modbus/port/porttimer.o
LOAD ./Modules/modbus/rtu/mbcrc.o
LOAD ./Modules/modbus/rtu/mbrtu.o
START GROUP
LOAD C:/ST/STM32CubeIDE_1.19.0/STM32CubeIDE/plugins/com.st.stm32cube.ide.mcu.externaltools.gnu-tools-for-stm32.13.3.rel1.win32_1.0.0.202411081344/tools/bin/../lib/gcc/arm-none-eabi/13.3.1/../../../../arm-none-eabi/lib/thumb/v7-m/nofp\libc_nano.a
LOAD C:/ST/STM32CubeIDE_1.19.0/STM32CubeIDE/plugins/com.st.stm32cube.ide.mcu.externaltools.gnu-tools-for-stm32.13.3.rel1.win32_1.0.0.202411081344/tools/bin/../lib/gcc/arm-none-eabi/13.3.1/../../../../arm-none-eabi/lib/thumb/v7-m/nofp\libm.a
END GROUP
START GROUP
LOAD C:/ST/STM32CubeIDE_1.19.0/STM32CubeIDE/plugins/com.st.stm32cube.ide.mcu.externaltools.gnu-tools-for-stm32.13.3.rel1.win32_1.0.0.202411081344/tools/bin/../lib/gcc/arm-none-eabi/13.3.1/thumb/v7-m/nofp\libgcc.a
LOAD C:/ST/STM32CubeIDE_1.19.0/STM32CubeIDE/plugins/com.st.stm32cube.ide.mcu.externaltools.gnu-tools-for-stm32.13.3.rel1.win32_1.0.0.202411081344/tools/bin/../lib/gcc/arm-none-eabi/13.3.1/../../../../arm-none-eabi/lib/thumb/v7-m/nofp\libc_nano.a
END GROUP
START GROUP
LOAD C:/ST/STM32CubeIDE_1.19.0/STM32CubeIDE/plugins/com.st.stm32cube.ide.mcu.externaltools.gnu-tools-for-stm32.13.3.rel1.win32_1.0.0.202411081344/tools/bin/../lib/gcc/arm-none-eabi/13.3.1/thumb/v7-m/nofp\libgcc.a
LOAD C:/ST/STM32CubeIDE_1.19.0/STM32CubeIDE/plugins/com.st.stm32cube.ide.mcu.externaltools.gnu-tools-for-stm32.13.3.rel1.win32_1.0.0.202411081344/tools/bin/../lib/gcc/arm-none-eabi/13.3.1/../../../../arm-none-eabi/lib/thumb/v7-m/nofp\libc_nano.a
LOAD C:/ST/STM32CubeIDE_1.19.0/STM32CubeIDE/plugins/com.st.stm32cube.ide.mcu.externaltools.gnu-tools-for-stm32.13.3.rel1.win32_1.0.0.202411081344/tools/bin/../lib/gcc/arm-none-eabi/13.3.1/../../../../arm-none-eabi/lib/thumb/v7-m/nofp\libnosys.a
END GROUP
START GROUP
LOAD C:/ST/STM32CubeIDE_1.19.0/STM32CubeIDE/plugins/com.st.stm32cube.ide.mcu.externaltools.gnu-tools-for-stm32.13.3.rel1.win32_1.0.0.202411081344/tools/bin/../lib/gcc/arm-none-eabi/13.3.1/thumb/v7-m/nofp\libgcc.a
LOAD C:/ST/STM32CubeIDE_1.19.0/STM32CubeIDE/plugins/com.st.stm32cube.ide.mcu.externaltools.gnu-tools-for-stm32.13.3.rel1.win32_1.0.0.202411081344/tools/bin/../lib/gcc/arm-none-eabi/13.3.1/../../../../arm-none-eabi/lib/thumb/v7-m/nofp\libc_nano.a
LOAD C:/ST/STM32CubeIDE_1.19.0/STM32CubeIDE/plugins/com.st.stm32cube.ide.mcu.externaltools.gnu-tools-for-stm32.13.3.rel1.win32_1.0.0.202411081344/tools/bin/../lib/gcc/arm-none-eabi/13.3.1/../../../../arm-none-eabi/lib/thumb/v7-m/nofp\libnosys.a
END GROUP
LOAD C:/ST/STM32CubeIDE_1.19.0/STM32CubeIDE/plugins/com.st.stm32cube.ide.mcu.externaltools.gnu-tools-for-stm32.13.3.rel1.win32_1.0.0.202411081344/tools/bin/../lib/gcc/arm-none-eabi/13.3.1/thumb/v7-m/nofp/crtend.o
LOAD C:/ST/STM32CubeIDE_1.19.0/STM32CubeIDE/plugins/com.st.stm32cube.ide.mcu.externaltools.gnu-tools-for-stm32.13.3.rel1.win32_1.0.0.202411081344/tools/bin/../lib/gcc/arm-none-eabi/13.3.1/thumb/v7-m/nofp/crtn.o
                0x20005000                        _estack = (ORIGIN (RAM) + LENGTH (RAM))
                0x00000200                        _Min_Heap_Size = 0x200
                0x00000400                        _Min_Stack_Size = 0x400

.isr_vector     0x08000000      0x10c
                0x08000000                        . = ALIGN (0x4)
 *(.isr_vector)
 .isr_vector    0x08000000      0x10c ./Core/Startup/startup_stm32f103c8tx.o
                0x08000000                g_pfnVectors
                0x0800010c                        . = ALIGN (0x4)

.text           0x0800010c     0x6944
                0x0800010c                        . = ALIGN (0x4)
 *(.text)
 .text          0x0800010c       0x40 C:/ST/STM32CubeIDE_1.19.0/STM32CubeIDE/plugins/com.st.stm32cube.ide.mcu.externaltools.gnu-tools-for-stm32.13.3.rel1.win32_1.0.0.202411081344/tools/bin/../lib/gcc/arm-none-eabi/13.3.1/thumb/v7-m/nofp/crtbegin.o
 .text          0x0800014c      0x168 C:/ST/STM32CubeIDE_1.19.0/STM32CubeIDE/plugins/com.st.stm32cube.ide.mcu.externaltools.gnu-tools-for-stm32.13.3.rel1.win32_1.0.0.202411081344/tools/bin/../lib/gcc/arm-none-eabi/13.3.1/thumb/v7-m/nofp\libgcc.a(_arm_mulsf3.o)
                0x0800014c                __aeabi_fmul
                0x0800014c                __mulsf3
 .text          0x080002b4       0x4c C:/ST/STM32CubeIDE_1.19.0/STM32CubeIDE/plugins/com.st.stm32cube.ide.mcu.externaltools.gnu-tools-for-stm32.13.3.rel1.win32_1.0.0.202411081344/tools/bin/../lib/gcc/arm-none-eabi/13.3.1/thumb/v7-m/nofp\libgcc.a(_arm_fixsfsi.o)
                0x080002b4                __aeabi_f2iz
                0x080002b4                __fixsfsi
 *(.text*)
 .text.SwitchTechnology_Logic
                0x08000300      0x21c ./Core/Src/main.o
                0x08000300                SwitchTechnology_Logic
 .text.main     0x0800051c       0xd8 ./Core/Src/main.o
                0x0800051c                main
 .text.SystemClock_Config
                0x080005f4       0x8a ./Core/Src/main.o
                0x080005f4                SystemClock_Config
 *fill*         0x0800067e        0x2 
 .text.MX_TIM3_Init
                0x08000680       0x98 ./Core/Src/main.o
 .text.MX_TIM4_Init
                0x08000718       0xec ./Core/Src/main.o
 .text.MX_USART1_UART_Init
                0x08000804       0x54 ./Core/Src/main.o
 .text.MX_USART3_UART_Init
                0x08000858       0x54 ./Core/Src/main.o
 .text.MX_DMA_Init
                0x080008ac       0x4c ./Core/Src/main.o
 .text.MX_GPIO_Init
                0x080008f8       0xd8 ./Core/Src/main.o
 .text.eMBRegInputCB
                0x080009d0       0xb0 ./Core/Src/main.o
                0x080009d0                eMBRegInputCB
 .text.eMBRegHoldingCB
                0x08000a80      0x148 ./Core/Src/main.o
                0x08000a80                eMBRegHoldingCB
 .text.eMBRegCoilsCB
                0x08000bc8       0x26 ./Core/Src/main.o
                0x08000bc8                eMBRegCoilsCB
 .text.eMBRegDiscreteCB
                0x08000bee       0x1c ./Core/Src/main.o
                0x08000bee                eMBRegDiscreteCB
 *fill*         0x08000c0a        0x2 
 .text.ProcessButtons
                0x08000c0c      0x2ac ./Core/Src/main.o
                0x08000c0c                ProcessButtons
 .text.Error_Handler
                0x08000eb8        0xc ./Core/Src/main.o
                0x08000eb8                Error_Handler
 .text.HAL_MspInit
                0x08000ec4       0x64 ./Core/Src/stm32f1xx_hal_msp.o
                0x08000ec4                HAL_MspInit
 .text.HAL_TIM_Base_MspInit
                0x08000f28      0x124 ./Core/Src/stm32f1xx_hal_msp.o
                0x08000f28                HAL_TIM_Base_MspInit
 .text.HAL_UART_MspInit
                0x0800104c      0x130 ./Core/Src/stm32f1xx_hal_msp.o
                0x0800104c                HAL_UART_MspInit
 .text.NMI_Handler
                0x0800117c        0x8 ./Core/Src/stm32f1xx_it.o
                0x0800117c                NMI_Handler
 .text.HardFault_Handler
                0x08001184        0x8 ./Core/Src/stm32f1xx_it.o
                0x08001184                HardFault_Handler
 .text.MemManage_Handler
                0x0800118c        0x8 ./Core/Src/stm32f1xx_it.o
                0x0800118c                MemManage_Handler
 .text.BusFault_Handler
                0x08001194        0x8 ./Core/Src/stm32f1xx_it.o
                0x08001194                BusFault_Handler
 .text.UsageFault_Handler
                0x0800119c        0x8 ./Core/Src/stm32f1xx_it.o
                0x0800119c                UsageFault_Handler
 .text.SVC_Handler
                0x080011a4        0xc ./Core/Src/stm32f1xx_it.o
                0x080011a4                SVC_Handler
 .text.DebugMon_Handler
                0x080011b0        0xc ./Core/Src/stm32f1xx_it.o
                0x080011b0                DebugMon_Handler
 .text.PendSV_Handler
                0x080011bc        0xc ./Core/Src/stm32f1xx_it.o
                0x080011bc                PendSV_Handler
 .text.SysTick_Handler
                0x080011c8        0xc ./Core/Src/stm32f1xx_it.o
                0x080011c8                SysTick_Handler
 .text.DMA1_Channel1_IRQHandler
                0x080011d4       0x14 ./Core/Src/stm32f1xx_it.o
                0x080011d4                DMA1_Channel1_IRQHandler
 .text.DMA1_Channel7_IRQHandler
                0x080011e8       0x14 ./Core/Src/stm32f1xx_it.o
                0x080011e8                DMA1_Channel7_IRQHandler
 .text.TIM3_IRQHandler
                0x080011fc       0x14 ./Core/Src/stm32f1xx_it.o
                0x080011fc                TIM3_IRQHandler
 .text.USART1_IRQHandler
                0x08001210       0x14 ./Core/Src/stm32f1xx_it.o
                0x08001210                USART1_IRQHandler
 .text.USART3_IRQHandler
                0x08001224       0x14 ./Core/Src/stm32f1xx_it.o
                0x08001224                USART3_IRQHandler
 .text._getpid  0x08001238        0xe ./Core/Src/syscalls.o
                0x08001238                _getpid
 .text._kill    0x08001246       0x20 ./Core/Src/syscalls.o
                0x08001246                _kill
 .text._exit    0x08001266       0x16 ./Core/Src/syscalls.o
                0x08001266                _exit
 .text._read    0x0800127c       0x3a ./Core/Src/syscalls.o
                0x0800127c                _read
 .text._write   0x080012b6       0x38 ./Core/Src/syscalls.o
                0x080012b6                _write
 .text._close   0x080012ee       0x16 ./Core/Src/syscalls.o
                0x080012ee                _close
 .text._fstat   0x08001304       0x1e ./Core/Src/syscalls.o
                0x08001304                _fstat
 .text._isatty  0x08001322       0x14 ./Core/Src/syscalls.o
                0x08001322                _isatty
 .text._lseek   0x08001336       0x18 ./Core/Src/syscalls.o
                0x08001336                _lseek
 *fill*         0x0800134e        0x2 
 .text._sbrk    0x08001350       0x6c ./Core/Src/sysmem.o
                0x08001350                _sbrk
 .text.SystemInit
                0x080013bc        0xc ./Core/Src/system_stm32f1xx.o
                0x080013bc                SystemInit
 .text.Reset_Handler
                0x080013c8       0x48 ./Core/Startup/startup_stm32f103c8tx.o
                0x080013c8                Reset_Handler
 .text.Default_Handler
                0x08001410        0x2 ./Core/Startup/startup_stm32f103c8tx.o
                0x08001410                RTC_Alarm_IRQHandler
                0x08001410                EXTI2_IRQHandler
                0x08001410                TIM1_CC_IRQHandler
                0x08001410                PVD_IRQHandler
                0x08001410                EXTI3_IRQHandler
                0x08001410                EXTI0_IRQHandler
                0x08001410                I2C2_EV_IRQHandler
                0x08001410                ADC1_2_IRQHandler
                0x08001410                SPI1_IRQHandler
                0x08001410                TAMPER_IRQHandler
                0x08001410                DMA1_Channel4_IRQHandler
                0x08001410                RTC_IRQHandler
                0x08001410                CAN1_RX1_IRQHandler
                0x08001410                TIM4_IRQHandler
                0x08001410                I2C1_EV_IRQHandler
                0x08001410                DMA1_Channel6_IRQHandler
                0x08001410                RCC_IRQHandler
                0x08001410                TIM1_TRG_COM_IRQHandler
                0x08001410                Default_Handler
                0x08001410                EXTI15_10_IRQHandler
                0x08001410                EXTI9_5_IRQHandler
                0x08001410                SPI2_IRQHandler
                0x08001410                DMA1_Channel5_IRQHandler
                0x08001410                EXTI4_IRQHandler
                0x08001410                USB_LP_CAN1_RX0_IRQHandler
                0x08001410                USB_HP_CAN1_TX_IRQHandler
                0x08001410                DMA1_Channel3_IRQHandler
                0x08001410                TIM1_UP_IRQHandler
                0x08001410                WWDG_IRQHandler
                0x08001410                TIM2_IRQHandler
                0x08001410                TIM1_BRK_IRQHandler
                0x08001410                EXTI1_IRQHandler
                0x08001410                USART2_IRQHandler
                0x08001410                I2C2_ER_IRQHandler
                0x08001410                DMA1_Channel2_IRQHandler
                0x08001410                CAN1_SCE_IRQHandler
                0x08001410                FLASH_IRQHandler
                0x08001410                I2C1_ER_IRQHandler
                0x08001410                USBWakeUp_IRQHandler
 *fill*         0x08001412        0x2 
 .text.HAL_Init
                0x08001414       0x2c ./Drivers/STM32F1xx_HAL_Driver/Src/stm32f1xx_hal.o
                0x08001414                HAL_Init
 .text.HAL_InitTick
                0x08001440       0x60 ./Drivers/STM32F1xx_HAL_Driver/Src/stm32f1xx_hal.o
                0x08001440                HAL_InitTick
 .text.HAL_IncTick
                0x080014a0       0x24 ./Drivers/STM32F1xx_HAL_Driver/Src/stm32f1xx_hal.o
                0x080014a0                HAL_IncTick
 .text.HAL_GetTick
                0x080014c4       0x14 ./Drivers/STM32F1xx_HAL_Driver/Src/stm32f1xx_hal.o
                0x080014c4                HAL_GetTick
 .text.HAL_Delay
                0x080014d8       0x48 ./Drivers/STM32F1xx_HAL_Driver/Src/stm32f1xx_hal.o
                0x080014d8                HAL_Delay
 .text.__NVIC_SetPriorityGrouping
                0x08001520       0x48 ./Drivers/STM32F1xx_HAL_Driver/Src/stm32f1xx_hal_cortex.o
 .text.__NVIC_GetPriorityGrouping
                0x08001568       0x1c ./Drivers/STM32F1xx_HAL_Driver/Src/stm32f1xx_hal_cortex.o
 .text.__NVIC_EnableIRQ
                0x08001584       0x38 ./Drivers/STM32F1xx_HAL_Driver/Src/stm32f1xx_hal_cortex.o
 .text.__NVIC_SetPriority
                0x080015bc       0x54 ./Drivers/STM32F1xx_HAL_Driver/Src/stm32f1xx_hal_cortex.o
 .text.NVIC_EncodePriority
                0x08001610       0x64 ./Drivers/STM32F1xx_HAL_Driver/Src/stm32f1xx_hal_cortex.o
 .text.SysTick_Config
                0x08001674       0x44 ./Drivers/STM32F1xx_HAL_Driver/Src/stm32f1xx_hal_cortex.o
 .text.HAL_NVIC_SetPriorityGrouping
                0x080016b8       0x16 ./Drivers/STM32F1xx_HAL_Driver/Src/stm32f1xx_hal_cortex.o
                0x080016b8                HAL_NVIC_SetPriorityGrouping
 .text.HAL_NVIC_SetPriority
                0x080016ce       0x38 ./Drivers/STM32F1xx_HAL_Driver/Src/stm32f1xx_hal_cortex.o
                0x080016ce                HAL_NVIC_SetPriority
 .text.HAL_NVIC_EnableIRQ
                0x08001706       0x1c ./Drivers/STM32F1xx_HAL_Driver/Src/stm32f1xx_hal_cortex.o
                0x08001706                HAL_NVIC_EnableIRQ
 .text.HAL_SYSTICK_Config
                0x08001722       0x18 ./Drivers/STM32F1xx_HAL_Driver/Src/stm32f1xx_hal_cortex.o
                0x08001722                HAL_SYSTICK_Config
 *fill*         0x0800173a        0x2 
 .text.HAL_DMA_Init
                0x0800173c       0xb4 ./Drivers/STM32F1xx_HAL_Driver/Src/stm32f1xx_hal_dma.o
                0x0800173c                HAL_DMA_Init
 .text.HAL_DMA_Start
                0x080017f0       0x86 ./Drivers/STM32F1xx_HAL_Driver/Src/stm32f1xx_hal_dma.o
                0x080017f0                HAL_DMA_Start
 .text.HAL_DMA_Abort
                0x08001876       0x76 ./Drivers/STM32F1xx_HAL_Driver/Src/stm32f1xx_hal_dma.o
                0x08001876                HAL_DMA_Abort
 .text.HAL_DMA_Abort_IT
                0x080018ec       0xf0 ./Drivers/STM32F1xx_HAL_Driver/Src/stm32f1xx_hal_dma.o
                0x080018ec                HAL_DMA_Abort_IT
 .text.HAL_DMA_IRQHandler
                0x080019dc      0x20c ./Drivers/STM32F1xx_HAL_Driver/Src/stm32f1xx_hal_dma.o
                0x080019dc                HAL_DMA_IRQHandler
 .text.DMA_SetConfig
                0x08001be8       0x5a ./Drivers/STM32F1xx_HAL_Driver/Src/stm32f1xx_hal_dma.o
 *fill*         0x08001c42        0x2 
 .text.HAL_GPIO_Init
                0x08001c44      0x308 ./Drivers/STM32F1xx_HAL_Driver/Src/stm32f1xx_hal_gpio.o
                0x08001c44                HAL_GPIO_Init
 .text.HAL_RCC_OscConfig
                0x08001f4c      0x504 ./Drivers/STM32F1xx_HAL_Driver/Src/stm32f1xx_hal_rcc.o
                0x08001f4c                HAL_RCC_OscConfig
 .text.HAL_RCC_ClockConfig
                0x08002450      0x1d4 ./Drivers/STM32F1xx_HAL_Driver/Src/stm32f1xx_hal_rcc.o
                0x08002450                HAL_RCC_ClockConfig
 .text.HAL_RCC_GetSysClockFreq
                0x08002624       0xa8 ./Drivers/STM32F1xx_HAL_Driver/Src/stm32f1xx_hal_rcc.o
                0x08002624                HAL_RCC_GetSysClockFreq
 .text.HAL_RCC_GetHCLKFreq
                0x080026cc       0x14 ./Drivers/STM32F1xx_HAL_Driver/Src/stm32f1xx_hal_rcc.o
                0x080026cc                HAL_RCC_GetHCLKFreq
 .text.HAL_RCC_GetPCLK1Freq
                0x080026e0       0x28 ./Drivers/STM32F1xx_HAL_Driver/Src/stm32f1xx_hal_rcc.o
                0x080026e0                HAL_RCC_GetPCLK1Freq
 .text.HAL_RCC_GetPCLK2Freq
                0x08002708       0x28 ./Drivers/STM32F1xx_HAL_Driver/Src/stm32f1xx_hal_rcc.o
                0x08002708                HAL_RCC_GetPCLK2Freq
 .text.RCC_Delay
                0x08002730       0x3c ./Drivers/STM32F1xx_HAL_Driver/Src/stm32f1xx_hal_rcc.o
 .text.HAL_TIM_Base_Init
                0x0800276c       0x9e ./Drivers/STM32F1xx_HAL_Driver/Src/stm32f1xx_hal_tim.o
                0x0800276c                HAL_TIM_Base_Init
 *fill*         0x0800280a        0x2 
 .text.HAL_TIM_Base_Start
                0x0800280c       0x94 ./Drivers/STM32F1xx_HAL_Driver/Src/stm32f1xx_hal_tim.o
                0x0800280c                HAL_TIM_Base_Start
 .text.HAL_TIM_Base_Start_IT
                0x080028a0       0xa4 ./Drivers/STM32F1xx_HAL_Driver/Src/stm32f1xx_hal_tim.o
                0x080028a0                HAL_TIM_Base_Start_IT
 .text.HAL_TIM_Base_Stop_IT
                0x08002944       0x5c ./Drivers/STM32F1xx_HAL_Driver/Src/stm32f1xx_hal_tim.o
                0x08002944                HAL_TIM_Base_Stop_IT
 .text.HAL_TIM_PWM_Init
                0x080029a0       0x9e ./Drivers/STM32F1xx_HAL_Driver/Src/stm32f1xx_hal_tim.o
                0x080029a0                HAL_TIM_PWM_Init
 .text.HAL_TIM_PWM_MspInit
                0x08002a3e       0x12 ./Drivers/STM32F1xx_HAL_Driver/Src/stm32f1xx_hal_tim.o
                0x08002a3e                HAL_TIM_PWM_MspInit
 .text.HAL_TIM_IRQHandler
                0x08002a50      0x1e0 ./Drivers/STM32F1xx_HAL_Driver/Src/stm32f1xx_hal_tim.o
                0x08002a50                HAL_TIM_IRQHandler
 .text.HAL_TIM_PWM_ConfigChannel
                0x08002c30      0x184 ./Drivers/STM32F1xx_HAL_Driver/Src/stm32f1xx_hal_tim.o
                0x08002c30                HAL_TIM_PWM_ConfigChannel
 .text.HAL_TIM_ConfigClockSource
                0x08002db4      0x18e ./Drivers/STM32F1xx_HAL_Driver/Src/stm32f1xx_hal_tim.o
                0x08002db4                HAL_TIM_ConfigClockSource
 .text.HAL_TIM_OC_DelayElapsedCallback
                0x08002f42       0x12 ./Drivers/STM32F1xx_HAL_Driver/Src/stm32f1xx_hal_tim.o
                0x08002f42                HAL_TIM_OC_DelayElapsedCallback
 .text.HAL_TIM_IC_CaptureCallback
                0x08002f54       0x12 ./Drivers/STM32F1xx_HAL_Driver/Src/stm32f1xx_hal_tim.o
                0x08002f54                HAL_TIM_IC_CaptureCallback
 .text.HAL_TIM_PWM_PulseFinishedCallback
                0x08002f66       0x12 ./Drivers/STM32F1xx_HAL_Driver/Src/stm32f1xx_hal_tim.o
                0x08002f66                HAL_TIM_PWM_PulseFinishedCallback
 .text.HAL_TIM_TriggerCallback
                0x08002f78       0x12 ./Drivers/STM32F1xx_HAL_Driver/Src/stm32f1xx_hal_tim.o
                0x08002f78                HAL_TIM_TriggerCallback
 *fill*         0x08002f8a        0x2 
 .text.TIM_Base_SetConfig
                0x08002f8c       0xdc ./Drivers/STM32F1xx_HAL_Driver/Src/stm32f1xx_hal_tim.o
                0x08002f8c                TIM_Base_SetConfig
 .text.TIM_OC1_SetConfig
                0x08003068       0xcc ./Drivers/STM32F1xx_HAL_Driver/Src/stm32f1xx_hal_tim.o
 .text.TIM_OC2_SetConfig
                0x08003134       0xd4 ./Drivers/STM32F1xx_HAL_Driver/Src/stm32f1xx_hal_tim.o
                0x08003134                TIM_OC2_SetConfig
 .text.TIM_OC3_SetConfig
                0x08003208       0xd4 ./Drivers/STM32F1xx_HAL_Driver/Src/stm32f1xx_hal_tim.o
 .text.TIM_OC4_SetConfig
                0x080032dc       0x9c ./Drivers/STM32F1xx_HAL_Driver/Src/stm32f1xx_hal_tim.o
 .text.TIM_TI1_ConfigInputStage
                0x08003378       0x5c ./Drivers/STM32F1xx_HAL_Driver/Src/stm32f1xx_hal_tim.o
 .text.TIM_TI2_ConfigInputStage
                0x080033d4       0x5e ./Drivers/STM32F1xx_HAL_Driver/Src/stm32f1xx_hal_tim.o
 .text.TIM_ITRx_SetConfig
                0x08003432       0x34 ./Drivers/STM32F1xx_HAL_Driver/Src/stm32f1xx_hal_tim.o
 .text.TIM_ETR_SetConfig
                0x08003466       0x3e ./Drivers/STM32F1xx_HAL_Driver/Src/stm32f1xx_hal_tim.o
                0x08003466                TIM_ETR_SetConfig
 .text.HAL_TIMEx_MasterConfigSynchronization
                0x080034a4       0xbc ./Drivers/STM32F1xx_HAL_Driver/Src/stm32f1xx_hal_tim_ex.o
                0x080034a4                HAL_TIMEx_MasterConfigSynchronization
 .text.HAL_TIMEx_CommutCallback
                0x08003560       0x12 ./Drivers/STM32F1xx_HAL_Driver/Src/stm32f1xx_hal_tim_ex.o
                0x08003560                HAL_TIMEx_CommutCallback
 .text.HAL_TIMEx_BreakCallback
                0x08003572       0x12 ./Drivers/STM32F1xx_HAL_Driver/Src/stm32f1xx_hal_tim_ex.o
                0x08003572                HAL_TIMEx_BreakCallback
 .text.HAL_UART_Init
                0x08003584       0xa0 ./Drivers/STM32F1xx_HAL_Driver/Src/stm32f1xx_hal_uart.o
                0x08003584                HAL_UART_Init
 .text.HAL_UART_Transmit
                0x08003624      0x116 ./Drivers/STM32F1xx_HAL_Driver/Src/stm32f1xx_hal_uart.o
                0x08003624                HAL_UART_Transmit
 .text.HAL_UART_Transmit_IT
                0x0800373a       0x6a ./Drivers/STM32F1xx_HAL_Driver/Src/stm32f1xx_hal_uart.o
                0x0800373a                HAL_UART_Transmit_IT
 .text.HAL_UART_Receive_IT
                0x080037a4       0x4a ./Drivers/STM32F1xx_HAL_Driver/Src/stm32f1xx_hal_uart.o
                0x080037a4                HAL_UART_Receive_IT
 *fill*         0x080037ee        0x2 
 .text.HAL_UART_AbortTransmit_IT
                0x080037f0       0xe8 ./Drivers/STM32F1xx_HAL_Driver/Src/stm32f1xx_hal_uart.o
                0x080037f0                HAL_UART_AbortTransmit_IT
 .text.HAL_UART_AbortReceive_IT
                0x080038d8      0x164 ./Drivers/STM32F1xx_HAL_Driver/Src/stm32f1xx_hal_uart.o
                0x080038d8                HAL_UART_AbortReceive_IT
 .text.HAL_UART_IRQHandler
                0x08003a3c      0x524 ./Drivers/STM32F1xx_HAL_Driver/Src/stm32f1xx_hal_uart.o
                0x08003a3c                HAL_UART_IRQHandler
 .text.HAL_UART_AbortTransmitCpltCallback
                0x08003f60       0x12 ./Drivers/STM32F1xx_HAL_Driver/Src/stm32f1xx_hal_uart.o
                0x08003f60                HAL_UART_AbortTransmitCpltCallback
 .text.HAL_UART_AbortReceiveCpltCallback
                0x08003f72       0x12 ./Drivers/STM32F1xx_HAL_Driver/Src/stm32f1xx_hal_uart.o
                0x08003f72                HAL_UART_AbortReceiveCpltCallback
 .text.HAL_UARTEx_RxEventCallback
                0x08003f84       0x16 ./Drivers/STM32F1xx_HAL_Driver/Src/stm32f1xx_hal_uart.o
                0x08003f84                HAL_UARTEx_RxEventCallback
 .text.UART_WaitOnFlagUntilTimeout
                0x08003f9a       0xb2 ./Drivers/STM32F1xx_HAL_Driver/Src/stm32f1xx_hal_uart.o
 .text.UART_Start_Receive_IT
                0x0800404c       0x72 ./Drivers/STM32F1xx_HAL_Driver/Src/stm32f1xx_hal_uart.o
                0x0800404c                UART_Start_Receive_IT
 .text.UART_EndRxTransfer
                0x080040be       0xc4 ./Drivers/STM32F1xx_HAL_Driver/Src/stm32f1xx_hal_uart.o
 .text.UART_DMAAbortOnError
                0x08004182       0x28 ./Drivers/STM32F1xx_HAL_Driver/Src/stm32f1xx_hal_uart.o
 .text.UART_DMATxOnlyAbortCallback
                0x080041aa       0x2a ./Drivers/STM32F1xx_HAL_Driver/Src/stm32f1xx_hal_uart.o
 .text.UART_DMARxOnlyAbortCallback
                0x080041d4       0x30 ./Drivers/STM32F1xx_HAL_Driver/Src/stm32f1xx_hal_uart.o
 .text.UART_Transmit_IT
                0x08004204       0x9e ./Drivers/STM32F1xx_HAL_Driver/Src/stm32f1xx_hal_uart.o
 .text.UART_EndTransmit_IT
                0x080042a2       0x30 ./Drivers/STM32F1xx_HAL_Driver/Src/stm32f1xx_hal_uart.o
 .text.UART_Receive_IT
                0x080042d2      0x17c ./Drivers/STM32F1xx_HAL_Driver/Src/stm32f1xx_hal_uart.o
 *fill*         0x0800444e        0x2 
 .text.UART_SetConfig
                0x08004450      0x11c ./Drivers/STM32F1xx_HAL_Driver/Src/stm32f1xx_hal_uart.o
 .text.eMBFuncReadCoils
                0x0800456c       0xf4 ./Modules/modbus/functions/mbfunccoils.o
                0x0800456c                eMBFuncReadCoils
 .text.eMBFuncWriteCoil
                0x08004660       0x9e ./Modules/modbus/functions/mbfunccoils.o
                0x08004660                eMBFuncWriteCoil
 .text.eMBFuncWriteMultipleCoils
                0x080046fe       0xc4 ./Modules/modbus/functions/mbfunccoils.o
                0x080046fe                eMBFuncWriteMultipleCoils
 .text.eMBFuncReadDiscreteInputs
                0x080047c2       0xf4 ./Modules/modbus/functions/mbfuncdisc.o
                0x080047c2                eMBFuncReadDiscreteInputs
 .text.eMBFuncWriteHoldingRegister
                0x080048b6       0x62 ./Modules/modbus/functions/mbfuncholding.o
                0x080048b6                eMBFuncWriteHoldingRegister
 .text.eMBFuncWriteMultipleHoldingRegister
                0x08004918       0xa8 ./Modules/modbus/functions/mbfuncholding.o
                0x08004918                eMBFuncWriteMultipleHoldingRegister
 .text.eMBFuncReadHoldingRegister
                0x080049c0       0xda ./Modules/modbus/functions/mbfuncholding.o
                0x080049c0                eMBFuncReadHoldingRegister
 .text.eMBFuncReadWriteMultipleHoldingRegister
                0x08004a9a      0x140 ./Modules/modbus/functions/mbfuncholding.o
                0x08004a9a                eMBFuncReadWriteMultipleHoldingRegister
 .text.eMBFuncReadInputRegister
                0x08004bda       0xda ./Modules/modbus/functions/mbfuncinput.o
                0x08004bda                eMBFuncReadInputRegister
 .text.eMBFuncReportSlaveID
                0x08004cb4       0x38 ./Modules/modbus/functions/mbfuncother.o
                0x08004cb4                eMBFuncReportSlaveID
 .text.prveMBError2Exception
                0x08004cec       0x42 ./Modules/modbus/functions/mbutils.o
                0x08004cec                prveMBError2Exception
 *fill*         0x08004d2e        0x2 
 .text.eMBInit  0x08004d30       0xf8 ./Modules/modbus/mb.o
                0x08004d30                eMBInit
 .text.eMBEnable
                0x08004e28       0x38 ./Modules/modbus/mb.o
                0x08004e28                eMBEnable
 .text.eMBPoll  0x08004e60      0x174 ./Modules/modbus/mb.o
                0x08004e60                eMBPoll
 .text.EnterCriticalSection
                0x08004fd4       0x20 ./Modules/modbus/port/mt_port.o
                0x08004fd4                EnterCriticalSection
 .text.ExitCriticalSection
                0x08004ff4       0x28 ./Modules/modbus/port/mt_port.o
                0x08004ff4                ExitCriticalSection
 .text.MT_PORT_SetTimerModule
                0x0800501c       0x1c ./Modules/modbus/port/mt_port.o
                0x0800501c                MT_PORT_SetTimerModule
 .text.MT_PORT_SetUartModule
                0x08005038       0x1c ./Modules/modbus/port/mt_port.o
                0x08005038                MT_PORT_SetUartModule
 .text.xMBPortEventInit
                0x08005054       0x18 ./Modules/modbus/port/portevent.o
                0x08005054                xMBPortEventInit
 .text.xMBPortEventPost
                0x0800506c       0x2c ./Modules/modbus/port/portevent.o
                0x0800506c                xMBPortEventPost
 .text.xMBPortEventGet
                0x08005098       0x3c ./Modules/modbus/port/portevent.o
                0x08005098                xMBPortEventGet
 .text.mb_irq_save_disable
                0x080050d4       0x20 ./Modules/modbus/port/portserial.o
 .text.mb_irq_restore
                0x080050f4       0x1e ./Modules/modbus/port/portserial.o
 *fill*         0x08005112        0x2 
 .text.intToStr
                0x08005114       0xe0 ./Modules/modbus/port/portserial.o
                0x08005114                intToStr
 .text.uart_send_char
                0x080051f4       0x28 ./Modules/modbus/port/portserial.o
                0x080051f4                uart_send_char
 .text.uart_send_string
                0x0800521c       0x30 ./Modules/modbus/port/portserial.o
                0x0800521c                uart_send_string
 .text.tjc_send_txt
                0x0800524c       0x50 ./Modules/modbus/port/portserial.o
                0x0800524c                tjc_send_txt
 .text.tjc_send_val
                0x0800529c       0x60 ./Modules/modbus/port/portserial.o
                0x0800529c                tjc_send_val
 .text.vMBPortSerialEnable
                0x080052fc       0x64 ./Modules/modbus/port/portserial.o
                0x080052fc                vMBPortSerialEnable
 .text.xMBPortSerialInit
                0x08005360       0x24 ./Modules/modbus/port/portserial.o
                0x08005360                xMBPortSerialInit
 .text.xMBPortSerialPutByte
                0x08005384       0x30 ./Modules/modbus/port/portserial.o
                0x08005384                xMBPortSerialPutByte
 .text.xMBPortSerialGetByte
                0x080053b4       0x20 ./Modules/modbus/port/portserial.o
                0x080053b4                xMBPortSerialGetByte
 .text.prvvUARTTxReadyISR
                0x080053d4       0x14 ./Modules/modbus/port/portserial.o
 .text.prvvUARTRxISR
                0x080053e8       0x14 ./Modules/modbus/port/portserial.o
 .text.initRingBuffer
                0x080053fc       0x30 ./Modules/modbus/port/portserial.o
                0x080053fc                initRingBuffer
 .text.write1ByteToRingBuffer
                0x0800542c       0x74 ./Modules/modbus/port/portserial.o
                0x0800542c                write1ByteToRingBuffer
 .text.HAL_UART_TxCpltCallback
                0x080054a0       0x28 ./Modules/modbus/port/portserial.o
                0x080054a0                HAL_UART_TxCpltCallback
 .text.HAL_UART_RxCpltCallback
                0x080054c8       0x68 ./Modules/modbus/port/portserial.o
                0x080054c8                HAL_UART_RxCpltCallback
 .text.HAL_UART_ErrorCallback
                0x08005530       0x68 ./Modules/modbus/port/portserial.o
                0x08005530                HAL_UART_ErrorCallback
 .text.xMBPortTimersInit
                0x08005598       0x20 ./Modules/modbus/port/porttimer.o
                0x08005598                xMBPortTimersInit
 .text.vMBPortTimersEnable
                0x080055b8       0x20 ./Modules/modbus/port/porttimer.o
                0x080055b8                vMBPortTimersEnable
 .text.vMBPortTimersDisable
                0x080055d8       0x18 ./Modules/modbus/port/porttimer.o
                0x080055d8                vMBPortTimersDisable
 .text.prvvTIMERExpiredISR
                0x080055f0       0x14 ./Modules/modbus/port/porttimer.o
 .text.HAL_TIM_PeriodElapsedCallback
                0x08005604       0x48 ./Modules/modbus/port/porttimer.o
                0x08005604                HAL_TIM_PeriodElapsedCallback
 .text.usMBCRC16
                0x0800564c       0x6c ./Modules/modbus/rtu/mbcrc.o
                0x0800564c                usMBCRC16
 .text.eMBRTUInit
                0x080056b8       0x78 ./Modules/modbus/rtu/mbrtu.o
                0x080056b8                eMBRTUInit
 .text.eMBRTUStart
                0x08005730       0x28 ./Modules/modbus/rtu/mbrtu.o
                0x08005730                eMBRTUStart
 .text.eMBRTUStop
                0x08005758       0x1c ./Modules/modbus/rtu/mbrtu.o
                0x08005758                eMBRTUStop
 .text.eMBRTUReceive
                0x08005774       0x94 ./Modules/modbus/rtu/mbrtu.o
                0x08005774                eMBRTUReceive
 .text.eMBRTUSend
                0x08005808       0xc8 ./Modules/modbus/rtu/mbrtu.o
                0x08005808                eMBRTUSend
 .text.xMBRTUReceiveFSM
                0x080058d0       0xd0 ./Modules/modbus/rtu/mbrtu.o
                0x080058d0                xMBRTUReceiveFSM
 .text.xMBRTUTransmitFSM
                0x080059a0       0xb0 ./Modules/modbus/rtu/mbrtu.o
                0x080059a0                xMBRTUTransmitFSM
 .text.xMBRTUTimerT35Expired
                0x08005a50       0x8c ./Modules/modbus/rtu/mbrtu.o
                0x08005a50                xMBRTUTimerT35Expired
 .text.__assert_func
                0x08005adc       0x3c C:/ST/STM32CubeIDE_1.19.0/STM32CubeIDE/plugins/com.st.stm32cube.ide.mcu.externaltools.gnu-tools-for-stm32.13.3.rel1.win32_1.0.0.202411081344/tools/bin/../lib/gcc/arm-none-eabi/13.3.1/../../../../arm-none-eabi/lib/thumb/v7-m/nofp\libc_nano.a(libc_a-assert.o)
                0x08005adc                __assert_func
 .text.std      0x08005b18       0x6c C:/ST/STM32CubeIDE_1.19.0/STM32CubeIDE/plugins/com.st.stm32cube.ide.mcu.externaltools.gnu-tools-for-stm32.13.3.rel1.win32_1.0.0.202411081344/tools/bin/../lib/gcc/arm-none-eabi/13.3.1/../../../../arm-none-eabi/lib/thumb/v7-m/nofp\libc_nano.a(libc_a-findfp.o)
 .text.stdio_exit_handler
                0x08005b84       0x18 C:/ST/STM32CubeIDE_1.19.0/STM32CubeIDE/plugins/com.st.stm32cube.ide.mcu.externaltools.gnu-tools-for-stm32.13.3.rel1.win32_1.0.0.202411081344/tools/bin/../lib/gcc/arm-none-eabi/13.3.1/../../../../arm-none-eabi/lib/thumb/v7-m/nofp\libc_nano.a(libc_a-findfp.o)
 .text.cleanup_stdio
                0x08005b9c       0x40 C:/ST/STM32CubeIDE_1.19.0/STM32CubeIDE/plugins/com.st.stm32cube.ide.mcu.externaltools.gnu-tools-for-stm32.13.3.rel1.win32_1.0.0.202411081344/tools/bin/../lib/gcc/arm-none-eabi/13.3.1/../../../../arm-none-eabi/lib/thumb/v7-m/nofp\libc_nano.a(libc_a-findfp.o)
 .text.global_stdio_init.part.0
                0x08005bdc       0x3c C:/ST/STM32CubeIDE_1.19.0/STM32CubeIDE/plugins/com.st.stm32cube.ide.mcu.externaltools.gnu-tools-for-stm32.13.3.rel1.win32_1.0.0.202411081344/tools/bin/../lib/gcc/arm-none-eabi/13.3.1/../../../../arm-none-eabi/lib/thumb/v7-m/nofp\libc_nano.a(libc_a-findfp.o)
 .text.__sfp_lock_acquire
                0x08005c18        0xc C:/ST/STM32CubeIDE_1.19.0/STM32CubeIDE/plugins/com.st.stm32cube.ide.mcu.externaltools.gnu-tools-for-stm32.13.3.rel1.win32_1.0.0.202411081344/tools/bin/../lib/gcc/arm-none-eabi/13.3.1/../../../../arm-none-eabi/lib/thumb/v7-m/nofp\libc_nano.a(libc_a-findfp.o)
                0x08005c18                __sfp_lock_acquire
 .text.__sfp_lock_release
                0x08005c24        0xc C:/ST/STM32CubeIDE_1.19.0/STM32CubeIDE/plugins/com.st.stm32cube.ide.mcu.externaltools.gnu-tools-for-stm32.13.3.rel1.win32_1.0.0.202411081344/tools/bin/../lib/gcc/arm-none-eabi/13.3.1/../../../../arm-none-eabi/lib/thumb/v7-m/nofp\libc_nano.a(libc_a-findfp.o)
                0x08005c24                __sfp_lock_release
 .text.__sinit  0x08005c30       0x30 C:/ST/STM32CubeIDE_1.19.0/STM32CubeIDE/plugins/com.st.stm32cube.ide.mcu.externaltools.gnu-tools-for-stm32.13.3.rel1.win32_1.0.0.202411081344/tools/bin/../lib/gcc/arm-none-eabi/13.3.1/../../../../arm-none-eabi/lib/thumb/v7-m/nofp\libc_nano.a(libc_a-findfp.o)
                0x08005c30                __sinit
 .text.fprintf  0x08005c60       0x24 C:/ST/STM32CubeIDE_1.19.0/STM32CubeIDE/plugins/com.st.stm32cube.ide.mcu.externaltools.gnu-tools-for-stm32.13.3.rel1.win32_1.0.0.202411081344/tools/bin/../lib/gcc/arm-none-eabi/13.3.1/../../../../arm-none-eabi/lib/thumb/v7-m/nofp\libc_nano.a(libc_a-fprintf.o)
                0x08005c60                fiprintf
                0x08005c60                fprintf
 .text._fwalk_sglue
                0x08005c84       0x3c C:/ST/STM32CubeIDE_1.19.0/STM32CubeIDE/plugins/com.st.stm32cube.ide.mcu.externaltools.gnu-tools-for-stm32.13.3.rel1.win32_1.0.0.202411081344/tools/bin/../lib/gcc/arm-none-eabi/13.3.1/../../../../arm-none-eabi/lib/thumb/v7-m/nofp\libc_nano.a(libc_a-fwalk.o)
                0x08005c84                _fwalk_sglue
 .text.__sread  0x08005cc0       0x22 C:/ST/STM32CubeIDE_1.19.0/STM32CubeIDE/plugins/com.st.stm32cube.ide.mcu.externaltools.gnu-tools-for-stm32.13.3.rel1.win32_1.0.0.202411081344/tools/bin/../lib/gcc/arm-none-eabi/13.3.1/../../../../arm-none-eabi/lib/thumb/v7-m/nofp\libc_nano.a(libc_a-stdio.o)
                0x08005cc0                __sread
 .text.__swrite
                0x08005ce2       0x38 C:/ST/STM32CubeIDE_1.19.0/STM32CubeIDE/plugins/com.st.stm32cube.ide.mcu.externaltools.gnu-tools-for-stm32.13.3.rel1.win32_1.0.0.202411081344/tools/bin/../lib/gcc/arm-none-eabi/13.3.1/../../../../arm-none-eabi/lib/thumb/v7-m/nofp\libc_nano.a(libc_a-stdio.o)
                0x08005ce2                __swrite
 .text.__sseek  0x08005d1a       0x24 C:/ST/STM32CubeIDE_1.19.0/STM32CubeIDE/plugins/com.st.stm32cube.ide.mcu.externaltools.gnu-tools-for-stm32.13.3.rel1.win32_1.0.0.202411081344/tools/bin/../lib/gcc/arm-none-eabi/13.3.1/../../../../arm-none-eabi/lib/thumb/v7-m/nofp\libc_nano.a(libc_a-stdio.o)
                0x08005d1a                __sseek
 .text.__sclose
                0x08005d3e        0x8 C:/ST/STM32CubeIDE_1.19.0/STM32CubeIDE/plugins/com.st.stm32cube.ide.mcu.externaltools.gnu-tools-for-stm32.13.3.rel1.win32_1.0.0.202411081344/tools/bin/../lib/gcc/arm-none-eabi/13.3.1/../../../../arm-none-eabi/lib/thumb/v7-m/nofp\libc_nano.a(libc_a-stdio.o)
                0x08005d3e                __sclose
 .text.memset   0x08005d46       0x10 C:/ST/STM32CubeIDE_1.19.0/STM32CubeIDE/plugins/com.st.stm32cube.ide.mcu.externaltools.gnu-tools-for-stm32.13.3.rel1.win32_1.0.0.202411081344/tools/bin/../lib/gcc/arm-none-eabi/13.3.1/../../../../arm-none-eabi/lib/thumb/v7-m/nofp\libc_nano.a(libc_a-memset.o)
                0x08005d46                memset
 *fill*         0x08005d56        0x2 
 .text._close_r
                0x08005d58       0x20 C:/ST/STM32CubeIDE_1.19.0/STM32CubeIDE/plugins/com.st.stm32cube.ide.mcu.externaltools.gnu-tools-for-stm32.13.3.rel1.win32_1.0.0.202411081344/tools/bin/../lib/gcc/arm-none-eabi/13.3.1/../../../../arm-none-eabi/lib/thumb/v7-m/nofp\libc_nano.a(libc_a-closer.o)
                0x08005d58                _close_r
 .text._lseek_r
                0x08005d78       0x24 C:/ST/STM32CubeIDE_1.19.0/STM32CubeIDE/plugins/com.st.stm32cube.ide.mcu.externaltools.gnu-tools-for-stm32.13.3.rel1.win32_1.0.0.202411081344/tools/bin/../lib/gcc/arm-none-eabi/13.3.1/../../../../arm-none-eabi/lib/thumb/v7-m/nofp\libc_nano.a(libc_a-lseekr.o)
                0x08005d78                _lseek_r
 .text._read_r  0x08005d9c       0x24 C:/ST/STM32CubeIDE_1.19.0/STM32CubeIDE/plugins/com.st.stm32cube.ide.mcu.externaltools.gnu-tools-for-stm32.13.3.rel1.win32_1.0.0.202411081344/tools/bin/../lib/gcc/arm-none-eabi/13.3.1/../../../../arm-none-eabi/lib/thumb/v7-m/nofp\libc_nano.a(libc_a-readr.o)
                0x08005d9c                _read_r
 .text._write_r
                0x08005dc0       0x24 C:/ST/STM32CubeIDE_1.19.0/STM32CubeIDE/plugins/com.st.stm32cube.ide.mcu.externaltools.gnu-tools-for-stm32.13.3.rel1.win32_1.0.0.202411081344/tools/bin/../lib/gcc/arm-none-eabi/13.3.1/../../../../arm-none-eabi/lib/thumb/v7-m/nofp\libc_nano.a(libc_a-writer.o)
                0x08005dc0                _write_r
 .text.__errno  0x08005de4        0xc C:/ST/STM32CubeIDE_1.19.0/STM32CubeIDE/plugins/com.st.stm32cube.ide.mcu.externaltools.gnu-tools-for-stm32.13.3.rel1.win32_1.0.0.202411081344/tools/bin/../lib/gcc/arm-none-eabi/13.3.1/../../../../arm-none-eabi/lib/thumb/v7-m/nofp\libc_nano.a(libc_a-errno.o)
                0x08005de4                __errno
 .text.__libc_init_array
                0x08005df0       0x48 C:/ST/STM32CubeIDE_1.19.0/STM32CubeIDE/plugins/com.st.stm32cube.ide.mcu.externaltools.gnu-tools-for-stm32.13.3.rel1.win32_1.0.0.202411081344/tools/bin/../lib/gcc/arm-none-eabi/13.3.1/../../../../arm-none-eabi/lib/thumb/v7-m/nofp\libc_nano.a(libc_a-init.o)
                0x08005df0                __libc_init_array
 .text.__retarget_lock_init_recursive
                0x08005e38        0x2 C:/ST/STM32CubeIDE_1.19.0/STM32CubeIDE/plugins/com.st.stm32cube.ide.mcu.externaltools.gnu-tools-for-stm32.13.3.rel1.win32_1.0.0.202411081344/tools/bin/../lib/gcc/arm-none-eabi/13.3.1/../../../../arm-none-eabi/lib/thumb/v7-m/nofp\libc_nano.a(libc_a-lock.o)
                0x08005e38                __retarget_lock_init_recursive
 .text.__retarget_lock_acquire_recursive
                0x08005e3a        0x2 C:/ST/STM32CubeIDE_1.19.0/STM32CubeIDE/plugins/com.st.stm32cube.ide.mcu.externaltools.gnu-tools-for-stm32.13.3.rel1.win32_1.0.0.202411081344/tools/bin/../lib/gcc/arm-none-eabi/13.3.1/../../../../arm-none-eabi/lib/thumb/v7-m/nofp\libc_nano.a(libc_a-lock.o)
                0x08005e3a                __retarget_lock_acquire_recursive
 .text.__retarget_lock_release_recursive
                0x08005e3c        0x2 C:/ST/STM32CubeIDE_1.19.0/STM32CubeIDE/plugins/com.st.stm32cube.ide.mcu.externaltools.gnu-tools-for-stm32.13.3.rel1.win32_1.0.0.202411081344/tools/bin/../lib/gcc/arm-none-eabi/13.3.1/../../../../arm-none-eabi/lib/thumb/v7-m/nofp\libc_nano.a(libc_a-lock.o)
                0x08005e3c                __retarget_lock_release_recursive
 .text.memcpy   0x08005e3e       0x1c C:/ST/STM32CubeIDE_1.19.0/STM32CubeIDE/plugins/com.st.stm32cube.ide.mcu.externaltools.gnu-tools-for-stm32.13.3.rel1.win32_1.0.0.202411081344/tools/bin/../lib/gcc/arm-none-eabi/13.3.1/../../../../arm-none-eabi/lib/thumb/v7-m/nofp\libc_nano.a(libc_a-memcpy-stub.o)
                0x08005e3e                memcpy
 .text.abort    0x08005e5a        0xe C:/ST/STM32CubeIDE_1.19.0/STM32CubeIDE/plugins/com.st.stm32cube.ide.mcu.externaltools.gnu-tools-for-stm32.13.3.rel1.win32_1.0.0.202411081344/tools/bin/../lib/gcc/arm-none-eabi/13.3.1/../../../../arm-none-eabi/lib/thumb/v7-m/nofp\libc_nano.a(libc_a-abort.o)
                0x08005e5a                abort
 .text._free_r  0x08005e68       0x90 C:/ST/STM32CubeIDE_1.19.0/STM32CubeIDE/plugins/com.st.stm32cube.ide.mcu.externaltools.gnu-tools-for-stm32.13.3.rel1.win32_1.0.0.202411081344/tools/bin/../lib/gcc/arm-none-eabi/13.3.1/../../../../arm-none-eabi/lib/thumb/v7-m/nofp\libc_nano.a(libc_a-freer.o)
                0x08005e68                _free_r
 .text.sbrk_aligned
                0x08005ef8       0x44 C:/ST/STM32CubeIDE_1.19.0/STM32CubeIDE/plugins/com.st.stm32cube.ide.mcu.externaltools.gnu-tools-for-stm32.13.3.rel1.win32_1.0.0.202411081344/tools/bin/../lib/gcc/arm-none-eabi/13.3.1/../../../../arm-none-eabi/lib/thumb/v7-m/nofp\libc_nano.a(libc_a-mallocr.o)
 .text._malloc_r
                0x08005f3c      0x100 C:/ST/STM32CubeIDE_1.19.0/STM32CubeIDE/plugins/com.st.stm32cube.ide.mcu.externaltools.gnu-tools-for-stm32.13.3.rel1.win32_1.0.0.202411081344/tools/bin/../lib/gcc/arm-none-eabi/13.3.1/../../../../arm-none-eabi/lib/thumb/v7-m/nofp\libc_nano.a(libc_a-mallocr.o)
                0x08005f3c                _malloc_r
 .text.__malloc_lock
                0x0800603c        0xc C:/ST/STM32CubeIDE_1.19.0/STM32CubeIDE/plugins/com.st.stm32cube.ide.mcu.externaltools.gnu-tools-for-stm32.13.3.rel1.win32_1.0.0.202411081344/tools/bin/../lib/gcc/arm-none-eabi/13.3.1/../../../../arm-none-eabi/lib/thumb/v7-m/nofp\libc_nano.a(libc_a-mlock.o)
                0x0800603c                __malloc_lock
 .text.__malloc_unlock
                0x08006048        0xc C:/ST/STM32CubeIDE_1.19.0/STM32CubeIDE/plugins/com.st.stm32cube.ide.mcu.externaltools.gnu-tools-for-stm32.13.3.rel1.win32_1.0.0.202411081344/tools/bin/../lib/gcc/arm-none-eabi/13.3.1/../../../../arm-none-eabi/lib/thumb/v7-m/nofp\libc_nano.a(libc_a-mlock.o)
                0x08006048                __malloc_unlock
 .text.__sfputc_r
                0x08006054       0x2a C:/ST/STM32CubeIDE_1.19.0/STM32CubeIDE/plugins/com.st.stm32cube.ide.mcu.externaltools.gnu-tools-for-stm32.13.3.rel1.win32_1.0.0.202411081344/tools/bin/../lib/gcc/arm-none-eabi/13.3.1/../../../../arm-none-eabi/lib/thumb/v7-m/nofp\libc_nano.a(libc_a-nano-vfprintf.o)
 .text.__sfputs_r
                0x0800607e       0x24 C:/ST/STM32CubeIDE_1.19.0/STM32CubeIDE/plugins/com.st.stm32cube.ide.mcu.externaltools.gnu-tools-for-stm32.13.3.rel1.win32_1.0.0.202411081344/tools/bin/../lib/gcc/arm-none-eabi/13.3.1/../../../../arm-none-eabi/lib/thumb/v7-m/nofp\libc_nano.a(libc_a-nano-vfprintf.o)
                0x0800607e                __sfputs_r
 *fill*         0x080060a2        0x2 
 .text._vfprintf_r
                0x080060a4      0x230 C:/ST/STM32CubeIDE_1.19.0/STM32CubeIDE/plugins/com.st.stm32cube.ide.mcu.externaltools.gnu-tools-for-stm32.13.3.rel1.win32_1.0.0.202411081344/tools/bin/../lib/gcc/arm-none-eabi/13.3.1/../../../../arm-none-eabi/lib/thumb/v7-m/nofp\libc_nano.a(libc_a-nano-vfprintf.o)
                0x080060a4                _vfprintf_r
                0x080060a4                _vfiprintf_r
 .text._printf_common
                0x080062d4       0xe4 C:/ST/STM32CubeIDE_1.19.0/STM32CubeIDE/plugins/com.st.stm32cube.ide.mcu.externaltools.gnu-tools-for-stm32.13.3.rel1.win32_1.0.0.202411081344/tools/bin/../lib/gcc/arm-none-eabi/13.3.1/../../../../arm-none-eabi/lib/thumb/v7-m/nofp\libc_nano.a(libc_a-nano-vfprintf_i.o)
                0x080062d4                _printf_common
 .text._printf_i
                0x080063b8      0x23c C:/ST/STM32CubeIDE_1.19.0/STM32CubeIDE/plugins/com.st.stm32cube.ide.mcu.externaltools.gnu-tools-for-stm32.13.3.rel1.win32_1.0.0.202411081344/tools/bin/../lib/gcc/arm-none-eabi/13.3.1/../../../../arm-none-eabi/lib/thumb/v7-m/nofp\libc_nano.a(libc_a-nano-vfprintf_i.o)
                0x080063b8                _printf_i
 .text.__sflush_r
                0x080065f4      0x100 C:/ST/STM32CubeIDE_1.19.0/STM32CubeIDE/plugins/com.st.stm32cube.ide.mcu.externaltools.gnu-tools-for-stm32.13.3.rel1.win32_1.0.0.202411081344/tools/bin/../lib/gcc/arm-none-eabi/13.3.1/../../../../arm-none-eabi/lib/thumb/v7-m/nofp\libc_nano.a(libc_a-fflush.o)
                0x080065f4                __sflush_r
 .text._fflush_r
                0x080066f4       0x50 C:/ST/STM32CubeIDE_1.19.0/STM32CubeIDE/plugins/com.st.stm32cube.ide.mcu.externaltools.gnu-tools-for-stm32.13.3.rel1.win32_1.0.0.202411081344/tools/bin/../lib/gcc/arm-none-eabi/13.3.1/../../../../arm-none-eabi/lib/thumb/v7-m/nofp\libc_nano.a(libc_a-fflush.o)
                0x080066f4                _fflush_r
 .text.__swbuf_r
                0x08006744       0x7c C:/ST/STM32CubeIDE_1.19.0/STM32CubeIDE/plugins/com.st.stm32cube.ide.mcu.externaltools.gnu-tools-for-stm32.13.3.rel1.win32_1.0.0.202411081344/tools/bin/../lib/gcc/arm-none-eabi/13.3.1/../../../../arm-none-eabi/lib/thumb/v7-m/nofp\libc_nano.a(libc_a-wbuf.o)
                0x08006744                __swbuf_r
 .text.__swsetup_r
                0x080067c0       0xac C:/ST/STM32CubeIDE_1.19.0/STM32CubeIDE/plugins/com.st.stm32cube.ide.mcu.externaltools.gnu-tools-for-stm32.13.3.rel1.win32_1.0.0.202411081344/tools/bin/../lib/gcc/arm-none-eabi/13.3.1/../../../../arm-none-eabi/lib/thumb/v7-m/nofp\libc_nano.a(libc_a-wsetup.o)
                0x080067c0                __swsetup_r
 .text._raise_r
                0x0800686c       0x50 C:/ST/STM32CubeIDE_1.19.0/STM32CubeIDE/plugins/com.st.stm32cube.ide.mcu.externaltools.gnu-tools-for-stm32.13.3.rel1.win32_1.0.0.202411081344/tools/bin/../lib/gcc/arm-none-eabi/13.3.1/../../../../arm-none-eabi/lib/thumb/v7-m/nofp\libc_nano.a(libc_a-signal.o)
                0x0800686c                _raise_r
 .text.raise    0x080068bc       0x10 C:/ST/STM32CubeIDE_1.19.0/STM32CubeIDE/plugins/com.st.stm32cube.ide.mcu.externaltools.gnu-tools-for-stm32.13.3.rel1.win32_1.0.0.202411081344/tools/bin/../lib/gcc/arm-none-eabi/13.3.1/../../../../arm-none-eabi/lib/thumb/v7-m/nofp\libc_nano.a(libc_a-signal.o)
                0x080068bc                raise
 .text._kill_r  0x080068cc       0x24 C:/ST/STM32CubeIDE_1.19.0/STM32CubeIDE/plugins/com.st.stm32cube.ide.mcu.externaltools.gnu-tools-for-stm32.13.3.rel1.win32_1.0.0.202411081344/tools/bin/../lib/gcc/arm-none-eabi/13.3.1/../../../../arm-none-eabi/lib/thumb/v7-m/nofp\libc_nano.a(libc_a-signalr.o)
                0x080068cc                _kill_r
 .text._getpid_r
                0x080068f0        0x4 C:/ST/STM32CubeIDE_1.19.0/STM32CubeIDE/plugins/com.st.stm32cube.ide.mcu.externaltools.gnu-tools-for-stm32.13.3.rel1.win32_1.0.0.202411081344/tools/bin/../lib/gcc/arm-none-eabi/13.3.1/../../../../arm-none-eabi/lib/thumb/v7-m/nofp\libc_nano.a(libc_a-signalr.o)
                0x080068f0                _getpid_r
 .text._sbrk_r  0x080068f4       0x20 C:/ST/STM32CubeIDE_1.19.0/STM32CubeIDE/plugins/com.st.stm32cube.ide.mcu.externaltools.gnu-tools-for-stm32.13.3.rel1.win32_1.0.0.202411081344/tools/bin/../lib/gcc/arm-none-eabi/13.3.1/../../../../arm-none-eabi/lib/thumb/v7-m/nofp\libc_nano.a(libc_a-sbrkr.o)
                0x080068f4                _sbrk_r
 .text.memchr   0x08006914       0x1c C:/ST/STM32CubeIDE_1.19.0/STM32CubeIDE/plugins/com.st.stm32cube.ide.mcu.externaltools.gnu-tools-for-stm32.13.3.rel1.win32_1.0.0.202411081344/tools/bin/../lib/gcc/arm-none-eabi/13.3.1/../../../../arm-none-eabi/lib/thumb/v7-m/nofp\libc_nano.a(libc_a-memchr-stub.o)
                0x08006914                memchr
 .text.__swhatbuf_r
                0x08006930       0x4a C:/ST/STM32CubeIDE_1.19.0/STM32CubeIDE/plugins/com.st.stm32cube.ide.mcu.externaltools.gnu-tools-for-stm32.13.3.rel1.win32_1.0.0.202411081344/tools/bin/../lib/gcc/arm-none-eabi/13.3.1/../../../../arm-none-eabi/lib/thumb/v7-m/nofp\libc_nano.a(libc_a-makebuf.o)
                0x08006930                __swhatbuf_r
 .text.__smakebuf_r
                0x0800697a       0x78 C:/ST/STM32CubeIDE_1.19.0/STM32CubeIDE/plugins/com.st.stm32cube.ide.mcu.externaltools.gnu-tools-for-stm32.13.3.rel1.win32_1.0.0.202411081344/tools/bin/../lib/gcc/arm-none-eabi/13.3.1/../../../../arm-none-eabi/lib/thumb/v7-m/nofp\libc_nano.a(libc_a-makebuf.o)
                0x0800697a                __smakebuf_r
 *fill*         0x080069f2        0x2 
 .text._fstat_r
                0x080069f4       0x24 C:/ST/STM32CubeIDE_1.19.0/STM32CubeIDE/plugins/com.st.stm32cube.ide.mcu.externaltools.gnu-tools-for-stm32.13.3.rel1.win32_1.0.0.202411081344/tools/bin/../lib/gcc/arm-none-eabi/13.3.1/../../../../arm-none-eabi/lib/thumb/v7-m/nofp\libc_nano.a(libc_a-fstatr.o)
                0x080069f4                _fstat_r
 .text._isatty_r
                0x08006a18       0x20 C:/ST/STM32CubeIDE_1.19.0/STM32CubeIDE/plugins/com.st.stm32cube.ide.mcu.externaltools.gnu-tools-for-stm32.13.3.rel1.win32_1.0.0.202411081344/tools/bin/../lib/gcc/arm-none-eabi/13.3.1/../../../../arm-none-eabi/lib/thumb/v7-m/nofp\libc_nano.a(libc_a-isattyr.o)
                0x08006a18                _isatty_r
 *(.glue_7)
 .glue_7        0x08006a38        0x0 linker stubs
 *(.glue_7t)
 .glue_7t       0x08006a38        0x0 linker stubs
 *(.eh_frame)
 .eh_frame      0x08006a38        0x0 C:/ST/STM32CubeIDE_1.19.0/STM32CubeIDE/plugins/com.st.stm32cube.ide.mcu.externaltools.gnu-tools-for-stm32.13.3.rel1.win32_1.0.0.202411081344/tools/bin/../lib/gcc/arm-none-eabi/13.3.1/thumb/v7-m/nofp/crtbegin.o
 *(.init)
 .init          0x08006a38        0x4 C:/ST/STM32CubeIDE_1.19.0/STM32CubeIDE/plugins/com.st.stm32cube.ide.mcu.externaltools.gnu-tools-for-stm32.13.3.rel1.win32_1.0.0.202411081344/tools/bin/../lib/gcc/arm-none-eabi/13.3.1/thumb/v7-m/nofp/crti.o
                0x08006a38                _init
 .init          0x08006a3c        0x8 C:/ST/STM32CubeIDE_1.19.0/STM32CubeIDE/plugins/com.st.stm32cube.ide.mcu.externaltools.gnu-tools-for-stm32.13.3.rel1.win32_1.0.0.202411081344/tools/bin/../lib/gcc/arm-none-eabi/13.3.1/thumb/v7-m/nofp/crtn.o
 *(.fini)
 .fini          0x08006a44        0x4 C:/ST/STM32CubeIDE_1.19.0/STM32CubeIDE/plugins/com.st.stm32cube.ide.mcu.externaltools.gnu-tools-for-stm32.13.3.rel1.win32_1.0.0.202411081344/tools/bin/../lib/gcc/arm-none-eabi/13.3.1/thumb/v7-m/nofp/crti.o
                0x08006a44                _fini
 .fini          0x08006a48        0x8 C:/ST/STM32CubeIDE_1.19.0/STM32CubeIDE/plugins/com.st.stm32cube.ide.mcu.externaltools.gnu-tools-for-stm32.13.3.rel1.win32_1.0.0.202411081344/tools/bin/../lib/gcc/arm-none-eabi/13.3.1/thumb/v7-m/nofp/crtn.o
                0x08006a50                        . = ALIGN (0x4)
                0x08006a50                        _etext = .

.vfp11_veneer   0x08006a50        0x0
 .vfp11_veneer  0x08006a50        0x0 linker stubs

.v4_bx          0x08006a50        0x0
 .v4_bx         0x08006a50        0x0 linker stubs

.iplt           0x08006a50        0x0
 .iplt          0x08006a50        0x0 C:/ST/STM32CubeIDE_1.19.0/STM32CubeIDE/plugins/com.st.stm32cube.ide.mcu.externaltools.gnu-tools-for-stm32.13.3.rel1.win32_1.0.0.202411081344/tools/bin/../lib/gcc/arm-none-eabi/13.3.1/thumb/v7-m/nofp/crtbegin.o

.rodata         0x08006a50      0x598
                0x08006a50                        . = ALIGN (0x4)
 *(.rodata)
 .rodata        0x08006a50      0x1c3 ./Core/Src/main.o
 *fill*         0x08006c13        0x1 
 .rodata        0x08006c14        0x3 ./Modules/modbus/port/portserial.o
 *fill*         0x08006c17        0x1 
 .rodata        0x08006c18       0xe3 ./Modules/modbus/rtu/mbrtu.o
 *(.rodata*)
 *fill*         0x08006cfb        0x1 
 .rodata.AHBPrescTable
                0x08006cfc       0x10 ./Core/Src/system_stm32f1xx.o
                0x08006cfc                AHBPrescTable
 .rodata.APBPrescTable
                0x08006d0c        0x8 ./Core/Src/system_stm32f1xx.o
                0x08006d0c                APBPrescTable
 .rodata.aPLLMULFactorTable.1
                0x08006d14       0x10 ./Drivers/STM32F1xx_HAL_Driver/Src/stm32f1xx_hal_rcc.o
 .rodata.aPredivFactorTable.0
                0x08006d24        0x2 ./Drivers/STM32F1xx_HAL_Driver/Src/stm32f1xx_hal_rcc.o
 *fill*         0x08006d26        0x2 
 .rodata.aucCRCHi
                0x08006d28      0x100 ./Modules/modbus/rtu/mbcrc.o
 .rodata.aucCRCLo
                0x08006e28      0x100 ./Modules/modbus/rtu/mbcrc.o
 .rodata.__func__.3
                0x08006f28        0xe ./Modules/modbus/rtu/mbrtu.o
 *fill*         0x08006f36        0x2 
 .rodata.__func__.2
                0x08006f38       0x11 ./Modules/modbus/rtu/mbrtu.o
 *fill*         0x08006f49        0x3 
 .rodata.__func__.1
                0x08006f4c       0x12 ./Modules/modbus/rtu/mbrtu.o
 *fill*         0x08006f5e        0x2 
 .rodata.__func__.0
                0x08006f60       0x16 ./Modules/modbus/rtu/mbrtu.o
 .rodata.__assert_func.str1.1
                0x08006f76       0x6f C:/ST/STM32CubeIDE_1.19.0/STM32CubeIDE/plugins/com.st.stm32cube.ide.mcu.externaltools.gnu-tools-for-stm32.13.3.rel1.win32_1.0.0.202411081344/tools/bin/../lib/gcc/arm-none-eabi/13.3.1/../../../../arm-none-eabi/lib/thumb/v7-m/nofp\libc_nano.a(libc_a-assert.o)
                                 0x3d (size before relaxing)
 .rodata._vfprintf_r.str1.1
                0x08006fe5       0x11 C:/ST/STM32CubeIDE_1.19.0/STM32CubeIDE/plugins/com.st.stm32cube.ide.mcu.externaltools.gnu-tools-for-stm32.13.3.rel1.win32_1.0.0.202411081344/tools/bin/../lib/gcc/arm-none-eabi/13.3.1/../../../../arm-none-eabi/lib/thumb/v7-m/nofp\libc_nano.a(libc_a-nano-vfprintf.o)
 .rodata._printf_i.str1.1
                0x08006fe5       0x22 C:/ST/STM32CubeIDE_1.19.0/STM32CubeIDE/plugins/com.st.stm32cube.ide.mcu.externaltools.gnu-tools-for-stm32.13.3.rel1.win32_1.0.0.202411081344/tools/bin/../lib/gcc/arm-none-eabi/13.3.1/../../../../arm-none-eabi/lib/thumb/v7-m/nofp\libc_nano.a(libc_a-nano-vfprintf_i.o)
                0x08007008                        . = ALIGN (0x4)
 *fill*         0x08006fe5        0x3 

.ARM.extab      0x08006fe8        0x0
                0x08006fe8                        . = ALIGN (0x4)
 *(.ARM.extab* .gnu.linkonce.armextab.*)
                0x08006fe8                        . = ALIGN (0x4)

.ARM            0x08006fe8        0x0
                0x08006fe8                        . = ALIGN (0x4)
                0x08006fe8                        __exidx_start = .
 *(.ARM.exidx*)
                0x08006fe8                        __exidx_end = .
                0x08006fe8                        . = ALIGN (0x4)

.preinit_array  0x08006fe8        0x0
                0x08006fe8                        . = ALIGN (0x4)
                0x08006fe8                        PROVIDE (__preinit_array_start = .)
 *(.preinit_array*)
                0x08006fe8                        PROVIDE (__preinit_array_end = .)
                0x08006fe8                        . = ALIGN (0x4)

.init_array     0x08006fe8        0x4
                0x08006fe8                        . = ALIGN (0x4)
                0x08006fe8                        PROVIDE (__init_array_start = .)
 *(SORT_BY_NAME(.init_array.*))
 *(.init_array*)
 .init_array    0x08006fe8        0x4 C:/ST/STM32CubeIDE_1.19.0/STM32CubeIDE/plugins/com.st.stm32cube.ide.mcu.externaltools.gnu-tools-for-stm32.13.3.rel1.win32_1.0.0.202411081344/tools/bin/../lib/gcc/arm-none-eabi/13.3.1/thumb/v7-m/nofp/crtbegin.o
                0x08006fec                        PROVIDE (__init_array_end = .)
                0x08006fec                        . = ALIGN (0x4)

.fini_array     0x08006fec        0x4
                0x08006fec                        . = ALIGN (0x4)
                [!provide]                        PROVIDE (__fini_array_start = .)
 *(SORT_BY_NAME(.fini_array.*))
 *(.fini_array*)
 .fini_array    0x08006fec        0x4 C:/ST/STM32CubeIDE_1.19.0/STM32CubeIDE/plugins/com.st.stm32cube.ide.mcu.externaltools.gnu-tools-for-stm32.13.3.rel1.win32_1.0.0.202411081344/tools/bin/../lib/gcc/arm-none-eabi/13.3.1/thumb/v7-m/nofp/crtbegin.o
                [!provide]                        PROVIDE (__fini_array_end = .)
                0x08006ff0                        . = ALIGN (0x4)
                0x08006ff0                        _sidata = LOADADDR (.data)

.rel.dyn        0x08006ff0        0x0
 .rel.iplt      0x08006ff0        0x0 C:/ST/STM32CubeIDE_1.19.0/STM32CubeIDE/plugins/com.st.stm32cube.ide.mcu.externaltools.gnu-tools-for-stm32.13.3.rel1.win32_1.0.0.202411081344/tools/bin/../lib/gcc/arm-none-eabi/13.3.1/thumb/v7-m/nofp/crtbegin.o

.data           0x20000000       0xe8 load address 0x08006ff0
                0x20000000                        . = ALIGN (0x4)
                0x20000000                        _sdata = .
 *(.data)
 *(.data*)
 .data.SystemCoreClock
                0x20000000        0x4 ./Core/Src/system_stm32f1xx.o
                0x20000000                SystemCoreClock
 .data.uwTickPrio
                0x20000004        0x4 ./Drivers/STM32F1xx_HAL_Driver/Src/stm32f1xx_hal.o
                0x20000004                uwTickPrio
 .data.uwTickFreq
                0x20000008        0x1 ./Drivers/STM32F1xx_HAL_Driver/Src/stm32f1xx_hal.o
                0x20000008                uwTickFreq
 .data.eMBState
                0x20000009        0x1 ./Modules/modbus/mb.o
 *fill*         0x2000000a        0x2 
 .data.xFuncHandlers
                0x2000000c       0x80 ./Modules/modbus/mb.o
 .data.__sglue  0x2000008c        0xc C:/ST/STM32CubeIDE_1.19.0/STM32CubeIDE/plugins/com.st.stm32cube.ide.mcu.externaltools.gnu-tools-for-stm32.13.3.rel1.win32_1.0.0.202411081344/tools/bin/../lib/gcc/arm-none-eabi/13.3.1/../../../../arm-none-eabi/lib/thumb/v7-m/nofp\libc_nano.a(libc_a-findfp.o)
                0x2000008c                __sglue
 .data._impure_ptr
                0x20000098        0x4 C:/ST/STM32CubeIDE_1.19.0/STM32CubeIDE/plugins/com.st.stm32cube.ide.mcu.externaltools.gnu-tools-for-stm32.13.3.rel1.win32_1.0.0.202411081344/tools/bin/../lib/gcc/arm-none-eabi/13.3.1/../../../../arm-none-eabi/lib/thumb/v7-m/nofp\libc_nano.a(libc_a-impure.o)
                0x20000098                _impure_ptr
 .data._impure_data
                0x2000009c       0x4c C:/ST/STM32CubeIDE_1.19.0/STM32CubeIDE/plugins/com.st.stm32cube.ide.mcu.externaltools.gnu-tools-for-stm32.13.3.rel1.win32_1.0.0.202411081344/tools/bin/../lib/gcc/arm-none-eabi/13.3.1/../../../../arm-none-eabi/lib/thumb/v7-m/nofp\libc_nano.a(libc_a-impure.o)
                0x2000009c                _impure_data
 *(.RamFunc)
 *(.RamFunc*)
                0x200000e8                        . = ALIGN (0x4)
                0x200000e8                        _edata = .

.igot.plt       0x200000e8        0x0 load address 0x080070d8
 .igot.plt      0x200000e8        0x0 C:/ST/STM32CubeIDE_1.19.0/STM32CubeIDE/plugins/com.st.stm32cube.ide.mcu.externaltools.gnu-tools-for-stm32.13.3.rel1.win32_1.0.0.202411081344/tools/bin/../lib/gcc/arm-none-eabi/13.3.1/thumb/v7-m/nofp/crtbegin.o
                0x200000e8                        . = ALIGN (0x4)

.bss            0x200000e8      0x6b4 load address 0x080070d8
                0x200000e8                        _sbss = .
                0x200000e8                        __bss_start__ = _sbss
 *(.bss)
 .bss           0x200000e8       0x1c C:/ST/STM32CubeIDE_1.19.0/STM32CubeIDE/plugins/com.st.stm32cube.ide.mcu.externaltools.gnu-tools-for-stm32.13.3.rel1.win32_1.0.0.202411081344/tools/bin/../lib/gcc/arm-none-eabi/13.3.1/thumb/v7-m/nofp/crtbegin.o
 *(.bss*)
 .bss.htim3     0x20000104       0x48 ./Core/Src/main.o
                0x20000104                htim3
 .bss.htim4     0x2000014c       0x48 ./Core/Src/main.o
                0x2000014c                htim4
 .bss.hdma_tim4_up
                0x20000194       0x44 ./Core/Src/main.o
                0x20000194                hdma_tim4_up
 .bss.hdma_tim4_ch1
                0x200001d8       0x44 ./Core/Src/main.o
                0x200001d8                hdma_tim4_ch1
 .bss.huart1    0x2000021c       0x48 ./Core/Src/main.o
                0x2000021c                huart1
 .bss.huart3    0x20000264       0x48 ./Core/Src/main.o
                0x20000264                huart3
 .bss.input_buffer_A
                0x200002ac        0x2 ./Core/Src/main.o
                0x200002ac                input_buffer_A
 *fill*         0x200002ae        0x2 
 .bss.input_buffer_B
                0x200002b0        0x2 ./Core/Src/main.o
                0x200002b0                input_buffer_B
 .bss.last_portA
                0x200002b2        0x2 ./Core/Src/main.o
                0x200002b2                last_portA
 .bss.last_portB
                0x200002b4        0x2 ./Core/Src/main.o
                0x200002b4                last_portB
 .bss.currentState
                0x200002b6        0x1 ./Core/Src/main.o
 *fill*         0x200002b7        0x1 
 .bss.usRegHoldingBuf
                0x200002b8       0x10 ./Core/Src/main.o
 .bss.holdingFloat0
                0x200002c8        0x4 ./Core/Src/main.o
 .bss.holdingFloat1
                0x200002cc        0x4 ./Core/Src/main.o
 .bss.holdingFloat2
                0x200002d0        0x4 ./Core/Src/main.o
 .bss.holdingFloat3
                0x200002d4        0x4 ./Core/Src/main.o
 .bss.lastSendTime.0
                0x200002d8        0x4 ./Core/Src/main.o
 .bss.__sbrk_heap_end
                0x200002dc        0x4 ./Core/Src/sysmem.o
 .bss.uwTick    0x200002e0        0x4 ./Drivers/STM32F1xx_HAL_Driver/Src/stm32f1xx_hal.o
                0x200002e0                uwTick
 .bss.ucMBSlaveID
                0x200002e4       0x20 ./Modules/modbus/functions/mbfuncother.o
 .bss.usMBSlaveIDLen
                0x20000304        0x2 ./Modules/modbus/functions/mbfuncother.o
 .bss.ucMBAddress
                0x20000306        0x1 ./Modules/modbus/mb.o
 .bss.eMBCurrentMode
                0x20000307        0x1 ./Modules/modbus/mb.o
 .bss.peMBFrameSendCur
                0x20000308        0x4 ./Modules/modbus/mb.o
 .bss.pvMBFrameStartCur
                0x2000030c        0x4 ./Modules/modbus/mb.o
 .bss.pvMBFrameStopCur
                0x20000310        0x4 ./Modules/modbus/mb.o
 .bss.peMBFrameReceiveCur
                0x20000314        0x4 ./Modules/modbus/mb.o
 .bss.pvMBFrameCloseCur
                0x20000318        0x4 ./Modules/modbus/mb.o
 .bss.pxMBFrameCBByteReceived
                0x2000031c        0x4 ./Modules/modbus/mb.o
                0x2000031c                pxMBFrameCBByteReceived
 .bss.pxMBFrameCBTransmitterEmpty
                0x20000320        0x4 ./Modules/modbus/mb.o
                0x20000320                pxMBFrameCBTransmitterEmpty
 .bss.pxMBPortCBTimerExpired
                0x20000324        0x4 ./Modules/modbus/mb.o
                0x20000324                pxMBPortCBTimerExpired
 .bss.ucRcvAddress.4
                0x20000328        0x1 ./Modules/modbus/mb.o
 *fill*         0x20000329        0x3 
 .bss.ucMBFrame.3
                0x2000032c        0x4 ./Modules/modbus/mb.o
 .bss.usLength.2
                0x20000330        0x2 ./Modules/modbus/mb.o
 .bss.ucFunctionCode.1
                0x20000332        0x1 ./Modules/modbus/mb.o
 .bss.eException.0
                0x20000333        0x1 ./Modules/modbus/mb.o
 .bss.lockCounter
                0x20000334        0x4 ./Modules/modbus/port/mt_port.o
 .bss.modbusUart
                0x20000338        0x4 ./Modules/modbus/port/mt_port.o
                0x20000338                modbusUart
 .bss.modbusTimer
                0x2000033c        0x4 ./Modules/modbus/port/mt_port.o
                0x2000033c                modbusTimer
 .bss.eQueuedEvent
                0x20000340        0x1 ./Modules/modbus/port/portevent.o
 .bss.xEventInQueue
                0x20000341        0x1 ./Modules/modbus/port/portevent.o
 .bss.txByte    0x20000342        0x1 ./Modules/modbus/port/portserial.o
                0x20000342                txByte
 .bss.rxByte    0x20000343        0x1 ./Modules/modbus/port/portserial.o
                0x20000343                rxByte
 .bss.ringBuffer
                0x20000344      0x1fa ./Modules/modbus/port/portserial.o
                0x20000344                ringBuffer
 *fill*         0x2000053e        0x2 
 .bss.RxBuffer  0x20000540        0x1 ./Modules/modbus/port/portserial.o
                0x20000540                RxBuffer
 *fill*         0x20000541        0x1 
 .bss.timerPeriod
                0x20000542        0x2 ./Modules/modbus/port/porttimer.o
                0x20000542                timerPeriod
 .bss.timerCounter
                0x20000544        0x2 ./Modules/modbus/port/porttimer.o
                0x20000544                timerCounter
 .bss.eSndState
                0x20000546        0x1 ./Modules/modbus/rtu/mbrtu.o
 .bss.eRcvState
                0x20000547        0x1 ./Modules/modbus/rtu/mbrtu.o
 .bss.ucRTUBuf  0x20000548      0x100 ./Modules/modbus/rtu/mbrtu.o
                0x20000548                ucRTUBuf
 .bss.pucSndBufferCur
                0x20000648        0x4 ./Modules/modbus/rtu/mbrtu.o
 .bss.usSndBufferCount
                0x2000064c        0x2 ./Modules/modbus/rtu/mbrtu.o
 .bss.usRcvBufferPos
                0x2000064e        0x2 ./Modules/modbus/rtu/mbrtu.o
 .bss.__sf      0x20000650      0x138 C:/ST/STM32CubeIDE_1.19.0/STM32CubeIDE/plugins/com.st.stm32cube.ide.mcu.externaltools.gnu-tools-for-stm32.13.3.rel1.win32_1.0.0.202411081344/tools/bin/../lib/gcc/arm-none-eabi/13.3.1/../../../../arm-none-eabi/lib/thumb/v7-m/nofp\libc_nano.a(libc_a-findfp.o)
                0x20000650                __sf
 .bss.__stdio_exit_handler
                0x20000788        0x4 C:/ST/STM32CubeIDE_1.19.0/STM32CubeIDE/plugins/com.st.stm32cube.ide.mcu.externaltools.gnu-tools-for-stm32.13.3.rel1.win32_1.0.0.202411081344/tools/bin/../lib/gcc/arm-none-eabi/13.3.1/../../../../arm-none-eabi/lib/thumb/v7-m/nofp\libc_nano.a(libc_a-findfp.o)
                0x20000788                __stdio_exit_handler
 .bss.errno     0x2000078c        0x4 C:/ST/STM32CubeIDE_1.19.0/STM32CubeIDE/plugins/com.st.stm32cube.ide.mcu.externaltools.gnu-tools-for-stm32.13.3.rel1.win32_1.0.0.202411081344/tools/bin/../lib/gcc/arm-none-eabi/13.3.1/../../../../arm-none-eabi/lib/thumb/v7-m/nofp\libc_nano.a(libc_a-reent.o)
                0x2000078c                errno
 .bss.__lock___malloc_recursive_mutex
                0x20000790        0x1 C:/ST/STM32CubeIDE_1.19.0/STM32CubeIDE/plugins/com.st.stm32cube.ide.mcu.externaltools.gnu-tools-for-stm32.13.3.rel1.win32_1.0.0.202411081344/tools/bin/../lib/gcc/arm-none-eabi/13.3.1/../../../../arm-none-eabi/lib/thumb/v7-m/nofp\libc_nano.a(libc_a-lock.o)
                0x20000790                __lock___malloc_recursive_mutex
 .bss.__lock___sfp_recursive_mutex
                0x20000791        0x1 C:/ST/STM32CubeIDE_1.19.0/STM32CubeIDE/plugins/com.st.stm32cube.ide.mcu.externaltools.gnu-tools-for-stm32.13.3.rel1.win32_1.0.0.202411081344/tools/bin/../lib/gcc/arm-none-eabi/13.3.1/../../../../arm-none-eabi/lib/thumb/v7-m/nofp\libc_nano.a(libc_a-lock.o)
                0x20000791                __lock___sfp_recursive_mutex
 *fill*         0x20000792        0x2 
 .bss.__malloc_sbrk_start
                0x20000794        0x4 C:/ST/STM32CubeIDE_1.19.0/STM32CubeIDE/plugins/com.st.stm32cube.ide.mcu.externaltools.gnu-tools-for-stm32.13.3.rel1.win32_1.0.0.202411081344/tools/bin/../lib/gcc/arm-none-eabi/13.3.1/../../../../arm-none-eabi/lib/thumb/v7-m/nofp\libc_nano.a(libc_a-mallocr.o)
                0x20000794                __malloc_sbrk_start
 .bss.__malloc_free_list
                0x20000798        0x4 C:/ST/STM32CubeIDE_1.19.0/STM32CubeIDE/plugins/com.st.stm32cube.ide.mcu.externaltools.gnu-tools-for-stm32.13.3.rel1.win32_1.0.0.202411081344/tools/bin/../lib/gcc/arm-none-eabi/13.3.1/../../../../arm-none-eabi/lib/thumb/v7-m/nofp\libc_nano.a(libc_a-mallocr.o)
                0x20000798                __malloc_free_list
 *(COMMON)
                0x2000079c                        . = ALIGN (0x4)
                0x2000079c                        _ebss = .
                0x2000079c                        __bss_end__ = _ebss

._user_heap_stack
                0x2000079c      0x604 load address 0x080070d8
                0x200007a0                        . = ALIGN (0x8)
 *fill*         0x2000079c        0x4 
                [!provide]                        PROVIDE (end = .)
                0x200007a0                        PROVIDE (_end = .)
                0x200009a0                        . = (. + _Min_Heap_Size)
 *fill*         0x200007a0      0x200 
                0x20000da0                        . = (. + _Min_Stack_Size)
 *fill*         0x200009a0      0x400 
                0x20000da0                        . = ALIGN (0x8)

/DISCARD/
 libc.a(*)
 libm.a(*)
 libgcc.a(*)

.ARM.attributes
                0x00000000       0x29
 *(.ARM.attributes)
 .ARM.attributes
                0x00000000       0x1d C:/ST/STM32CubeIDE_1.19.0/STM32CubeIDE/plugins/com.st.stm32cube.ide.mcu.externaltools.gnu-tools-for-stm32.13.3.rel1.win32_1.0.0.202411081344/tools/bin/../lib/gcc/arm-none-eabi/13.3.1/thumb/v7-m/nofp/crti.o
 .ARM.attributes
                0x0000001d       0x2d C:/ST/STM32CubeIDE_1.19.0/STM32CubeIDE/plugins/com.st.stm32cube.ide.mcu.externaltools.gnu-tools-for-stm32.13.3.rel1.win32_1.0.0.202411081344/tools/bin/../lib/gcc/arm-none-eabi/13.3.1/thumb/v7-m/nofp/crtbegin.o
 .ARM.attributes
                0x0000004a       0x2d ./Core/Src/main.o
 .ARM.attributes
                0x00000077       0x2d ./Core/Src/stm32f1xx_hal_msp.o
 .ARM.attributes
                0x000000a4       0x2d ./Core/Src/stm32f1xx_it.o
 .ARM.attributes
                0x000000d1       0x2d ./Core/Src/syscalls.o
 .ARM.attributes
                0x000000fe       0x2d ./Core/Src/sysmem.o
 .ARM.attributes
                0x0000012b       0x2d ./Core/Src/system_stm32f1xx.o
 .ARM.attributes
                0x00000158       0x21 ./Core/Startup/startup_stm32f103c8tx.o
 .ARM.attributes
                0x00000179       0x2d ./Drivers/STM32F1xx_HAL_Driver/Src/stm32f1xx_hal.o
 .ARM.attributes
                0x000001a6       0x2d ./Drivers/STM32F1xx_HAL_Driver/Src/stm32f1xx_hal_cortex.o
 .ARM.attributes
                0x000001d3       0x2d ./Drivers/STM32F1xx_HAL_Driver/Src/stm32f1xx_hal_dma.o
 .ARM.attributes
                0x00000200       0x2d ./Drivers/STM32F1xx_HAL_Driver/Src/stm32f1xx_hal_gpio.o
 .ARM.attributes
                0x0000022d       0x2d ./Drivers/STM32F1xx_HAL_Driver/Src/stm32f1xx_hal_rcc.o
 .ARM.attributes
                0x0000025a       0x2d ./Drivers/STM32F1xx_HAL_Driver/Src/stm32f1xx_hal_tim.o
 .ARM.attributes
                0x00000287       0x2d ./Drivers/STM32F1xx_HAL_Driver/Src/stm32f1xx_hal_tim_ex.o
 .ARM.attributes
                0x000002b4       0x2d ./Drivers/STM32F1xx_HAL_Driver/Src/stm32f1xx_hal_uart.o
 .ARM.attributes
                0x000002e1       0x2d ./Modules/modbus/functions/mbfunccoils.o
 .ARM.attributes
                0x0000030e       0x2d ./Modules/modbus/functions/mbfuncdisc.o
 .ARM.attributes
                0x0000033b       0x2d ./Modules/modbus/functions/mbfuncholding.o
 .ARM.attributes
                0x00000368       0x2d ./Modules/modbus/functions/mbfuncinput.o
 .ARM.attributes
                0x00000395       0x2d ./Modules/modbus/functions/mbfuncother.o
 .ARM.attributes
                0x000003c2       0x2d ./Modules/modbus/functions/mbutils.o
 .ARM.attributes
                0x000003ef       0x2d ./Modules/modbus/mb.o
 .ARM.attributes
                0x0000041c       0x2d ./Modules/modbus/port/mt_port.o
 .ARM.attributes
                0x00000449       0x2d ./Modules/modbus/port/portevent.o
 .ARM.attributes
                0x00000476       0x2d ./Modules/modbus/port/portserial.o
 .ARM.attributes
                0x000004a3       0x2d ./Modules/modbus/port/porttimer.o
 .ARM.attributes
                0x000004d0       0x2d ./Modules/modbus/rtu/mbcrc.o
 .ARM.attributes
                0x000004fd       0x2d ./Modules/modbus/rtu/mbrtu.o
 .ARM.attributes
                0x0000052a       0x2d C:/ST/STM32CubeIDE_1.19.0/STM32CubeIDE/plugins/com.st.stm32cube.ide.mcu.externaltools.gnu-tools-for-stm32.13.3.rel1.win32_1.0.0.202411081344/tools/bin/../lib/gcc/arm-none-eabi/13.3.1/../../../../arm-none-eabi/lib/thumb/v7-m/nofp\libc_nano.a(libc_a-assert.o)
 .ARM.attributes
                0x00000557       0x2d C:/ST/STM32CubeIDE_1.19.0/STM32CubeIDE/plugins/com.st.stm32cube.ide.mcu.externaltools.gnu-tools-for-stm32.13.3.rel1.win32_1.0.0.202411081344/tools/bin/../lib/gcc/arm-none-eabi/13.3.1/../../../../arm-none-eabi/lib/thumb/v7-m/nofp\libc_nano.a(libc_a-findfp.o)
 .ARM.attributes
                0x00000584       0x2d C:/ST/STM32CubeIDE_1.19.0/STM32CubeIDE/plugins/com.st.stm32cube.ide.mcu.externaltools.gnu-tools-for-stm32.13.3.rel1.win32_1.0.0.202411081344/tools/bin/../lib/gcc/arm-none-eabi/13.3.1/../../../../arm-none-eabi/lib/thumb/v7-m/nofp\libc_nano.a(libc_a-fprintf.o)
 .ARM.attributes
                0x000005b1       0x2d C:/ST/STM32CubeIDE_1.19.0/STM32CubeIDE/plugins/com.st.stm32cube.ide.mcu.externaltools.gnu-tools-for-stm32.13.3.rel1.win32_1.0.0.202411081344/tools/bin/../lib/gcc/arm-none-eabi/13.3.1/../../../../arm-none-eabi/lib/thumb/v7-m/nofp\libc_nano.a(libc_a-fwalk.o)
 .ARM.attributes
                0x000005de       0x2d C:/ST/STM32CubeIDE_1.19.0/STM32CubeIDE/plugins/com.st.stm32cube.ide.mcu.externaltools.gnu-tools-for-stm32.13.3.rel1.win32_1.0.0.202411081344/tools/bin/../lib/gcc/arm-none-eabi/13.3.1/../../../../arm-none-eabi/lib/thumb/v7-m/nofp\libc_nano.a(libc_a-stdio.o)
 .ARM.attributes
                0x0000060b       0x2d C:/ST/STM32CubeIDE_1.19.0/STM32CubeIDE/plugins/com.st.stm32cube.ide.mcu.externaltools.gnu-tools-for-stm32.13.3.rel1.win32_1.0.0.202411081344/tools/bin/../lib/gcc/arm-none-eabi/13.3.1/../../../../arm-none-eabi/lib/thumb/v7-m/nofp\libc_nano.a(libc_a-memset.o)
 .ARM.attributes
                0x00000638       0x2d C:/ST/STM32CubeIDE_1.19.0/STM32CubeIDE/plugins/com.st.stm32cube.ide.mcu.externaltools.gnu-tools-for-stm32.13.3.rel1.win32_1.0.0.202411081344/tools/bin/../lib/gcc/arm-none-eabi/13.3.1/../../../../arm-none-eabi/lib/thumb/v7-m/nofp\libc_nano.a(libc_a-closer.o)
 .ARM.attributes
                0x00000665       0x2d C:/ST/STM32CubeIDE_1.19.0/STM32CubeIDE/plugins/com.st.stm32cube.ide.mcu.externaltools.gnu-tools-for-stm32.13.3.rel1.win32_1.0.0.202411081344/tools/bin/../lib/gcc/arm-none-eabi/13.3.1/../../../../arm-none-eabi/lib/thumb/v7-m/nofp\libc_nano.a(libc_a-reent.o)
 .ARM.attributes
                0x00000692       0x2d C:/ST/STM32CubeIDE_1.19.0/STM32CubeIDE/plugins/com.st.stm32cube.ide.mcu.externaltools.gnu-tools-for-stm32.13.3.rel1.win32_1.0.0.202411081344/tools/bin/../lib/gcc/arm-none-eabi/13.3.1/../../../../arm-none-eabi/lib/thumb/v7-m/nofp\libc_nano.a(libc_a-impure.o)
 .ARM.attributes
                0x000006bf       0x2d C:/ST/STM32CubeIDE_1.19.0/STM32CubeIDE/plugins/com.st.stm32cube.ide.mcu.externaltools.gnu-tools-for-stm32.13.3.rel1.win32_1.0.0.202411081344/tools/bin/../lib/gcc/arm-none-eabi/13.3.1/../../../../arm-none-eabi/lib/thumb/v7-m/nofp\libc_nano.a(libc_a-lseekr.o)
 .ARM.attributes
                0x000006ec       0x2d C:/ST/STM32CubeIDE_1.19.0/STM32CubeIDE/plugins/com.st.stm32cube.ide.mcu.externaltools.gnu-tools-for-stm32.13.3.rel1.win32_1.0.0.202411081344/tools/bin/../lib/gcc/arm-none-eabi/13.3.1/../../../../arm-none-eabi/lib/thumb/v7-m/nofp\libc_nano.a(libc_a-readr.o)
 .ARM.attributes
                0x00000719       0x2d C:/ST/STM32CubeIDE_1.19.0/STM32CubeIDE/plugins/com.st.stm32cube.ide.mcu.externaltools.gnu-tools-for-stm32.13.3.rel1.win32_1.0.0.202411081344/tools/bin/../lib/gcc/arm-none-eabi/13.3.1/../../../../arm-none-eabi/lib/thumb/v7-m/nofp\libc_nano.a(libc_a-writer.o)
 .ARM.attributes
                0x00000746       0x2d C:/ST/STM32CubeIDE_1.19.0/STM32CubeIDE/plugins/com.st.stm32cube.ide.mcu.externaltools.gnu-tools-for-stm32.13.3.rel1.win32_1.0.0.202411081344/tools/bin/../lib/gcc/arm-none-eabi/13.3.1/../../../../arm-none-eabi/lib/thumb/v7-m/nofp\libc_nano.a(libc_a-errno.o)
 .ARM.attributes
                0x00000773       0x2d C:/ST/STM32CubeIDE_1.19.0/STM32CubeIDE/plugins/com.st.stm32cube.ide.mcu.externaltools.gnu-tools-for-stm32.13.3.rel1.win32_1.0.0.202411081344/tools/bin/../lib/gcc/arm-none-eabi/13.3.1/../../../../arm-none-eabi/lib/thumb/v7-m/nofp\libc_nano.a(libc_a-init.o)
 .ARM.attributes
                0x000007a0       0x2d C:/ST/STM32CubeIDE_1.19.0/STM32CubeIDE/plugins/com.st.stm32cube.ide.mcu.externaltools.gnu-tools-for-stm32.13.3.rel1.win32_1.0.0.202411081344/tools/bin/../lib/gcc/arm-none-eabi/13.3.1/../../../../arm-none-eabi/lib/thumb/v7-m/nofp\libc_nano.a(libc_a-lock.o)
 .ARM.attributes
                0x000007cd       0x2d C:/ST/STM32CubeIDE_1.19.0/STM32CubeIDE/plugins/com.st.stm32cube.ide.mcu.externaltools.gnu-tools-for-stm32.13.3.rel1.win32_1.0.0.202411081344/tools/bin/../lib/gcc/arm-none-eabi/13.3.1/../../../../arm-none-eabi/lib/thumb/v7-m/nofp\libc_nano.a(libc_a-memcpy-stub.o)
 .ARM.attributes
                0x000007fa       0x2d C:/ST/STM32CubeIDE_1.19.0/STM32CubeIDE/plugins/com.st.stm32cube.ide.mcu.externaltools.gnu-tools-for-stm32.13.3.rel1.win32_1.0.0.202411081344/tools/bin/../lib/gcc/arm-none-eabi/13.3.1/../../../../arm-none-eabi/lib/thumb/v7-m/nofp\libc_nano.a(libc_a-abort.o)
 .ARM.attributes
                0x00000827       0x2d C:/ST/STM32CubeIDE_1.19.0/STM32CubeIDE/plugins/com.st.stm32cube.ide.mcu.externaltools.gnu-tools-for-stm32.13.3.rel1.win32_1.0.0.202411081344/tools/bin/../lib/gcc/arm-none-eabi/13.3.1/../../../../arm-none-eabi/lib/thumb/v7-m/nofp\libc_nano.a(libc_a-freer.o)
 .ARM.attributes
                0x00000854       0x2d C:/ST/STM32CubeIDE_1.19.0/STM32CubeIDE/plugins/com.st.stm32cube.ide.mcu.externaltools.gnu-tools-for-stm32.13.3.rel1.win32_1.0.0.202411081344/tools/bin/../lib/gcc/arm-none-eabi/13.3.1/../../../../arm-none-eabi/lib/thumb/v7-m/nofp\libc_nano.a(libc_a-mallocr.o)
 .ARM.attributes
                0x00000881       0x2d C:/ST/STM32CubeIDE_1.19.0/STM32CubeIDE/plugins/com.st.stm32cube.ide.mcu.externaltools.gnu-tools-for-stm32.13.3.rel1.win32_1.0.0.202411081344/tools/bin/../lib/gcc/arm-none-eabi/13.3.1/../../../../arm-none-eabi/lib/thumb/v7-m/nofp\libc_nano.a(libc_a-mlock.o)
 .ARM.attributes
                0x000008ae       0x2d C:/ST/STM32CubeIDE_1.19.0/STM32CubeIDE/plugins/com.st.stm32cube.ide.mcu.externaltools.gnu-tools-for-stm32.13.3.rel1.win32_1.0.0.202411081344/tools/bin/../lib/gcc/arm-none-eabi/13.3.1/../../../../arm-none-eabi/lib/thumb/v7-m/nofp\libc_nano.a(libc_a-nano-vfprintf.o)
 .ARM.attributes
                0x000008db       0x2d C:/ST/STM32CubeIDE_1.19.0/STM32CubeIDE/plugins/com.st.stm32cube.ide.mcu.externaltools.gnu-tools-for-stm32.13.3.rel1.win32_1.0.0.202411081344/tools/bin/../lib/gcc/arm-none-eabi/13.3.1/../../../../arm-none-eabi/lib/thumb/v7-m/nofp\libc_nano.a(libc_a-nano-vfprintf_i.o)
 .ARM.attributes
                0x00000908       0x2d C:/ST/STM32CubeIDE_1.19.0/STM32CubeIDE/plugins/com.st.stm32cube.ide.mcu.externaltools.gnu-tools-for-stm32.13.3.rel1.win32_1.0.0.202411081344/tools/bin/../lib/gcc/arm-none-eabi/13.3.1/../../../../arm-none-eabi/lib/thumb/v7-m/nofp\libc_nano.a(libc_a-fflush.o)
 .ARM.attributes
                0x00000935       0x2d C:/ST/STM32CubeIDE_1.19.0/STM32CubeIDE/plugins/com.st.stm32cube.ide.mcu.externaltools.gnu-tools-for-stm32.13.3.rel1.win32_1.0.0.202411081344/tools/bin/../lib/gcc/arm-none-eabi/13.3.1/../../../../arm-none-eabi/lib/thumb/v7-m/nofp\libc_nano.a(libc_a-wbuf.o)
 .ARM.attributes
                0x00000962       0x2d C:/ST/STM32CubeIDE_1.19.0/STM32CubeIDE/plugins/com.st.stm32cube.ide.mcu.externaltools.gnu-tools-for-stm32.13.3.rel1.win32_1.0.0.202411081344/tools/bin/../lib/gcc/arm-none-eabi/13.3.1/../../../../arm-none-eabi/lib/thumb/v7-m/nofp\libc_nano.a(libc_a-wsetup.o)
 .ARM.attributes
                0x0000098f       0x2d C:/ST/STM32CubeIDE_1.19.0/STM32CubeIDE/plugins/com.st.stm32cube.ide.mcu.externaltools.gnu-tools-for-stm32.13.3.rel1.win32_1.0.0.202411081344/tools/bin/../lib/gcc/arm-none-eabi/13.3.1/../../../../arm-none-eabi/lib/thumb/v7-m/nofp\libc_nano.a(libc_a-signal.o)
 .ARM.attributes
                0x000009bc       0x2d C:/ST/STM32CubeIDE_1.19.0/STM32CubeIDE/plugins/com.st.stm32cube.ide.mcu.externaltools.gnu-tools-for-stm32.13.3.rel1.win32_1.0.0.202411081344/tools/bin/../lib/gcc/arm-none-eabi/13.3.1/../../../../arm-none-eabi/lib/thumb/v7-m/nofp\libc_nano.a(libc_a-signalr.o)
 .ARM.attributes
                0x000009e9       0x2d C:/ST/STM32CubeIDE_1.19.0/STM32CubeIDE/plugins/com.st.stm32cube.ide.mcu.externaltools.gnu-tools-for-stm32.13.3.rel1.win32_1.0.0.202411081344/tools/bin/../lib/gcc/arm-none-eabi/13.3.1/../../../../arm-none-eabi/lib/thumb/v7-m/nofp\libc_nano.a(libc_a-sbrkr.o)
 .ARM.attributes
                0x00000a16       0x2d C:/ST/STM32CubeIDE_1.19.0/STM32CubeIDE/plugins/com.st.stm32cube.ide.mcu.externaltools.gnu-tools-for-stm32.13.3.rel1.win32_1.0.0.202411081344/tools/bin/../lib/gcc/arm-none-eabi/13.3.1/../../../../arm-none-eabi/lib/thumb/v7-m/nofp\libc_nano.a(libc_a-memchr-stub.o)
 .ARM.attributes
                0x00000a43       0x2d C:/ST/STM32CubeIDE_1.19.0/STM32CubeIDE/plugins/com.st.stm32cube.ide.mcu.externaltools.gnu-tools-for-stm32.13.3.rel1.win32_1.0.0.202411081344/tools/bin/../lib/gcc/arm-none-eabi/13.3.1/../../../../arm-none-eabi/lib/thumb/v7-m/nofp\libc_nano.a(libc_a-makebuf.o)
 .ARM.attributes
                0x00000a70       0x2d C:/ST/STM32CubeIDE_1.19.0/STM32CubeIDE/plugins/com.st.stm32cube.ide.mcu.externaltools.gnu-tools-for-stm32.13.3.rel1.win32_1.0.0.202411081344/tools/bin/../lib/gcc/arm-none-eabi/13.3.1/../../../../arm-none-eabi/lib/thumb/v7-m/nofp\libc_nano.a(libc_a-fstatr.o)
 .ARM.attributes
                0x00000a9d       0x2d C:/ST/STM32CubeIDE_1.19.0/STM32CubeIDE/plugins/com.st.stm32cube.ide.mcu.externaltools.gnu-tools-for-stm32.13.3.rel1.win32_1.0.0.202411081344/tools/bin/../lib/gcc/arm-none-eabi/13.3.1/../../../../arm-none-eabi/lib/thumb/v7-m/nofp\libc_nano.a(libc_a-isattyr.o)
 .ARM.attributes
                0x00000aca       0x1d C:/ST/STM32CubeIDE_1.19.0/STM32CubeIDE/plugins/com.st.stm32cube.ide.mcu.externaltools.gnu-tools-for-stm32.13.3.rel1.win32_1.0.0.202411081344/tools/bin/../lib/gcc/arm-none-eabi/13.3.1/thumb/v7-m/nofp\libgcc.a(_arm_mulsf3.o)
 .ARM.attributes
                0x00000ae7       0x1d C:/ST/STM32CubeIDE_1.19.0/STM32CubeIDE/plugins/com.st.stm32cube.ide.mcu.externaltools.gnu-tools-for-stm32.13.3.rel1.win32_1.0.0.202411081344/tools/bin/../lib/gcc/arm-none-eabi/13.3.1/thumb/v7-m/nofp\libgcc.a(_arm_fixsfsi.o)
 .ARM.attributes
                0x00000b04       0x1d C:/ST/STM32CubeIDE_1.19.0/STM32CubeIDE/plugins/com.st.stm32cube.ide.mcu.externaltools.gnu-tools-for-stm32.13.3.rel1.win32_1.0.0.202411081344/tools/bin/../lib/gcc/arm-none-eabi/13.3.1/thumb/v7-m/nofp/crtn.o
OUTPUT(Pult_OpenCode4.elf elf32-littlearm)
LOAD linker stubs
LOAD C:/ST/STM32CubeIDE_1.19.0/STM32CubeIDE/plugins/com.st.stm32cube.ide.mcu.externaltools.gnu-tools-for-stm32.13.3.rel1.win32_1.0.0.202411081344/tools/bin/../lib/gcc/arm-none-eabi/13.3.1/../../../../arm-none-eabi/lib/thumb/v7-m/nofp\libc.a
LOAD C:/ST/STM32CubeIDE_1.19.0/STM32CubeIDE/plugins/com.st.stm32cube.ide.mcu.externaltools.gnu-tools-for-stm32.13.3.rel1.win32_1.0.0.202411081344/tools/bin/../lib/gcc/arm-none-eabi/13.3.1/../../../../arm-none-eabi/lib/thumb/v7-m/nofp\libm.a
LOAD C:/ST/STM32CubeIDE_1.19.0/STM32CubeIDE/plugins/com.st.stm32cube.ide.mcu.externaltools.gnu-tools-for-stm32.13.3.rel1.win32_1.0.0.202411081344/tools/bin/../lib/gcc/arm-none-eabi/13.3.1/thumb/v7-m/nofp\libgcc.a

.debug_info     0x00000000    0x10b7b
 .debug_info    0x00000000     0x1753 ./Core/Src/main.o
 .debug_info    0x00001753      0xdfd ./Core/Src/stm32f1xx_hal_msp.o
 .debug_info    0x00002550      0x9b2 ./Core/Src/stm32f1xx_it.o
 .debug_info    0x00002f02      0x6a3 ./Core/Src/syscalls.o
 .debug_info    0x000035a5      0x168 ./Core/Src/sysmem.o
 .debug_info    0x0000370d      0x222 ./Core/Src/system_stm32f1xx.o
 .debug_info    0x0000392f       0x30 ./Core/Startup/startup_stm32f103c8tx.o
 .debug_info    0x0000395f      0x704 ./Drivers/STM32F1xx_HAL_Driver/Src/stm32f1xx_hal.o
 .debug_info    0x00004063      0xa87 ./Drivers/STM32F1xx_HAL_Driver/Src/stm32f1xx_hal_cortex.o
 .debug_info    0x00004aea      0x6d2 ./Drivers/STM32F1xx_HAL_Driver/Src/stm32f1xx_hal_dma.o
 .debug_info    0x000051bc      0x5ab ./Drivers/STM32F1xx_HAL_Driver/Src/stm32f1xx_hal_gpio.o
 .debug_info    0x00005767      0x7d5 ./Drivers/STM32F1xx_HAL_Driver/Src/stm32f1xx_hal_rcc.o
 .debug_info    0x00005f3c     0x2959 ./Drivers/STM32F1xx_HAL_Driver/Src/stm32f1xx_hal_tim.o
 .debug_info    0x00008895     0x149b ./Drivers/STM32F1xx_HAL_Driver/Src/stm32f1xx_hal_tim_ex.o
 .debug_info    0x00009d30     0x2eed ./Drivers/STM32F1xx_HAL_Driver/Src/stm32f1xx_hal_uart.o
 .debug_info    0x0000cc1d      0x332 ./Modules/modbus/functions/mbfunccoils.o
 .debug_info    0x0000cf4f      0x20b ./Modules/modbus/functions/mbfuncdisc.o
 .debug_info    0x0000d15a      0x398 ./Modules/modbus/functions/mbfuncholding.o
 .debug_info    0x0000d4f2      0x1fe ./Modules/modbus/functions/mbfuncinput.o
 .debug_info    0x0000d6f0      0x27d ./Modules/modbus/functions/mbfuncother.o
 .debug_info    0x0000d96d      0x2e6 ./Modules/modbus/functions/mbutils.o
 .debug_info    0x0000dc53      0x800 ./Modules/modbus/mb.o
 .debug_info    0x0000e453      0x925 ./Modules/modbus/port/mt_port.o
 .debug_info    0x0000ed78      0x169 ./Modules/modbus/port/portevent.o
 .debug_info    0x0000eee1      0xe1b ./Modules/modbus/port/portserial.o
 .debug_info    0x0000fcfc      0x740 ./Modules/modbus/port/porttimer.o
 .debug_info    0x0001043c      0x14b ./Modules/modbus/rtu/mbcrc.o
 .debug_info    0x00010587      0x5f4 ./Modules/modbus/rtu/mbrtu.o

.debug_abbrev   0x00000000     0x3114
 .debug_abbrev  0x00000000      0x380 ./Core/Src/main.o
 .debug_abbrev  0x00000380      0x24a ./Core/Src/stm32f1xx_hal_msp.o
 .debug_abbrev  0x000005ca      0x1b4 ./Core/Src/stm32f1xx_it.o
 .debug_abbrev  0x0000077e      0x1b6 ./Core/Src/syscalls.o
 .debug_abbrev  0x00000934       0xbc ./Core/Src/sysmem.o
 .debug_abbrev  0x000009f0      0x13f ./Core/Src/system_stm32f1xx.o
 .debug_abbrev  0x00000b2f       0x24 ./Core/Startup/startup_stm32f103c8tx.o
 .debug_abbrev  0x00000b53      0x201 ./Drivers/STM32F1xx_HAL_Driver/Src/stm32f1xx_hal.o
 .debug_abbrev  0x00000d54      0x2f8 ./Drivers/STM32F1xx_HAL_Driver/Src/stm32f1xx_hal_cortex.o
 .debug_abbrev  0x0000104c      0x20b ./Drivers/STM32F1xx_HAL_Driver/Src/stm32f1xx_hal_dma.o
 .debug_abbrev  0x00001257      0x1ca ./Drivers/STM32F1xx_HAL_Driver/Src/stm32f1xx_hal_gpio.o
 .debug_abbrev  0x00001421      0x2b3 ./Drivers/STM32F1xx_HAL_Driver/Src/stm32f1xx_hal_rcc.o
 .debug_abbrev  0x000016d4      0x277 ./Drivers/STM32F1xx_HAL_Driver/Src/stm32f1xx_hal_tim.o
 .debug_abbrev  0x0000194b      0x282 ./Drivers/STM32F1xx_HAL_Driver/Src/stm32f1xx_hal_tim_ex.o
 .debug_abbrev  0x00001bcd      0x2f8 ./Drivers/STM32F1xx_HAL_Driver/Src/stm32f1xx_hal_uart.o
 .debug_abbrev  0x00001ec5      0x10a ./Modules/modbus/functions/mbfunccoils.o
 .debug_abbrev  0x00001fcf       0xda ./Modules/modbus/functions/mbfuncdisc.o
 .debug_abbrev  0x000020a9       0xf8 ./Modules/modbus/functions/mbfuncholding.o
 .debug_abbrev  0x000021a1       0xda ./Modules/modbus/functions/mbfuncinput.o
 .debug_abbrev  0x0000227b      0x103 ./Modules/modbus/functions/mbfuncother.o
 .debug_abbrev  0x0000237e      0x108 ./Modules/modbus/functions/mbutils.o
 .debug_abbrev  0x00002486      0x206 ./Modules/modbus/mb.o
 .debug_abbrev  0x0000268c      0x1be ./Modules/modbus/port/mt_port.o
 .debug_abbrev  0x0000284a       0xbe ./Modules/modbus/port/portevent.o
 .debug_abbrev  0x00002908      0x3c0 ./Modules/modbus/port/portserial.o
 .debug_abbrev  0x00002cc8      0x1e4 ./Modules/modbus/port/porttimer.o
 .debug_abbrev  0x00002eac       0x9e ./Modules/modbus/rtu/mbcrc.o
 .debug_abbrev  0x00002f4a      0x1ca ./Modules/modbus/rtu/mbrtu.o

.debug_aranges  0x00000000     0x1040
 .debug_aranges
                0x00000000       0x90 ./Core/Src/main.o
 .debug_aranges
                0x00000090       0x40 ./Core/Src/stm32f1xx_hal_msp.o
 .debug_aranges
                0x000000d0       0x88 ./Core/Src/stm32f1xx_it.o
 .debug_aranges
                0x00000158       0xa8 ./Core/Src/syscalls.o
 .debug_aranges
                0x00000200       0x20 ./Core/Src/sysmem.o
 .debug_aranges
                0x00000220       0x28 ./Core/Src/system_stm32f1xx.o
 .debug_aranges
                0x00000248       0x28 ./Core/Startup/startup_stm32f103c8tx.o
 .debug_aranges
                0x00000270       0xe0 ./Drivers/STM32F1xx_HAL_Driver/Src/stm32f1xx_hal.o
 .debug_aranges
                0x00000350      0x100 ./Drivers/STM32F1xx_HAL_Driver/Src/stm32f1xx_hal_cortex.o
 .debug_aranges
                0x00000450       0x80 ./Drivers/STM32F1xx_HAL_Driver/Src/stm32f1xx_hal_dma.o
 .debug_aranges
                0x000004d0       0x58 ./Drivers/STM32F1xx_HAL_Driver/Src/stm32f1xx_hal_gpio.o
 .debug_aranges
                0x00000528       0x90 ./Drivers/STM32F1xx_HAL_Driver/Src/stm32f1xx_hal_rcc.o
 .debug_aranges
                0x000005b8      0x3d0 ./Drivers/STM32F1xx_HAL_Driver/Src/stm32f1xx_hal_tim.o
 .debug_aranges
                0x00000988      0x168 ./Drivers/STM32F1xx_HAL_Driver/Src/stm32f1xx_hal_tim_ex.o
 .debug_aranges
                0x00000af0      0x208 ./Drivers/STM32F1xx_HAL_Driver/Src/stm32f1xx_hal_uart.o
 .debug_aranges
                0x00000cf8       0x30 ./Modules/modbus/functions/mbfunccoils.o
 .debug_aranges
                0x00000d28       0x20 ./Modules/modbus/functions/mbfuncdisc.o
 .debug_aranges
                0x00000d48       0x38 ./Modules/modbus/functions/mbfuncholding.o
 .debug_aranges
                0x00000d80       0x20 ./Modules/modbus/functions/mbfuncinput.o
 .debug_aranges
                0x00000da0       0x28 ./Modules/modbus/functions/mbfuncother.o
 .debug_aranges