Archive member included to satisfy reference by file (symbol)

C:/ST/STM32CubeIDE_1.19.0/STM32CubeIDE/plugins/com.st.stm32cube.ide.mcu.externaltools.gnu-tools-for-stm32.13.3.rel1.win32_1.0.0.202411081344/tools/bin/../lib/gcc/arm-none-eabi/13.3.1/../../../../arm-none-eabi/lib/thumb/v7-m/nofp\libc_nano.a(libc_a-assert.o)
                              ./Modules/modbus/functions/mbutils.o (__assert_func)
C:/ST/STM32CubeIDE_1.19.0/STM32CubeIDE/plugins/com.st.stm32cube.ide.mcu.externaltools.gnu-tools-for-stm32.13.3.rel1.win32_1.0.0.202411081344/tools/bin/../lib/gcc/arm-none-eabi/13.3.1/../../../../arm-none-eabi/lib/thumb/v7-m/nofp\libc_nano.a(libc_a-exit.o)
                              C:/ST/STM32CubeIDE_1.19.0/STM32CubeIDE/plugins/com.st.stm32cube.ide.mcu.externaltools.gnu-tools-for-stm32.13.3.rel1.win32_1.0.0.202411081344/tools/bin/../lib/gcc/arm-none-eabi/13.3.1/../../../../arm-none-eabi/lib/thumb/v7-m/nofp/crt0.o (exit)
C:/ST/STM32CubeIDE_1.19.0/STM32CubeIDE/plugins/com.st.stm32cube.ide.mcu.externaltools.gnu-tools-for-stm32.13.3.rel1.win32_1.0.0.202411081344/tools/bin/../lib/gcc/arm-none-eabi/13.3.1/../../../../arm-none-eabi/lib/thumb/v7-m/nofp\libc_nano.a(libc_a-findfp.o)
                              C:/ST/STM32CubeIDE_1.19.0/STM32CubeIDE/plugins/com.st.stm32cube.ide.mcu.externaltools.gnu-tools-for-stm32.13.3.rel1.win32_1.0.0.202411081344/tools/bin/../lib/gcc/arm-none-eabi/13.3.1/../../../../arm-none-eabi/lib/thumb/v7-m/nofp\libc_nano.a(libc_a-exit.o) (__stdio_exit_handler)
C:/ST/STM32CubeIDE_1.19.0/STM32CubeIDE/plugins/com.st.stm32cube.ide.mcu.externaltools.gnu-tools-for-stm32.13.3.rel1.win32_1.0.0.202411081344/tools/bin/../lib/gcc/arm-none-eabi/13.3.1/../../../../arm-none-eabi/lib/thumb/v7-m/nofp\libc_nano.a(libc_a-fprintf.o)
                              C:/ST/STM32CubeIDE_1.19.0/STM32CubeIDE/plugins/com.st.stm32cube.ide.mcu.externaltools.gnu-tools-for-stm32.13.3.rel1.win32_1.0.0.202411081344/tools/bin/../lib/gcc/arm-none-eabi/13.3.1/../../../../arm-none-eabi/lib/thumb/v7-m/nofp\libc_nano.a(libc_a-assert.o) (fiprintf)
C:/ST/STM32CubeIDE_1.19.0/STM32CubeIDE/plugins/com.st.stm32cube.ide.mcu.externaltools.gnu-tools-for-stm32.13.3.rel1.win32_1.0.0.202411081344/tools/bin/../lib/gcc/arm-none-eabi/13.3.1/../../../../arm-none-eabi/lib/thumb/v7-m/nofp\libc_nano.a(libc_a-fwalk.o)
                              C:/ST/STM32CubeIDE_1.19.0/STM32CubeIDE/plugins/com.st.stm32cube.ide.mcu.externaltools.gnu-tools-for-stm32.13.3.rel1.win32_1.0.0.202411081344/tools/bin/../lib/gcc/arm-none-eabi/13.3.1/../../../../arm-none-eabi/lib/thumb/v7-m/nofp\libc_nano.a(libc_a-findfp.o) (_fwalk_sglue)
C:/ST/STM32CubeIDE_1.19.0/STM32CubeIDE/plugins/com.st.stm32cube.ide.mcu.externaltools.gnu-tools-for-stm32.13.3.rel1.win32_1.0.0.202411081344/tools/bin/../lib/gcc/arm-none-eabi/13.3.1/../../../../arm-none-eabi/lib/thumb/v7-m/nofp\libc_nano.a(libc_a-stdio.o)
                              C:/ST/STM32CubeIDE_1.19.0/STM32CubeIDE/plugins/com.st.stm32cube.ide.mcu.externaltools.gnu-tools-for-stm32.13.3.rel1.win32_1.0.0.202411081344/tools/bin/../lib/gcc/arm-none-eabi/13.3.1/../../../../arm-none-eabi/lib/thumb/v7-m/nofp\libc_nano.a(libc_a-findfp.o) (__sread)
C:/ST/STM32CubeIDE_1.19.0/STM32CubeIDE/plugins/com.st.stm32cube.ide.mcu.externaltools.gnu-tools-for-stm32.13.3.rel1.win32_1.0.0.202411081344/tools/bin/../lib/gcc/arm-none-eabi/13.3.1/../../../../arm-none-eabi/lib/thumb/v7-m/nofp\libc_nano.a(libc_a-memset.o)
                              C:/ST/STM32CubeIDE_1.19.0/STM32CubeIDE/plugins/com.st.stm32cube.ide.mcu.externaltools.gnu-tools-for-stm32.13.3.rel1.win32_1.0.0.202411081344/tools/bin/../lib/gcc/arm-none-eabi/13.3.1/../../../../arm-none-eabi/lib/thumb/v7-m/nofp/crt0.o (memset)
C:/ST/STM32CubeIDE_1.19.0/STM32CubeIDE/plugins/com.st.stm32cube.ide.mcu.externaltools.gnu-tools-for-stm32.13.3.rel1.win32_1.0.0.202411081344/tools/bin/../lib/gcc/arm-none-eabi/13.3.1/../../../../arm-none-eabi/lib/thumb/v7-m/nofp\libc_nano.a(libc_a-closer.o)
                              C:/ST/STM32CubeIDE_1.19.0/STM32CubeIDE/plugins/com.st.stm32cube.ide.mcu.externaltools.gnu-tools-for-stm32.13.3.rel1.win32_1.0.0.202411081344/tools/bin/../lib/gcc/arm-none-eabi/13.3.1/../../../../arm-none-eabi/lib/thumb/v7-m/nofp\libc_nano.a(libc_a-stdio.o) (_close_r)
C:/ST/STM32CubeIDE_1.19.0/STM32CubeIDE/plugins/com.st.stm32cube.ide.mcu.externaltools.gnu-tools-for-stm32.13.3.rel1.win32_1.0.0.202411081344/tools/bin/../lib/gcc/arm-none-eabi/13.3.1/../../../../arm-none-eabi/lib/thumb/v7-m/nofp\libc_nano.a(libc_a-reent.o)
                              C:/ST/STM32CubeIDE_1.19.0/STM32CubeIDE/plugins/com.st.stm32cube.ide.mcu.externaltools.gnu-tools-for-stm32.13.3.rel1.win32_1.0.0.202411081344/tools/bin/../lib/gcc/arm-none-eabi/13.3.1/../../../../arm-none-eabi/lib/thumb/v7-m/nofp\libc_nano.a(libc_a-closer.o) (errno)
[...]
Memory Configuration

Name             Origin             Length             Attributes
RAM              0x20000000         0x00005000         xrw
FLASH            0x08000000         0x00010000         xr
*default*        0x00000000         0xffffffff

Linker script and memory map

LOAD C:/ST/STM32CubeIDE_1.19.0/STM32CubeIDE/plugins/com.st.stm32cube.ide.mcu.externaltools.gnu-tools-for-stm32.13.3.rel1.win32_1.0.0.202411081344/tools/bin/../lib/gcc/arm-none-eabi/13.3.1/thumb/v7-m/nofp/crti.o
LOAD C:/ST/STM32CubeIDE_1.19.0/STM32CubeIDE/plugins/com.st.stm32cube.ide.mcu.externaltools.gnu-tools-for-stm32.13.3.rel1.win32_1.0.0.202411081344/tools/bin/../lib/gcc/arm-none-eabi/13.3.1/thumb/v7-m/nofp/crtbegin.o
LOAD C:/ST/STM32CubeIDE_1.19.0/STM32CubeIDE/plugins/com.st.stm32cube.ide.mcu.externaltools.gnu-tools-for-stm32.13.3.rel1.win32_1.0.0.202411081344/tools/bin/../lib/gcc/arm-none-eabi/13.3.1/../../../../arm-none-eabi/lib/thumb/v7-m/nofp/crt0.o
LOAD ./Core/Src/main.o
LOAD ./Core/Src/stm32f1xx_hal_msp.o
LOAD ./Core/Src/stm32f1xx_it.o
LOAD ./Core/Src/syscalls.o
LOAD ./Core/Src/sysmem.o
LOAD ./Core/Src/system_stm32f1xx.o
LOAD ./Core/Startup/startup_stm32f103c8tx.o
LOAD ./Drivers/STM32F1xx_HAL_Driver/Src/stm32f1xx_hal.o
LOAD ./Drivers/STM32F1xx_HAL_Driver/Src/stm32f1xx_hal_cortex.o
LOAD ./Drivers/STM32F1xx_HAL_Driver/Src/stm32f1xx_hal_dma.o
LOAD ./Drivers/STM32F1xx_HAL_Driver/Src/stm32f1xx_hal_exti.o
LOAD ./Drivers/STM32F1xx_HAL_Driver/Src/stm32f1xx_hal_flash.o
LOAD ./Drivers/STM32F1xx_HAL_Driver/Src/stm32f1xx_hal_flash_ex.o
LOAD ./Drivers/STM32F1xx_HAL_Driver/Src/stm32f1xx_hal_gpio.o
LOAD ./Drivers/STM32F1xx_HAL_Driver/Src/stm32f1xx_hal_gpio_ex.o
LOAD ./Drivers/STM32F1xx_HAL_Driver/Src/stm32f1xx_hal_pwr.o
LOAD ./Drivers/STM32F1xx_HAL_Driver/Src/stm32f1xx_hal_rcc.o
LOAD ./Drivers/STM32F1xx_HAL_Driver/Src/stm32f1xx_hal_rcc_ex.o
LOAD ./Drivers/STM32F1xx_HAL_Driver/Src/stm32f1xx_hal_tim.o
LOAD ./Drivers/STM32F1xx_HAL_Driver/Src/stm32f1xx_hal_tim_ex.o
LOAD ./Drivers/STM32F1xx_HAL_Driver/Src/stm32f1xx_hal_uart.o
LOAD ./Modules/modbus/functions/mbfunccoils.o
LOAD ./Modules/modbus/functions/mbfuncdiag.o
LOAD ./Modules/modbus/functions/mbfuncdisc.o
LOAD ./Modules/modbus/functions/mbfuncholding.o
LOAD ./Modules/modbus/functions/mbfuncinput.o
LOAD ./Modules/modbus/functions/mbfuncother.o
LOAD ./Modules/modbus/functions/mbutils.o
LOAD ./Modules/modbus/mb.o
LOAD ./Modules/modbus/port/mt_port.o
LOAD ./Modules/modbus/port/portevent.o
LOAD ./Modules/modbus/port/portserial.o
LOAD ./Modules/modbus/port/porttimer.o
LOAD ./Modules/modbus/rtu/mbcrc.o
LOAD ./Modules/modbus/rtu/mbrtu.o
START GROUP
LOAD C:/ST/STM32CubeIDE_1.19.0/STM32CubeIDE/plugins/com.st.stm32cube.ide.mcu.externaltools.gnu-tools-for-stm32.13.3.rel1.win32_1.0.0.202411081344/tools/bin/../lib/gcc/arm-none-eabi/13.3.1/../../../../arm-none-eabi/lib/thumb/v7-m/nofp\libc_nano.a
LOAD C:/ST/STM32CubeIDE_1.19.0/STM32CubeIDE/plugins/com.st.stm32cube.ide.mcu.externaltools.gnu-tools-for-stm32.13.3.rel1.win32_1.0.0.202411081344/tools/bin/../lib/gcc/arm-none-eabi/13.3.1/../../../../arm-none-eabi/lib/thumb/v7-m/nofp\libm.a
END GROUP
START GROUP
LOAD C:/ST/STM32CubeIDE_1.19.0/STM32CubeIDE/plugins/com.st.stm32cube.ide.mcu.externaltools.gnu-tools-for-stm32.13.3.rel1.win32_1.0.0.202411081344/tools/bin/../lib/gcc/arm-none-eabi/13.3.1/thumb/v7-m/nofp\libgcc.a
LOAD C:/ST/STM32CubeIDE_1.19.0/STM32CubeIDE/plugins/com.st.stm32cube.ide.mcu.externaltools.gnu-tools-for-stm32.13.3.rel1.win32_1.0.0.202411081344/tools/bin/../lib/gcc/arm-none-eabi/13.3.1/../../../../arm-none-eabi/lib/thumb/v7-m/nofp\libc_nano.a
END GROUP
START GROUP
LOAD C:/ST/STM32CubeIDE_1.19.0/STM32CubeIDE/plugins/com.st.stm32cube.ide.mcu.externaltools.gnu-tools-for-stm32.13.3.rel1.win32_1.0.0.202411081344/tools/bin/../lib/gcc/arm-none-eabi/13.3.1/thumb/v7-m/nofp\libgcc.a
LOAD C:/ST/STM32CubeIDE_1.19.0/STM32CubeIDE/plugins/com.st.stm32cube.ide.mcu.externaltools.gnu-tools-for-stm32.13.3.rel1.win32_1.0.0.202411081344/tools/bin/../lib/gcc/arm-none-eabi/13.3.1/../../../../arm-none-eabi/lib/thumb/v7-m/nofp\libc_nano.a
LOAD C:/ST/STM32CubeIDE_1.19.0/STM32CubeIDE/plugins/com.st.stm32cube.ide.mcu.externaltools.gnu-tools-for-stm32.13.3.rel1.win32_1.0.0.202411081344/tools/bin/../lib/gcc/arm-none-eabi/13.3.1/../../../../arm-none-eabi/lib/thumb/v7-m/nofp\libnosys.a
END GROUP
START GROUP
LOAD C:/ST/STM32CubeIDE_1.19.0/STM32CubeIDE/plugins/com.st.stm32cube.ide.mcu.externaltools.gnu-tools-for-stm32.13.3.rel1.win32_1.0.0.202411081344/tools/bin/../lib/gcc/arm-none-eabi/13.3.1/thumb/v7-m/nofp\libgcc.a
LOAD C:/ST/STM32CubeIDE_1.19.0/STM32CubeIDE/plugins/com.st.stm32cube.ide.mcu.externaltools.gnu-tools-for-stm32.13.3.rel1.win32_1.0.0.202411081344/tools/bin/../lib/gcc/arm-none-eabi/13.3.1/../../../../arm-none-eabi/lib/thumb/v7-m/nofp\libc_nano.a
LOAD C:/ST/STM32CubeIDE_1.19.0/STM32CubeIDE/plugins/com.st.stm32cube.ide.mcu.externaltools.gnu-tools-for-stm32.13.3.rel1.win32_1.0.0.202411081344/tools/bin/../lib/gcc/arm-none-eabi/13.3.1/../../../../arm-none-eabi/lib/thumb/v7-m/nofp\libnosys.a
END GROUP
LOAD C:/ST/STM32CubeIDE_1.19.0/STM32CubeIDE/plugins/com.st.stm32cube.ide.mcu.externaltools.gnu-tools-for-stm32.13.3.rel1.win32_1.0.0.202411081344/tools/bin/../lib/gcc/arm-none-eabi/13.3.1/thumb/v7-m/nofp/crtend.o
LOAD C:/ST/STM32CubeIDE_1.19.0/STM32CubeIDE/plugins/com.st.stm32cube.ide.mcu.externaltools.gnu-tools-for-stm32.13.3.rel1.win32_1.0.0.202411081344/tools/bin/../lib/gcc/arm-none-eabi/13.3.1/thumb/v7-m/nofp/crtn.o
                0x20005000                        _estack = (ORIGIN (RAM) + LENGTH (RAM))
                0x00000200                        _Min_Heap_Size = 0x200
                0x00000400                        _Min_Stack_Size = 0x400

.isr_vector     0x08000000      0x10c
                0x08000000                        . = ALIGN (0x4)
 *(.isr_vector)
 .isr_vector    0x08000000      0x10c ./Core/Startup/startup_stm32f103c8tx.o
                0x08000000                g_pfnVectors
                0x0800010c                        . = ALIGN (0x4)

.text           0x0800010c     0x6dc4
                0x0800010c                        . = ALIGN (0x4)
 *(.text)
 .text          0x0800010c       0x40 C:/ST/STM32CubeIDE_1.19.0/STM32CubeIDE/plugins/com.st.stm32cube.ide.mcu.externaltools.gnu-tools-for-stm32.13.3.rel1.win32_1.0.0.202411081344/tools/bin/../lib/gcc/arm-none-eabi/13.3.1/thumb/v7-m/nofp/crtbegin.o
 .text          0x0800014c      0x2a0 C:/ST/STM32CubeIDE_1.19.0/STM32CubeIDE/plugins/com.st.stm32cube.ide.mcu.externaltools.gnu-tools-for-stm32.13.3.rel1.win32_1.0.0.202411081344/tools/bin/../lib/gcc/arm-none-eabi/13.3.1/thumb/v7-m/nofp\libgcc.a(_arm_muldivsf3.o)
                0x0800014c                __mulsf3
                0x0800014c                __aeabi_fmul
                0x080002b4                __aeabi_fdiv
                0x080002b4                __divsf3
 .text          0x080003ec       0xec C:/ST/STM32CubeIDE_1.19.0/STM32CubeIDE/plugins/com.st.stm32cube.ide.mcu.externaltools.gnu-tools-for-stm32.13.3.rel1.win32_1.0.0.202411081344/tools/bin/../lib/gcc/arm-none-eabi/13.3.1/thumb/v7-m/nofp\libgcc.a(_arm_cmpsf2.o)
                0x080003ec                __gesf2
                0x080003ec                __gtsf2
                0x080003f4                __lesf2
                0x080003f4                __ltsf2
                0x080003fc                __nesf2
                0x080003fc                __eqsf2
                0x080003fc                __cmpsf2
                0x0800045c                __aeabi_cfrcmple
                0x08000464                __aeabi_cfcmpeq
                0x08000464                __aeabi_cfcmple
                0x08000474                __aeabi_fcmpeq
                0x08000488                __aeabi_fcmplt
                0x0800049c                __aeabi_fcmple
                0x080004b0                __aeabi_fcmpge
                0x080004c4                __aeabi_fcmpgt
 .text          0x080004d8       0x4c C:/ST/STM32CubeIDE_1.19.0/STM32CubeIDE/plugins/com.st.stm32cube.ide.mcu.externaltools.gnu-tools-for-stm32.13.3.rel1.win32_1.0.0.202411081344/tools/bin/../lib/gcc/arm-none-eabi/13.3.1/thumb/v7-m/nofp\libgcc.a(_arm_fixsfsi.o)
                0x080004d8                __aeabi_f2iz
                0x080004d8                __fixsfsi
 *(.text*)
 .text.SwitchTechnology_Logic
                0x08000524      0x37c ./Core/Src/main.o
                0x08000524                SwitchTechnology_Logic
 .text.main     0x080008a0       0xe0 ./Core/Src/main.o
                0x080008a0                main
 .text.SystemClock_Config
                0x08000980       0x8a ./Core/Src/main.o
                0x08000980                SystemClock_Config
 *fill*         0x08000a0a        0x2 
 .text.MX_TIM3_Init
                0x08000a0c       0x98 ./Core/Src/main.o
 .text.MX_TIM4_Init
                0x08000aa4       0xe8 ./Core/Src/main.o
 .text.MX_USART1_UART_Init
                0x08000b8c       0x54 ./Core/Src/main.o
 .text.MX_USART3_UART_Init
                0x08000be0       0x54 ./Core/Src/main.o
 .text.MX_DMA_Init
                0x08000c34       0x4c ./Core/Src/main.o
 .text.MX_GPIO_Init
                0x08000c80       0xd8 ./Core/Src/main.o
 .text.eMBRegInputCB
                0x08000d58       0xc4 ./Core/Src/main.o
                0x08000d58                eMBRegInputCB
 .text.eMBRegHoldingCB
                0x08000e1c      0x148 ./Core/Src/main.o
                0x08000e1c                eMBRegHoldingCB
 .text.eMBRegCoilsCB
                0x08000f64       0x26 ./Core/Src/main.o
                0x08000f64                eMBRegCoilsCB
 .text.eMBRegDiscreteCB
                0x08000f8a       0x1c ./Core/Src/main.o
                0x08000f8a                eMBRegDiscreteCB
 *fill*         0x08000fa6        0x2 
 .text.ProcessButtons
                0x08000fa8      0x2ac ./Core/Src/main.o
                0x08000fa8                ProcessButtons
 .text.ProcessEncoder
                0x08001254      0x12c ./Core/Src/main.o
                0x08001254                ProcessEncoder
 .text.Error_Handler
                0x08001380        0xc ./Core/Src/main.o
                0x08001380                Error_Handler
 .text.HAL_MspInit
                0x0800138c       0x64 ./Core/Src/stm32f1xx_hal_msp.o
                0x0800138c                HAL_MspInit
 .text.HAL_TIM_Base_MspInit
                0x080013f0      0x124 ./Core/Src/stm32f1xx_hal_msp.o
                0x080013f0                HAL_TIM_Base_MspInit
 .text.HAL_UART_MspInit
                0x08001514      0x130 ./Core/Src/stm32f1xx_hal_msp.o
                0x08001514                HAL_UART_MspInit
 .text.NMI_Handler
                0x08001644        0x8 ./Core/Src/stm32f1xx_it.o
                0x08001644                NMI_Handler
 .text.HardFault_Handler
                0x0800164c        0x8 ./Core/Src/stm32f1xx_it.o
                0x0800164c                HardFault_Handler
 .text.MemManage_Handler
                0x08001654        0x8 ./Core/Src/stm32f1xx_it.o
                0x08001654                MemManage_Handler
 .text.BusFault_Handler
                0x0800165c        0x8 ./Core/Src/stm32f1xx_it.o
                0x0800165c                BusFault_Handler
 .text.UsageFault_Handler
                0x08001664        0x8 ./Core/Src/stm32f1xx_it.o
                0x08001664                UsageFault_Handler
 .text.SVC_Handler
                0x0800166c        0xc ./Core/Src/stm32f1xx_it.o
                0x0800166c                SVC_Handler
 .text.DebugMon_Handler
                0x08001678        0xc ./Core/Src/stm32f1xx_it.o
                0x08001678                DebugMon_Handler
 .text.PendSV_Handler
                0x08001684        0xc ./Core/Src/stm32f1xx_it.o
                0x08001684                PendSV_Handler
 .text.SysTick_Handler
                0x08001690        0xc ./Core/Src/stm32f1xx_it.o
                0x08001690                SysTick_Handler
 .text.DMA1_Channel1_IRQHandler
                0x0800169c       0x14 ./Core/Src/stm32f1xx_it.o
                0x0800169c                DMA1_Channel1_IRQHandler
 .text.DMA1_Channel7_IRQHandler
                0x080016b0       0x14 ./Core/Src/stm32f1xx_it.o
                0x080016b0                DMA1_Channel7_IRQHandler
 .text.TIM3_IRQHandler
                0x080016c4       0x14 ./Core/Src/stm32f1xx_it.o
                0x080016c4                TIM3_IRQHandler
 .text.USART1_IRQHandler
                0x080016d8       0x14 ./Core/Src/stm32f1xx_it.o
                0x080016d8                USART1_IRQHandler
 .text.USART3_IRQHandler
                0x080016ec       0x14 ./Core/Src/stm32f1xx_it.o
                0x080016ec                USART3_IRQHandler
 .text._getpid  0x08001700        0xe ./Core/Src/syscalls.o
                0x08001700                _getpid
 .text._kill    0x0800170e       0x20 ./Core/Src/syscalls.o
                0x0800170e                _kill
 .text._exit    0x0800172e       0x16 ./Core/Src/syscalls.o
                0x0800172e                _exit
 .text._read    0x08001744       0x3a ./Core/Src/syscalls.o
                0x08001744                _read
 .text._write   0x0800177e       0x38 ./Core/Src/syscalls.o
                0x0800177e                _write
 .text._close   0x080017b6       0x16 ./Core/Src/syscalls.o
                0x080017b6                _close
 .text._fstat   0x080017cc       0x1e ./Core/Src/syscalls.o
                0x080017cc                _fstat
 .text._isatty  0x080017ea       0x14 ./Core/Src/syscalls.o
                0x080017ea                _isatty
 .text._lseek   0x080017fe       0x18 ./Core/Src/syscalls.o
                0x080017fe                _lseek
 *fill*         0x08001816        0x2 
 .text._sbrk    0x08001818       0x6c ./Core/Src/sysmem.o
                0x08001818                _sbrk
 .text.SystemInit
                0x08001884        0xc ./Core/Src/system_stm32f1xx.o
                0x08001884                SystemInit
 .text.Reset_Handler
                0x08001890       0x48 ./Core/Startup/startup_stm32f103c8tx.o
                0x08001890                Reset_Handler
 .text.Default_Handler
                0x080018d8        0x2 ./Core/Startup/startup_stm32f103c8tx.o
                0x080018d8                RTC_Alarm_IRQHandler
                0x080018d8                EXTI2_IRQHandler
                0x080018d8                TIM1_CC_IRQHandler
                0x080018d8                PVD_IRQHandler
                0x080018d8                EXTI3_IRQHandler
                0x080018d8                EXTI0_IRQHandler
                0x080018d8                I2C2_EV_IRQHandler
                0x080018d8                ADC1_2_IRQHandler
                0x080018d8                SPI1_IRQHandler
                0x080018d8                TAMPER_IRQHandler
                0x080018d8                DMA1_Channel4_IRQHandler
                0x080018d8                RTC_IRQHandler
                0x080018d8                CAN1_RX1_IRQHandler
                0x080018d8                TIM4_IRQHandler
                0x080018d8                I2C1_EV_IRQHandler
                0x080018d8                DMA1_Channel6_IRQHandler
                0x080018d8                RCC_IRQHandler
                0x080018d8                TIM1_TRG_COM_IRQHandler
                0x080018d8                Default_Handler
                0x080018d8                EXTI15_10_IRQHandler
                0x080018d8                EXTI9_5_IRQHandler
                0x080018d8                SPI2_IRQHandler
                0x080018d8                DMA1_Channel5_IRQHandler
                0x080018d8                EXTI4_IRQHandler
                0x080018d8                USB_LP_CAN1_RX0_IRQHandler
                0x080018d8                USB_HP_CAN1_TX_IRQHandler
                0x080018d8                DMA1_Channel3_IRQHandler
                0x080018d8                TIM1_UP_IRQHandler
                0x080018d8                WWDG_IRQHandler
                0x080018d8                TIM2_IRQHandler
                0x080018d8                TIM1_BRK_IRQHandler
                0x080018d8                EXTI1_IRQHandler
                0x080018d8                USART2_IRQHandler
                0x080018d8                I2C2_ER_IRQHandler
                0x080018d8                DMA1_Channel2_IRQHandler
                0x080018d8                CAN1_SCE_IRQHandler
                0x080018d8                FLASH_IRQHandler
                0x080018d8                I2C1_ER_IRQHandler
                0x080018d8                USBWakeUp_IRQHandler
 *fill*         0x080018da        0x2 
 .text.HAL_Init
                0x080018dc       0x2c ./Drivers/STM32F1xx_HAL_Driver/Src/stm32f1xx_hal.o
                0x080018dc                HAL_Init
 .text.HAL_InitTick
                0x08001908       0x60 ./Drivers/STM32F1xx_HAL_Driver/Src/stm32f1xx_hal.o
                0x08001908                HAL_InitTick
 .text.HAL_IncTick
                0x08001968       0x24 ./Drivers/STM32F1xx_HAL_Driver/Src/stm32f1xx_hal.o
                0x08001968                HAL_IncTick
 .text.HAL_GetTick
                0x0800198c       0x14 ./Drivers/STM32F1xx_HAL_Driver/Src/stm32f1xx_hal.o
                0x0800198c                HAL_GetTick
 .text.__NVIC_SetPriorityGrouping
                0x080019a0       0x48 ./Drivers/STM32F1xx_HAL_Driver/Src/stm32f1xx_hal_cortex.o
 .text.__NVIC_GetPriorityGrouping
                0x080019e8       0x1c ./Drivers/STM32F1xx_HAL_Driver/Src/stm32f1xx_hal_cortex.o
 .text.__NVIC_EnableIRQ
                0x08001a04       0x38 ./Drivers/STM32F1xx_HAL_Driver/Src/stm32f1xx_hal_cortex.o
 .text.__NVIC_SetPriority
                0x08001a3c       0x54 ./Drivers/STM32F1xx_HAL_Driver/Src/stm32f1xx_hal_cortex.o
 .text.NVIC_EncodePriority
                0x08001a90       0x64 ./Drivers/STM32F1xx_HAL_Driver/Src/stm32f1xx_hal_cortex.o
 .text.SysTick_Config
                0x08001af4       0x44 ./Drivers/STM32F1xx_HAL_Driver/Src/stm32f1xx_hal_cortex.o
 .text.HAL_NVIC_SetPriorityGrouping
                0x08001b38       0x16 ./Drivers/STM32F1xx_HAL_Driver/Src/stm32f1xx_hal_cortex.o
                0x08001b38                HAL_NVIC_SetPriorityGrouping
 .text.HAL_NVIC_SetPriority
                0x08001b4e       0x38 ./Drivers/STM32F1xx_HAL_Driver/Src/stm32f1xx_hal_cortex.o
                0x08001b4e                HAL_NVIC_SetPriority
 .text.HAL_NVIC_EnableIRQ
                0x08001b86       0x1c ./Drivers/STM32F1xx_HAL_Driver/Src/stm32f1xx_hal_cortex.o
                0x08001b86                HAL_NVIC_EnableIRQ
 .text.HAL_SYSTICK_Config
                0x08001ba2       0x18 ./Drivers/STM32F1xx_HAL_Driver/Src/stm32f1xx_hal_cortex.o
                0x08001ba2                HAL_SYSTICK_Config
 *fill*         0x08001bba        0x2 
 .text.HAL_DMA_Init
                0x08001bbc       0xb4 ./Drivers/STM32F1xx_HAL_Driver/Src/stm32f1xx_hal_dma.o
                0x08001bbc                HAL_DMA_Init
 .text.HAL_DMA_Start
                0x08001c70       0x86 ./Drivers/STM32F1xx_HAL_Driver/Src/stm32f1xx_hal_dma.o
                0x08001c70                HAL_DMA_Start
 .text.HAL_DMA_Abort
                0x08001cf6       0x76 ./Drivers/STM32F1xx_HAL_Driver/Src/stm32f1xx_hal_dma.o
                0x08001cf6                HAL_DMA_Abort
 .text.HAL_DMA_Abort_IT
                0x08001d6c       0xf0 ./Drivers/STM32F1xx_HAL_Driver/Src/stm32f1xx_hal_dma.o
                0x08001d6c                HAL_DMA_Abort_IT
 .text.HAL_DMA_IRQHandler
                0x08001e5c      0x20c ./Drivers/STM32F1xx_HAL_Driver/Src/stm32f1xx_hal_dma.o
                0x08001e5c                HAL_DMA_IRQHandler
 .text.DMA_SetConfig
                0x08002068       0x5a ./Drivers/STM32F1xx_HAL_Driver/Src/stm32f1xx_hal_dma.o
 *fill*         0x080020c2        0x2 
 .text.HAL_GPIO_Init
                0x080020c4      0x308 ./Drivers/STM32F1xx_HAL_Driver/Src/stm32f1xx_hal_gpio.o
                0x080020c4                HAL_GPIO_Init
 .text.HAL_RCC_OscConfig
                0x080023cc      0x504 ./Drivers/STM32F1xx_HAL_Driver/Src/stm32f1xx_hal_rcc.o
                0x080023cc                HAL_RCC_OscConfig
 .text.HAL_RCC_ClockConfig
                0x080028d0      0x1d4 ./Drivers/STM32F1xx_HAL_Driver/Src/stm32f1xx_hal_rcc.o
                0x080028d0                HAL_RCC_ClockConfig
 .text.HAL_RCC_GetSysClockFreq
                0x08002aa4       0xa8 ./Drivers/STM32F1xx_HAL_Driver/Src/stm32f1xx_hal_rcc.o
                0x08002aa4                HAL_RCC_GetSysClockFreq
 .text.HAL_RCC_GetHCLKFreq
                0x08002b4c       0x14 ./Drivers/STM32F1xx_HAL_Driver/Src/stm32f1xx_hal_rcc.o
                0x08002b4c                HAL_RCC_GetHCLKFreq
 .text.HAL_RCC_GetPCLK1Freq
                0x08002b60       0x28 ./Drivers/STM32F1xx_HAL_Driver/Src/stm32f1xx_hal_rcc.o
                0x08002b60                HAL_RCC_GetPCLK1Freq
 .text.HAL_RCC_GetPCLK2Freq
                0x08002b88       0x28 ./Drivers/STM32F1xx_HAL_Driver/Src/stm32f1xx_hal_rcc.o
                0x08002b88                HAL_RCC_GetPCLK2Freq
 .text.RCC_Delay
                0x08002bb0       0x3c ./Drivers/STM32F1xx_HAL_Driver/Src/stm32f1xx_hal_rcc.o
 .text.HAL_TIM_Base_Init
                0x08002bec       0x9e ./Drivers/STM32F1xx_HAL_Driver/Src/stm32f1xx_hal_tim.o
                0x08002bec                HAL_TIM_Base_Init
 *fill*         0x08002c8a        0x2 
 .text.HAL_TIM_Base_Start
                0x08002c8c       0x94 ./Drivers/STM32F1xx_HAL_Driver/Src/stm32f1xx_hal_tim.o
                0x08002c8c                HAL_TIM_Base_Start
 .text.HAL_TIM_Base_Start_IT
                0x08002d20       0xa4 ./Drivers/STM32F1xx_HAL_Driver/Src/stm32f1xx_hal_tim.o
                0x08002d20                HAL_TIM_Base_Start_IT
 .text.HAL_TIM_Base_Stop_IT
                0x08002dc4       0x5c ./Drivers/STM32F1xx_HAL_Driver/Src/stm32f1xx_hal_tim.o
                0x08002dc4                HAL_TIM_Base_Stop_IT
 .text.HAL_TIM_PWM_Init
                0x08002e20       0x9e ./Drivers/STM32F1xx_HAL_Driver/Src/stm32f1xx_hal_tim.o
                0x08002e20                HAL_TIM_PWM_Init
 .text.HAL_TIM_PWM_MspInit
                0x08002ebe       0x12 ./Drivers/STM32F1xx_HAL_Driver/Src/stm32f1xx_hal_tim.o
                0x08002ebe                HAL_TIM_PWM_MspInit
 .text.HAL_TIM_IRQHandler
                0x08002ed0      0x1e0 ./Drivers/STM32F1xx_HAL_Driver/Src/stm32f1xx_hal_tim.o
                0x08002ed0                HAL_TIM_IRQHandler
 .text.HAL_TIM_PWM_ConfigChannel
                0x080030b0      0x184 ./Drivers/STM32F1xx_HAL_Driver/Src/stm32f1xx_hal_tim.o
                0x080030b0                HAL_TIM_PWM_ConfigChannel
 .text.HAL_TIM_ConfigClockSource
                0x08003234      0x18e ./Drivers/STM32F1xx_HAL_Driver/Src/stm32f1xx_hal_tim.o
                0x08003234                HAL_TIM_ConfigClockSource
 .text.HAL_TIM_OC_DelayElapsedCallback
                0x080033c2       0x12 ./Drivers/STM32F1xx_HAL_Driver/Src/stm32f1xx_hal_tim.o
                0x080033c2                HAL_TIM_OC_DelayElapsedCallback
 .text.HAL_TIM_IC_CaptureCallback
                0x080033d4       0x12 ./Drivers/STM32F1xx_HAL_Driver/Src/stm32f1xx_hal_tim.o
                0x080033d4                HAL_TIM_IC_CaptureCallback
 .text.HAL_TIM_PWM_PulseFinishedCallback
                0x080033e6       0x12 ./Drivers/STM32F1xx_HAL_Driver/Src/stm32f1xx_hal_tim.o
                0x080033e6                HAL_TIM_PWM_PulseFinishedCallback
 .text.HAL_TIM_TriggerCallback
                0x080033f8       0x12 ./Drivers/STM32F1xx_HAL_Driver/Src/stm32f1xx_hal_tim.o
                0x080033f8                HAL_TIM_TriggerCallback
 *fill*         0x0800340a        0x2 
 .text.TIM_Base_SetConfig
                0x0800340c       0xdc ./Drivers/STM32F1xx_HAL_Driver/Src/stm32f1xx_hal_tim.o
                0x0800340c                TIM_Base_SetConfig
 .text.TIM_OC1_SetConfig
                0x080034e8       0xcc ./Drivers/STM32F1xx_HAL_Driver/Src/stm32f1xx_hal_tim.o
 .text.TIM_OC2_SetConfig
                0x080035b4       0xd4 ./Drivers/STM32F1xx_HAL_Driver/Src/stm32f1xx_hal_tim.o
                0x080035b4                TIM_OC2_SetConfig
 .text.TIM_OC3_SetConfig
                0x08003688       0xd4 ./Drivers/STM32F1xx_HAL_Driver/Src/stm32f1xx_hal_tim.o
 .text.TIM_OC4_SetConfig
                0x0800375c       0x9c ./Drivers/STM32F1xx_HAL_Driver/Src/stm32f1xx_hal_tim.o
 .text.TIM_TI1_ConfigInputStage
                0x080037f8       0x5c ./Drivers/STM32F1xx_HAL_Driver/Src/stm32f1xx_hal_tim.o
 .text.TIM_TI2_ConfigInputStage
                0x08003854       0x5e ./Drivers/STM32F1xx_HAL_Driver/Src/stm32f1xx_hal_tim.o
 .text.TIM_ITRx_SetConfig
                0x080038b2       0x34 ./Drivers/STM32F1xx_HAL_Driver/Src/stm32f1xx_hal_tim.o
 .text.TIM_ETR_SetConfig
                0x080038e6       0x3e ./Drivers/STM32F1xx_HAL_Driver/Src/stm32f1xx_hal_tim.o
                0x080038e6                TIM_ETR_SetConfig
 .text.HAL_TIMEx_MasterConfigSynchronization
                0x08003924       0xbc ./Drivers/STM32F1xx_HAL_Driver/Src/stm32f1xx_hal_tim_ex.o
                0x08003924                HAL_TIMEx_MasterConfigSynchronization
 .text.HAL_TIMEx_CommutCallback
                0x080039e0       0x12 ./Drivers/STM32F1xx_HAL_Driver/Src/stm32f1xx_hal_tim_ex.o
                0x080039e0                HAL_TIMEx_CommutCallback
 .text.HAL_TIMEx_BreakCallback
                0x080039f2       0x12 ./Drivers/STM32F1xx_HAL_Driver/Src/stm32f1xx_hal_tim_ex.o
                0x080039f2                HAL_TIMEx_BreakCallback
 .text.HAL_UART_Init
                0x08003a04       0xa0 ./Drivers/STM32F1xx_HAL_Driver/Src/stm32f1xx_hal_uart.o
                0x08003a04                HAL_UART_Init
 .text.HAL_UART_Transmit
                0x08003aa4      0x116 ./Drivers/STM32F1xx_HAL_Driver/Src/stm32f1xx_hal_uart.o
                0x08003aa4                HAL_UART_Transmit
 .text.HAL_UART_Transmit_IT
                0x08003bba       0x6a ./Drivers/STM32F1xx_HAL_Driver/Src/stm32f1xx_hal_uart.o
                0x08003bba                HAL_UART_Transmit_IT
 .text.HAL_UART_Receive_IT
                0x08003c24       0x4a ./Drivers/STM32F1xx_HAL_Driver/Src/stm32f1xx_hal_uart.o
                0x08003c24                HAL_UART_Receive_IT
 *fill*         0x08003c6e        0x2 
 .text.HAL_UART_AbortTransmit_IT
                0x08003c70       0xe8 ./Drivers/STM32F1xx_HAL_Driver/Src/stm32f1xx_hal_uart.o
                0x08003c70                HAL_UART_AbortTransmit_IT
 .text.HAL_UART_AbortReceive_IT
                0x08003d58      0x164 ./Drivers/STM32F1xx_HAL_Driver/Src/stm32f1xx_hal_uart.o
                0x08003d58                HAL_UART_AbortReceive_IT
 .text.HAL_UART_IRQHandler
                0x08003ebc      0x524 ./Drivers/STM32F1xx_HAL_Driver/Src/stm32f1xx_hal_uart.o
                0x08003ebc                HAL_UART_IRQHandler
 .text.HAL_UART_AbortTransmitCpltCallback
                0x080043e0       0x12 ./Drivers/STM32F1xx_HAL_Driver/Src/stm32f1xx_hal_uart.o
                0x080043e0                HAL_UART_AbortTransmitCpltCallback
 .text.HAL_UART_AbortReceiveCpltCallback
                0x080043f2       0x12 ./Drivers/STM32F1xx_HAL_Driver/Src/stm32f1xx_hal_uart.o
                0x080043f2                HAL_UART_AbortReceiveCpltCallback
 .text.HAL_UARTEx_RxEventCallback
                0x08004404       0x16 ./Drivers/STM32F1xx_HAL_Driver/Src/stm32f1xx_hal_uart.o
                0x08004404                HAL_UARTEx_RxEventCallback
 .text.UART_WaitOnFlagUntilTimeout
                0x0800441a       0xb2 ./Drivers/STM32F1xx_HAL_Driver/Src/stm32f1xx_hal_uart.o
 .text.UART_Start_Receive_IT
                0x080044cc       0x72 ./Drivers/STM32F1xx_HAL_Driver/Src/stm32f1xx_hal_uart.o
                0x080044cc                UART_Start_Receive_IT
 .text.UART_EndRxTransfer
                0x0800453e       0xc4 ./Drivers/STM32F1xx_HAL_Driver/Src/stm32f1xx_hal_uart.o
 .text.UART_DMAAbortOnError
                0x08004602       0x28 ./Drivers/STM32F1xx_HAL_Driver/Src/stm32f1xx_hal_uart.o
 .text.UART_DMATxOnlyAbortCallback
                0x0800462a       0x2a ./Drivers/STM32F1xx_HAL_Driver/Src/stm32f1xx_hal_uart.o
 .text.UART_DMARxOnlyAbortCallback
                0x08004654       0x30 ./Drivers/STM32F1xx_HAL_Driver/Src/stm32f1xx_hal_uart.o
 .text.UART_Transmit_IT
                0x08004684       0x9e ./Drivers/STM32F1xx_HAL_Driver/Src/stm32f1xx_hal_uart.o
 .text.UART_EndTransmit_IT
                0x08004722       0x30 ./Drivers/STM32F1xx_HAL_Driver/Src/stm32f1xx_hal_uart.o
 .text.UART_Receive_IT
                0x08004752      0x17c ./Drivers/STM32F1xx_HAL_Driver/Src/stm32f1xx_hal_uart.o
 *fill*         0x080048ce        0x2 
 .text.UART_SetConfig
                0x080048d0      0x11c ./Drivers/STM32F1xx_HAL_Driver/Src/stm32f1xx_hal_uart.o
 .text.eMBFuncReadCoils
                0x080049ec       0xf4 ./Modules/modbus/functions/mbfunccoils.o
                0x080049ec                eMBFuncReadCoils
 .text.eMBFuncWriteCoil
                0x08004ae0       0x9e ./Modules/modbus/functions/mbfunccoils.o
                0x08004ae0                eMBFuncWriteCoil
 .text.eMBFuncWriteMultipleCoils
                0x08004b7e       0xc4 ./Modules/modbus/functions/mbfunccoils.o
                0x08004b7e                eMBFuncWriteMultipleCoils
 .text.eMBFuncReadDiscreteInputs
                0x08004c42       0xf4 ./Modules/modbus/functions/mbfuncdisc.o
                0x08004c42                eMBFuncReadDiscreteInputs
 .text.eMBFuncWriteHoldingRegister
                0x08004d36       0x62 ./Modules/modbus/functions/mbfuncholding.o
                0x08004d36                eMBFuncWriteHoldingRegister
 .text.eMBFuncWriteMultipleHoldingRegister
                0x08004d98       0xa8 ./Modules/modbus/functions/mbfuncholding.o
                0x08004d98                eMBFuncWriteMultipleHoldingRegister
 .text.eMBFuncReadHoldingRegister
                0x08004e40       0xda ./Modules/modbus/functions/mbfuncholding.o
                0x08004e40                eMBFuncReadHoldingRegister
 .text.eMBFuncReadWriteMultipleHoldingRegister
                0x08004f1a      0x140 ./Modules/modbus/functions/mbfuncholding.o
                0x08004f1a                eMBFuncReadWriteMultipleHoldingRegister
 .text.eMBFuncReadInputRegister
                0x0800505a       0xda ./Modules/modbus/functions/mbfuncinput.o
                0x0800505a                eMBFuncReadInputRegister
 .text.eMBFuncReportSlaveID
                0x08005134       0x38 ./Modules/modbus/functions/mbfuncother.o
                0x08005134                eMBFuncReportSlaveID
 .text.prveMBError2Exception
                0x0800516c       0x42 ./Modules/modbus/functions/mbutils.o
                0x0800516c                prveMBError2Exception
 *fill*         0x080051ae        0x2 
 .text.eMBInit  0x080051b0       0xf8 ./Modules/modbus/mb.o
                0x080051b0                eMBInit
 .text.eMBEnable
                0x080052a8       0x38 ./Modules/modbus/mb.o
                0x080052a8                eMBEnable
 .text.eMBPoll  0x080052e0      0x174 ./Modules/modbus/mb.o
                0x080052e0                eMBPoll
 .text.EnterCriticalSection
                0x08005454       0x20 ./Modules/modbus/port/mt_port.o
                0x08005454                EnterCriticalSection
 .text.ExitCriticalSection
                0x08005474       0x28 ./Modules/modbus/port/mt_port.o
                0x08005474                ExitCriticalSection
 .text.MT_PORT_SetTimerModule
                0x0800549c       0x1c ./Modules/modbus/port/mt_port.o
                0x0800549c                MT_PORT_SetTimerModule
 .text.MT_PORT_SetUartModule
                0x080054b8       0x1c ./Modules/modbus/port/mt_port.o
                0x080054b8                MT_PORT_SetUartModule
 .text.xMBPortEventInit
                0x080054d4       0x18 ./Modules/modbus/port/portevent.o
                0x080054d4                xMBPortEventInit
 .text.xMBPortEventPost
                0x080054ec       0x2c ./Modules/modbus/port/portevent.o
                0x080054ec                xMBPortEventPost
 .text.xMBPortEventGet
                0x08005518       0x3c ./Modules/modbus/port/portevent.o
                0x08005518                xMBPortEventGet
 .text.mb_irq_save_disable
                0x08005554       0x20 ./Modules/modbus/port/portserial.o
 .text.mb_irq_restore
                0x08005574       0x1e ./Modules/modbus/port/portserial.o
 *fill*         0x08005592        0x2 
 .text.intToStr
                0x08005594       0xe0 ./Modules/modbus/port/portserial.o
                0x08005594                intToStr
 .text.uart_send_char
                0x08005674       0x28 ./Modules/modbus/port/portserial.o
                0x08005674                uart_send_char
 .text.uart_send_string
                0x0800569c       0x30 ./Modules/modbus/port/portserial.o
                0x0800569c                uart_send_string
 .text.tjc_send_txt
                0x080056cc       0x50 ./Modules/modbus/port/portserial.o
                0x080056cc                tjc_send_txt
 .text.tjc_send_val
                0x0800571c       0x60 ./Modules/modbus/port/portserial.o
                0x0800571c                tjc_send_val
 .text.vMBPortSerialEnable
                0x0800577c       0x64 ./Modules/modbus/port/portserial.o
                0x0800577c                vMBPortSerialEnable
 .text.xMBPortSerialInit
                0x080057e0       0x24 ./Modules/modbus/port/portserial.o
                0x080057e0                xMBPortSerialInit
 .text.xMBPortSerialPutByte
                0x08005804       0x30 ./Modules/modbus/port/portserial.o
                0x08005804                xMBPortSerialPutByte
 .text.xMBPortSerialGetByte
                0x08005834       0x20 ./Modules/modbus/port/portserial.o
                0x08005834                xMBPortSerialGetByte
 .text.prvvUARTTxReadyISR
                0x08005854       0x14 ./Modules/modbus/port/portserial.o
 .text.prvvUARTRxISR
                0x08005868       0x14 ./Modules/modbus/port/portserial.o
 .text.initRingBuffer
                0x0800587c       0x30 ./Modules/modbus/port/portserial.o
                0x0800587c                initRingBuffer
 .text.write1ByteToRingBuffer
                0x080058ac       0x74 ./Modules/modbus/port/portserial.o
                0x080058ac                write1ByteToRingBuffer
 .text.HAL_UART_TxCpltCallback
                0x08005920       0x28 ./Modules/modbus/port/portserial.o
                0x08005920                HAL_UART_TxCpltCallback
 .text.HAL_UART_RxCpltCallback
                0x08005948       0x68 ./Modules/modbus/port/portserial.o
                0x08005948                HAL_UART_RxCpltCallback
 .text.HAL_UART_ErrorCallback
                0x080059b0       0x68 ./Modules/modbus/port/portserial.o
                0x080059b0                HAL_UART_ErrorCallback
 .text.xMBPortTimersInit
                0x08005a18       0x20 ./Modules/modbus/port/porttimer.o
                0x08005a18                xMBPortTimersInit
 .text.vMBPortTimersEnable
                0x08005a38       0x20 ./Modules/modbus/port/porttimer.o
                0x08005a38                vMBPortTimersEnable
 .text.vMBPortTimersDisable
                0x08005a58       0x18 ./Modules/modbus/port/porttimer.o
                0x08005a58                vMBPortTimersDisable
 .text.prvvTIMERExpiredISR
                0x08005a70       0x14 ./Modules/modbus/port/porttimer.o
 .text.HAL_TIM_PeriodElapsedCallback
                0x08005a84       0x48 ./Modules/modbus/port/porttimer.o
                0x08005a84                HAL_TIM_PeriodElapsedCallback
 .text.usMBCRC16
                0x08005acc       0x6c ./Modules/modbus/rtu/mbcrc.o
                0x08005acc                usMBCRC16
 .text.eMBRTUInit
                0x08005b38       0x78 ./Modules/modbus/rtu/mbrtu.o
                0x08005b38                eMBRTUInit
 .text.eMBRTUStart
                0x08005bb0       0x28 ./Modules/modbus/rtu/mbrtu.o
                0x08005bb0                eMBRTUStart
 .text.eMBRTUStop
                0x08005bd8       0x1c ./Modules/modbus/rtu/mbrtu.o
                0x08005bd8                eMBRTUStop
 .text.eMBRTUReceive
                0x08005bf4       0x94 ./Modules/modbus/rtu/mbrtu.o
                0x08005bf4                eMBRTUReceive
 .text.eMBRTUSend
                0x08005c88       0xc8 ./Modules/modbus/rtu/mbrtu.o
                0x08005c88                eMBRTUSend
 .text.xMBRTUReceiveFSM
                0x08005d50       0xd0 ./Modules/modbus/rtu/mbrtu.o
                0x08005d50                xMBRTUReceiveFSM
 .text.xMBRTUTransmitFSM
                0x08005e20       0xb0 ./Modules/modbus/rtu/mbrtu.o
                0x08005e20                xMBRTUTransmitFSM
 .text.xMBRTUTimerT35Expired
                0x08005ed0       0x8c ./Modules/modbus/rtu/mbrtu.o
                0x08005ed0                xMBRTUTimerT35Expired
 .text.__assert_func
                0x08005f5c       0x3c C:/ST/STM32CubeIDE_1.19.0/STM32CubeIDE/plugins/com.st.stm32cube.ide.mcu.externaltools.gnu-tools-for-stm32.13.3.rel1.win32_1.0.0.202411081344/tools/bin/../lib/gcc/arm-none-eabi/13.3.1/../../../../arm-none-eabi/lib/thumb/v7-m/nofp\libc_nano.a(libc_a-assert.o)
                0x08005f5c                __assert_func
 .text.std      0x08005f98       0x6c C:/ST/STM32CubeIDE_1.19.0/STM32CubeIDE/plugins/com.st.stm32cube.ide.mcu.externaltools.gnu-tools-for-stm32.13.3.rel1.win32_1.0.0.202411081344/tools/bin/../lib/gcc/arm-none-eabi/13.3.1/../../../../arm-none-eabi/lib/thumb/v7-m/nofp\libc_nano.a(libc_a-findfp.o)
 .text.stdio_exit_handler
                0x08006004       0x18 C:/ST/STM32CubeIDE_1.19.0/STM32CubeIDE/plugins/com.st.stm32cube.ide.mcu.externaltools.gnu-tools-for-stm32.13.3.rel1.win32_1.0.0.202411081344/tools/bin/../lib/gcc/arm-none-eabi/13.3.1/../../../../arm-none-eabi/lib/thumb/v7-m/nofp\libc_nano.a(libc_a-findfp.o)
 .text.cleanup_stdio
                0x0800601c       0x40 C:/ST/STM32CubeIDE_1.19.0/STM32CubeIDE/plugins/com.st.stm32cube.ide.mcu.externaltools.gnu-tools-for-stm32.13.3.rel1.win32_1.0.0.202411081344/tools/bin/../lib/gcc/arm-none-eabi/13.3.1/../../../../arm-none-eabi/lib/thumb/v7-m/nofp\libc_nano.a(libc_a-findfp.o)
 .text.global_stdio_init.part.0
                0x0800605c       0x3c C:/ST/STM32CubeIDE_1.19.0/STM32CubeIDE/plugins/com.st.stm32cube.ide.mcu.externaltools.gnu-tools-for-stm32.13.3.rel1.win32_1.0.0.202411081344/tools/bin/../lib/gcc/arm-none-eabi/13.3.1/../../../../arm-none-eabi/lib/thumb/v7-m/nofp\libc_nano.a(libc_a-findfp.o)
 .text.__sfp_lock_acquire
                0x08006098        0xc C:/ST/STM32CubeIDE_1.19.0/STM32CubeIDE/plugins/com.st.stm32cube.ide.mcu.externaltools.gnu-tools-for-stm32.13.3.rel1.win32_1.0.0.202411081344/tools/bin/../lib/gcc/arm-none-eabi/13.3.1/../../../../arm-none-eabi/lib/thumb/v7-m/nofp\libc_nano.a(libc_a-findfp.o)
                0x08006098                __sfp_lock_acquire
 .text.__sfp_lock_release
                0x080060a4        0xc C:/ST/STM32CubeIDE_1.19.0/STM32CubeIDE/plugins/com.st.stm32cube.ide.mcu.externaltools.gnu-tools-for-stm32.13.3.rel1.win32_1.0.0.202411081344/tools/bin/../lib/gcc/arm-none-eabi/13.3.1/../../../../arm-none-eabi/lib/thumb/v7-m/nofp\libc_nano.a(libc_a-findfp.o)
                0x080060a4                __sfp_lock_release
 .text.__sinit  0x080060b0       0x30 C:/ST/STM32CubeIDE_1.19.0/STM32CubeIDE/plugins/com.st.stm32cube.ide.mcu.externaltools.gnu-tools-for-stm32.13.3.rel1.win32_1.0.0.202411081344/tools/bin/../lib/gcc/arm-none-eabi/13.3.1/../../../../arm-none-eabi/lib/thumb/v7-m/nofp\libc_nano.a(libc_a-findfp.o)
                0x080060b0                __sinit
 .text.fprintf  0x080060e0       0x24 C:/ST/STM32CubeIDE_1.19.0/STM32CubeIDE/plugins/com.st.stm32cube.ide.mcu.externaltools.gnu-tools-for-stm32.13.3.rel1.win32_1.0.0.202411081344/tools/bin/../lib/gcc/arm-none-eabi/13.3.1/../../../../arm-none-eabi/lib/thumb/v7-m/nofp\libc_nano.a(libc_a-fprintf.o)
                0x080060e0                fiprintf
                0x080060e0                fprintf
 .text._fwalk_sglue
                0x08006104       0x3c C:/ST/STM32CubeIDE_1.19.0/STM32CubeIDE/plugins/com.st.stm32cube.ide.mcu.externaltools.gnu-tools-for-stm32.13.3.rel1.win32_1.0.0.202411081344/tools/bin/../lib/gcc/arm-none-eabi/13.3.1/../../../../arm-none-eabi/lib/thumb/v7-m/nofp\libc_nano.a(libc_a-fwalk.o)
                0x08006104                _fwalk_sglue
 .text.__sread  0x08006140       0x22 C:/ST/STM32CubeIDE_1.19.0/STM32CubeIDE/plugins/com.st.stm32cube.ide.mcu.externaltools.gnu-tools-for-stm32.13.3.rel1.win32_1.0.0.202411081344/tools/bin/../lib/gcc/arm-none-eabi/13.3.1/../../../../arm-none-eabi/lib/thumb/v7-m/nofp\libc_nano.a(libc_a-stdio.o)
                0x08006140                __sread
 .text.__swrite
                0x08006162       0x38 C:/ST/STM32CubeIDE_1.19.0/STM32CubeIDE/plugins/com.st.stm32cube.ide.mcu.externaltools.gnu-tools-for-stm32.13.3.rel1.win32_1.0.0.202411081344/tools/bin/../lib/gcc/arm-none-eabi/13.3.1/../../../../arm-none-eabi/lib/thumb/v7-m/nofp\libc_nano.a(libc_a-stdio.o)
                0x08006162                __swrite
 .text.__sseek  0x0800619a       0x24 C:/ST/STM32CubeIDE_1.19.0/STM32CubeIDE/plugins/com.st.stm32cube.ide.mcu.externaltools.gnu-tools-for-stm32.13.3.rel1.win32_1.0.0.202411081344/tools/bin/../lib/gcc/arm-none-eabi/13.3.1/../../../../arm-none-eabi/lib/thumb/v7-m/nofp\libc_nano.a(libc_a-stdio.o)
                0x0800619a                __sseek
 .text.__sclose
                0x080061be        0x8 C:/ST/STM32CubeIDE_1.19.0/STM32CubeIDE/plugins/com.st.stm32cube.ide.mcu.externaltools.gnu-tools-for-stm32.13.3.rel1.win32_1.0.0.202411081344/tools/bin/../lib/gcc/arm-none-eabi/13.3.1/../../../../arm-none-eabi/lib/thumb/v7-m/nofp\libc_nano.a(libc_a-stdio.o)
                0x080061be                __sclose
 .text.memset   0x080061c6       0x10 C:/ST/STM32CubeIDE_1.19.0/STM32CubeIDE/plugins/com.st.stm32cube.ide.mcu.externaltools.gnu-tools-for-stm32.13.3.rel1.win32_1.0.0.202411081344/tools/bin/../lib/gcc/arm-none-eabi/13.3.1/../../../../arm-none-eabi/lib/thumb/v7-m/nofp\libc_nano.a(libc_a-memset.o)
                0x080061c6                memset
 *fill*         0x080061d6        0x2 
 .text._close_r
                0x080061d8       0x20 C:/ST/STM32CubeIDE_1.19.0/STM32CubeIDE/plugins/com.st.stm32cube.ide.mcu.externaltools.gnu-tools-for-stm32.13.3.rel1.win32_1.0.0.202411081344/tools/bin/../lib/gcc/arm-none-eabi/13.3.1/../../../../arm-none-eabi/lib/thumb/v7-m/nofp\libc_nano.a(libc_a-closer.o)
                0x080061d8                _close_r
 .text._lseek_r
                0x080061f8       0x24 C:/ST/STM32CubeIDE_1.19.0/STM32CubeIDE/plugins/com.st.stm32cube.ide.mcu.externaltools.gnu-tools-for-stm32.13.3.rel1.win32_1.0.0.202411081344/tools/bin/../lib/gcc/arm-none-eabi/13.3.1/../../../../arm-none-eabi/lib/thumb/v7-m/nofp\libc_nano.a(libc_a-lseekr.o)
                0x080061f8                _lseek_r
 .text._read_r  0x0800621c       0x24 C:/ST/STM32CubeIDE_1.19.0/STM32CubeIDE/plugins/com.st.stm32cube.ide.mcu.externaltools.gnu-tools-for-stm32.13.3.rel1.win32_1.0.0.202411081344/tools/bin/../lib/gcc/arm-none-eabi/13.3.1/../../../../arm-none-eabi/lib/thumb/v7-m/nofp\libc_nano.a(libc_a-readr.o)
                0x0800621c                _read_r
 .text._write_r
                0x08006240       0x24 C:/ST/STM32CubeIDE_1.19.0/STM32CubeIDE/plugins/com.st.stm32cube.ide.mcu.externaltools.gnu-tools-for-stm32.13.3.rel1.win32_1.0.0.202411081344/tools/bin/../lib/gcc/arm-none-eabi/13.3.1/../../../../arm-none-eabi/lib/thumb/v7-m/nofp\libc_nano.a(libc_a-writer.o)
                0x08006240                _write_r
 .text.__errno  0x08006264        0xc C:/ST/STM32CubeIDE_1.19.0/STM32CubeIDE/plugins/com.st.stm32cube.ide.mcu.externaltools.gnu-tools-for-stm32.13.3.rel1.win32_1.0.0.202411081344/tools/bin/../lib/gcc/arm-none-eabi/13.3.1/../../../../arm-none-eabi/lib/thumb/v7-m/nofp\libc_nano.a(libc_a-errno.o)
                0x08006264                __errno
 .text.__libc_init_array
                0x08006270       0x48 C:/ST/STM32CubeIDE_1.19.0/STM32CubeIDE/plugins/com.st.stm32cube.ide.mcu.externaltools.gnu-tools-for-stm32.13.3.rel1.win32_1.0.0.202411081344/tools/bin/../lib/gcc/arm-none-eabi/13.3.1/../../../../arm-none-eabi/lib/thumb/v7-m/nofp\libc_nano.a(libc_a-init.o)
                0x08006270                __libc_init_array
 .text.__retarget_lock_init_recursive
                0x080062b8        0x2 C:/ST/STM32CubeIDE_1.19.0/STM32CubeIDE/plugins/com.st.stm32cube.ide.mcu.externaltools.gnu-tools-for-stm32.13.3.rel1.win32_1.0.0.202411081344/tools/bin/../lib/gcc/arm-none-eabi/13.3.1/../../../../arm-none-eabi/lib/thumb/v7-m/nofp\libc_nano.a(libc_a-lock.o)
                0x080062b8                __retarget_lock_init_recursive
 .text.__retarget_lock_acquire_recursive
                0x080062ba        0x2 C:/ST/STM32CubeIDE_1.19.0/STM32CubeIDE/plugins/com.st.stm32cube.ide.mcu.externaltools.gnu-tools-for-stm32.13.3.rel1.win32_1.0.0.202411081344/tools/bin/../lib/gcc/arm-none-eabi/13.3.1/../../../../arm-none-eabi/lib/thumb/v7-m/nofp\libc_nano.a(libc_a-lock.o)
                0x080062ba                __retarget_lock_acquire_recursive
 .text.__retarget_lock_release_recursive
                0x080062bc        0x2 C:/ST/STM32CubeIDE_1.19.0/STM32CubeIDE/plugins/com.st.stm32cube.ide.mcu.externaltools.gnu-tools-for-stm32.13.3.rel1.win32_1.0.0.202411081344/tools/bin/../lib/gcc/arm-none-eabi/13.3.1/../../../../arm-none-eabi/lib/thumb/v7-m/nofp\libc_nano.a(libc_a-lock.o)
                0x080062bc                __retarget_lock_release_recursive
 .text.memcpy   0x080062be       0x1c C:/ST/STM32CubeIDE_1.19.0/STM32CubeIDE/plugins/com.st.stm32cube.ide.mcu.externaltools.gnu-tools-for-stm32.13.3.rel1.win32_1.0.0.202411081344/tools/bin/../lib/gcc/arm-none-eabi/13.3.1/../../../../arm-none-eabi/lib/thumb/v7-m/nofp\libc_nano.a(libc_a-memcpy-stub.o)
                0x080062be                memcpy
 .text.abort    0x080062da        0xe C:/ST/STM32CubeIDE_1.19.0/STM32CubeIDE/plugins/com.st.stm32cube.ide.mcu.externaltools.gnu-tools-for-stm32.13.3.rel1.win32_1.0.0.202411081344/tools/bin/../lib/gcc/arm-none-eabi/13.3.1/../../../../arm-none-eabi/lib/thumb/v7-m/nofp\libc_nano.a(libc_a-abort.o)
                0x080062da                abort
 .text._free_r  0x080062e8       0x90 C:/ST/STM32CubeIDE_1.19.0/STM32CubeIDE/plugins/com.st.stm32cube.ide.mcu.externaltools.gnu-tools-for-stm32.13.3.rel1.win32_1.0.0.202411081344/tools/bin/../lib/gcc/arm-none-eabi/13.3.1/../../../../arm-none-eabi/lib/thumb/v7-m/nofp\libc_nano.a(libc_a-freer.o)
                0x080062e8                _free_r
 .text.sbrk_aligned
                0x08006378       0x44 C:/ST/STM32CubeIDE_1.19.0/STM32CubeIDE/plugins/com.st.stm32cube.ide.mcu.externaltools.gnu-tools-for-stm32.13.3.rel1.win32_1.0.0.202411081344/tools/bin/../lib/gcc/arm-none-eabi/13.3.1/../../../../arm-none-eabi/lib/thumb/v7-m/nofp\libc_nano.a(libc_a-mallocr.o)
 .text._malloc_r
                0x080063bc      0x100 C:/ST/STM32CubeIDE_1.19.0/STM32CubeIDE/plugins/com.st.stm32cube.ide.mcu.externaltools.gnu-tools-for-stm32.13.3.rel1.win32_1.0.0.202411081344/tools/bin/../lib/gcc/arm-none-eabi/13.3.1/../../../../arm-none-eabi/lib/thumb/v7-m/nofp\libc_nano.a(libc_a-mallocr.o)
                0x080063bc                _malloc_r
 .text.__malloc_lock
                0x080064bc        0xc C:/ST/STM32CubeIDE_1.19.0/STM32CubeIDE/plugins/com.st.stm32cube.ide.mcu.externaltools.gnu-tools-for-stm32.13.3.rel1.win32_1.0.0.202411081344/tools/bin/../lib/gcc/arm-none-eabi/13.3.1/../../../../arm-none-eabi/lib/thumb/v7-m/nofp\libc_nano.a(libc_a-mlock.o)
                0x080064bc                __malloc_lock
 .text.__malloc_unlock
                0x080064c8        0xc C:/ST/STM32CubeIDE_1.19.0/STM32CubeIDE/plugins/com.st.stm32cube.ide.mcu.externaltools.gnu-tools-for-stm32.13.3.rel1.win32_1.0.0.202411081344/tools/bin/../lib/gcc/arm-none-eabi/13.3.1/../../../../arm-none-eabi/lib/thumb/v7-m/nofp\libc_nano.a(libc_a-mlock.o)
                0x080064c8                __malloc_unlock
 .text.__sfputc_r
                0x080064d4       0x2a C:/ST/STM32CubeIDE_1.19.0/STM32CubeIDE/plugins/com.st.stm32cube.ide.mcu.externaltools.gnu-tools-for-stm32.13.3.rel1.win32_1.0.0.202411081344/tools/bin/../lib/gcc/arm-none-eabi/13.3.1/../../../../arm-none-eabi/lib/thumb/v7-m/nofp\libc_nano.a(libc_a-nano-vfprintf.o)
 .text.__sfputs_r
                0x080064fe       0x24 C:/ST/STM32CubeIDE_1.19.0/STM32CubeIDE/plugins/com.st.stm32cube.ide.mcu.externaltools.gnu-tools-for-stm32.13.3.rel1.win32_1.0.0.202411081344/tools/bin/../lib/gcc/arm-none-eabi/13.3.1/../../../../arm-none-eabi/lib/thumb/v7-m/nofp\libc_nano.a(libc_a-nano-vfprintf.o)
                0x080064fe                __sfputs_r
 *fill*         0x08006522        0x2 
 .text._vfprintf_r
                0x08006524      0x230 C:/ST/STM32CubeIDE_1.19.0/STM32CubeIDE/plugins/com.st.stm32cube.ide.mcu.externaltools.gnu-tools-for-stm32.13.3.rel1.win32_1.0.0.202411081344/tools/bin/../lib/gcc/arm-none-eabi/13.3.1/../../../../arm-none-eabi/lib/thumb/v7-m/nofp\libc_nano.a(libc_a-nano-vfprintf.o)
                0x08006524                _vfprintf_r
                0x08006524                _vfiprintf_r
 .text._printf_common
                0x08006754       0xe4 C:/ST/STM32CubeIDE_1.19.0/STM32CubeIDE/plugins/com.st.stm32cube.ide.mcu.externaltools.gnu-tools-for-stm32.13.3.rel1.win32_1.0.0.202411081344/tools/bin/../lib/gcc/arm-none-eabi/13.3.1/../../../../arm-none-eabi/lib/thumb/v7-m/nofp\libc_nano.a(libc_a-nano-vfprintf_i.o)
                0x08006754                _printf_common
 .text._printf_i
                0x08006838      0x23c C:/ST/STM32CubeIDE_1.19.0/STM32CubeIDE/plugins/com.st.stm32cube.ide.mcu.externaltools.gnu-tools-for-stm32.13.3.rel1.win32_1.0.0.202411081344/tools/bin/../lib/gcc/arm-none-eabi/13.3.1/../../../../arm-none-eabi/lib/thumb/v7-m/nofp\libc_nano.a(libc_a-nano-vfprintf_i.o)
                0x08006838                _printf_i
 .text.__sflush_r
                0x08006a74      0x100 C:/ST/STM32CubeIDE_1.19.0/STM32CubeIDE/plugins/com.st.stm32cube.ide.mcu.externaltools.gnu-tools-for-stm32.13.3.rel1.win32_1.0.0.202411081344/tools/bin/../lib/gcc/arm-none-eabi/13.3.1/../../../../arm-none-eabi/lib/thumb/v7-m/nofp\libc_nano.a(libc_a-fflush.o)
                0x08006a74                __sflush_r
 .text._fflush_r
                0x08006b74       0x50 C:/ST/STM32CubeIDE_1.19.0/STM32CubeIDE/plugins/com.st.stm32cube.ide.mcu.externaltools.gnu-tools-for-stm32.13.3.rel1.win32_1.0.0.202411081344/tools/bin/../lib/gcc/arm-none-eabi/13.3.1/../../../../arm-none-eabi/lib/thumb/v7-m/nofp\libc_nano.a(libc_a-fflush.o)
                0x08006b74                _fflush_r
 .text.__swbuf_r
                0x08006bc4       0x7c C:/ST/STM32CubeIDE_1.19.0/STM32CubeIDE/plugins/com.st.stm32cube.ide.mcu.externaltools.gnu-tools-for-stm32.13.3.rel1.win32_1.0.0.202411081344/tools/bin/../lib/gcc/arm-none-eabi/13.3.1/../../../../arm-none-eabi/lib/thumb/v7-m/nofp\libc_nano.a(libc_a-wbuf.o)
                0x08006bc4                __swbuf_r
 .text.__swsetup_r
                0x08006c40       0xac C:/ST/STM32CubeIDE_1.19.0/STM32CubeIDE/plugins/com.st.stm32cube.ide.mcu.externaltools.gnu-tools-for-stm32.13.3.rel1.win32_1.0.0.202411081344/tools/bin/../lib/gcc/arm-none-eabi/13.3.1/../../../../arm-none-eabi/lib/thumb/v7-m/nofp\libc_nano.a(libc_a-wsetup.o)
                0x08006c40                __swsetup_r
 .text._raise_r
                0x08006cec       0x50 C:/ST/STM32CubeIDE_1.19.0/STM32CubeIDE/plugins/com.st.stm32cube.ide.mcu.externaltools.gnu-tools-for-stm32.13.3.rel1.win32_1.0.0.202411081344/tools/bin/../lib/gcc/arm-none-eabi/13.3.1/../../../../arm-none-eabi/lib/thumb/v7-m/nofp\libc_nano.a(libc_a-signal.o)
                0x08006cec                _raise_r
 .text.raise    0x08006d3c       0x10 C:/ST/STM32CubeIDE_1.19.0/STM32CubeIDE/plugins/com.st.stm32cube.ide.mcu.externaltools.gnu-tools-for-stm32.13.3.rel1.win32_1.0.0.202411081344/tools/bin/../lib/gcc/arm-none-eabi/13.3.1/../../../../arm-none-eabi/lib/thumb/v7-m/nofp\libc_nano.a(libc_a-signal.o)
                0x08006d3c                raise
 .text._kill_r  0x08006d4c       0x24 C:/ST/STM32CubeIDE_1.19.0/STM32CubeIDE/plugins/com.st.stm32cube.ide.mcu.externaltools.gnu-tools-for-stm32.13.3.rel1.win32_1.0.0.202411081344/tools/bin/../lib/gcc/arm-none-eabi/13.3.1/../../../../arm-none-eabi/lib/thumb/v7-m/nofp\libc_nano.a(libc_a-signalr.o)
                0x08006d4c                _kill_r
 .text._getpid_r
                0x08006d70        0x4 C:/ST/STM32CubeIDE_1.19.0/STM32CubeIDE/plugins/com.st.stm32cube.ide.mcu.externaltools.gnu-tools-for-stm32.13.3.rel1.win32_1.0.0.202411081344/tools/bin/../lib/gcc/arm-none-eabi/13.3.1/../../../../arm-none-eabi/lib/thumb/v7-m/nofp\libc_nano.a(libc_a-signalr.o)
                0x08006d70                _getpid_r
 .text._sbrk_r  0x08006d74       0x20 C:/ST/STM32CubeIDE_1.19.0/STM32CubeIDE/plugins/com.st.stm32cube.ide.mcu.externaltools.gnu-tools-for-stm32.13.3.rel1.win32_1.0.0.202411081344/tools/bin/../lib/gcc/arm-none-eabi/13.3.1/../../../../arm-none-eabi/lib/thumb/v7-m/nofp\libc_nano.a(libc_a-sbrkr.o)
                0x08006d74                _sbrk_r
 .text.memchr   0x08006d94       0x1c C:/ST/STM32CubeIDE_1.19.0/STM32CubeIDE/plugins/com.st.stm32cube.ide.mcu.externaltools.gnu-tools-for-stm32.13.3.rel1.win32_1.0.0.202411081344/tools/bin/../lib/gcc/arm-none-eabi/13.3.1/../../../../arm-none-eabi/lib/thumb/v7-m/nofp\libc_nano.a(libc_a-memchr-stub.o)
                0x08006d94                memchr
 .text.__swhatbuf_r
                0x08006db0       0x4a C:/ST/STM32CubeIDE_1.19.0/STM32CubeIDE/plugins/com.st.stm32cube.ide.mcu.externaltools.gnu-tools-for-stm32.13.3.rel1.win32_1.0.0.202411081344/tools/bin/../lib/gcc/arm-none-eabi/13.3.1/../../../../arm-none-eabi/lib/thumb/v7-m/nofp\libc_nano.a(libc_a-makebuf.o)
                0x08006db0                __swhatbuf_r
 .text.__smakebuf_r
                0x08006dfa       0x78 C:/ST/STM32CubeIDE_1.19.0/STM32CubeIDE/plugins/com.st.stm32cube.ide.mcu.externaltools.gnu-tools-for-stm32.13.3.rel1.win32_1.0.0.202411081344/tools/bin/../lib/gcc/arm-none-eabi/13.3.1/../../../../arm-none-eabi/lib/thumb/v7-m/nofp\libc_nano.a(libc_a-makebuf.o)
                0x08006dfa                __smakebuf_r
 *fill*         0x08006e72        0x2 
 .text._fstat_r
                0x08006e74       0x24 C:/ST/STM32CubeIDE_1.19.0/STM32CubeIDE/plugins/com.st.stm32cube.ide.mcu.externaltools.gnu-tools-for-stm32.13.3.rel1.win32_1.0.0.202411081344/tools/bin/../lib/gcc/arm-none-eabi/13.3.1/../../../../arm-none-eabi/lib/thumb/v7-m/nofp\libc_nano.a(libc_a-fstatr.o)
                0x08006e74                _fstat_r
 .text._isatty_r
                0x08006e98       0x20 C:/ST/STM32CubeIDE_1.19.0/STM32CubeIDE/plugins/com.st.stm32cube.ide.mcu.externaltools.gnu-tools-for-stm32.13.3.rel1.win32_1.0.0.202411081344/tools/bin/../lib/gcc/arm-none-eabi/13.3.1/../../../../arm-none-eabi/lib/thumb/v7-m/nofp\libc_nano.a(libc_a-isattyr.o)
                0x08006e98                _isatty_r
 *(.glue_7)
 .glue_7        0x08006eb8        0x0 linker stubs
 *(.glue_7t)
 .glue_7t       0x08006eb8        0x0 linker stubs
 *(.eh_frame)
 .eh_frame      0x08006eb8        0x0 C:/ST/STM32CubeIDE_1.19.0/STM32CubeIDE/plugins/com.st.stm32cube.ide.mcu.externaltools.gnu-tools-for-stm32.13.3.rel1.win32_1.0.0.202411081344/tools/bin/../lib/gcc/arm-none-eabi/13.3.1/thumb/v7-m/nofp/crtbegin.o
 *(.init)
 .init          0x08006eb8        0x4 C:/ST/STM32CubeIDE_1.19.0/STM32CubeIDE/plugins/com.st.stm32cube.ide.mcu.externaltools.gnu-tools-for-stm32.13.3.rel1.win32_1.0.0.202411081344/tools/bin/../lib/gcc/arm-none-eabi/13.3.1/thumb/v7-m/nofp/crti.o
                0x08006eb8                _init
 .init          0x08006ebc        0x8 C:/ST/STM32CubeIDE_1.19.0/STM32CubeIDE/plugins/com.st.stm32cube.ide.mcu.externaltools.gnu-tools-for-stm32.13.3.rel1.win32_1.0.0.202411081344/tools/bin/../lib/gcc/arm-none-eabi/13.3.1/thumb/v7-m/nofp/crtn.o
 *(.fini)
 .fini          0x08006ec4        0x4 C:/ST/STM32CubeIDE_1.19.0/STM32CubeIDE/plugins/com.st.stm32cube.ide.mcu.externaltools.gnu-tools-for-stm32.13.3.rel1.win32_1.0.0.202411081344/tools/bin/../lib/gcc/arm-none-eabi/13.3.1/thumb/v7-m/nofp/crti.o
                0x08006ec4                _fini
 .fini          0x08006ec8        0x8 C:/ST/STM32CubeIDE_1.19.0/STM32CubeIDE/plugins/com.st.stm32cube.ide.mcu.externaltools.gnu-tools-for-stm32.13.3.rel1.win32_1.0.0.202411081344/tools/bin/../lib/gcc/arm-none-eabi/13.3.1/thumb/v7-m/nofp/crtn.o
                0x08006ed0                        . = ALIGN (0x4)
                0x08006ed0                        _etext = .

.vfp11_veneer   0x08006ed0        0x0
 .vfp11_veneer  0x08006ed0        0x0 linker stubs

.v4_bx          0x08006ed0        0x0
 .v4_bx         0x08006ed0        0x0 linker stubs

.iplt           0x08006ed0        0x0
 .iplt          0x08006ed0        0x0 C:/ST/STM32CubeIDE_1.19.0/STM32CubeIDE/plugins/com.st.stm32cube.ide.mcu.externaltools.gnu-tools-for-stm32.13.3.rel1.win32_1.0.0.202411081344/tools/bin/../lib/gcc/arm-none-eabi/13.3.1/thumb/v7-m/nofp/crtbegin.o

.rodata         0x08006ed0      0x580
                0x08006ed0                        . = ALIGN (0x4)
 *(.rodata)
 .rodata        0x08006ed0      0x1ab ./Core/Src/main.o
 *fill*         0x0800707b        0x1 
 .rodata        0x0800707c        0x3 ./Modules/modbus/port/portserial.o
 *fill*         0x0800707f        0x1 
 .rodata        0x08007080       0xe3 ./Modules/modbus/rtu/mbrtu.o
 *(.rodata*)
 *fill*         0x08007163        0x1 
 .rodata.AHBPrescTable
                0x08007164       0x10 ./Core/Src/system_stm32f1xx.o
                0x08007164                AHBPrescTable
 .rodata.APBPrescTable
                0x08007174        0x8 ./Core/Src/system_stm32f1xx.o
                0x08007174                APBPrescTable
 .rodata.aPLLMULFactorTable.1
                0x0800717c       0x10 ./Drivers/STM32F1xx_HAL_Driver/Src/stm32f1xx_hal_rcc.o
 .rodata.aPredivFactorTable.0
                0x0800718c        0x2 ./Drivers/STM32F1xx_HAL_Driver/Src/stm32f1xx_hal_rcc.o
 *fill*         0x0800718e        0x2 
 .rodata.aucCRCHi
                0x08007190      0x100 ./Modules/modbus/rtu/mbcrc.o
 .rodata.aucCRCLo
                0x08007290      0x100 ./Modules/modbus/rtu/mbcrc.o
 .rodata.__func__.3
                0x08007390        0xe ./Modules/modbus/rtu/mbrtu.o
 *fill*         0x0800739e        0x2 
 .rodata.__func__.2
                0x080073a0       0x11 ./Modules/modbus/rtu/mbrtu.o
 *fill*         0x080073b1        0x3 
 .rodata.__func__.1
                0x080073b4       0x12 ./Modules/modbus/rtu/mbrtu.o
 *fill*         0x080073c6        0x2 
 .rodata.__func__.0
                0x080073c8       0x16 ./Modules/modbus/rtu/mbrtu.o
 .rodata.__assert_func.str1.1
                0x080073de       0x6f C:/ST/STM32CubeIDE_1.19.0/STM32CubeIDE/plugins/com.st.stm32cube.ide.mcu.externaltools.gnu-tools-for-stm32.13.3.rel1.win32_1.0.0.202411081344/tools/bin/../lib/gcc/arm-none-eabi/13.3.1/../../../../arm-none-eabi/lib/thumb/v7-m/nofp\libc_nano.a(libc_a-assert.o)
                                 0x3d (size before relaxing)
 .rodata._vfprintf_r.str1.1
                0x0800744d       0x11 C:/ST/STM32CubeIDE_1.19.0/STM32CubeIDE/plugins/com.st.stm32cube.ide.mcu.externaltools.gnu-tools-for-stm32.13.3.rel1.win32_1.0.0.202411081344/tools/bin/../lib/gcc/arm-none-eabi/13.3.1/../../../../arm-none-eabi/lib/thumb/v7-m/nofp\libc_nano.a(libc_a-nano-vfprintf.o)
 .rodata._printf_i.str1.1
                0x0800744d       0x22 C:/ST/STM32CubeIDE_1.19.0/STM32CubeIDE/plugins/com.st.stm32cube.ide.mcu.externaltools.gnu-tools-for-stm32.13.3.rel1.win32_1.0.0.202411081344/tools/bin/../lib/gcc/arm-none-eabi/13.3.1/../../../../arm-none-eabi/lib/thumb/v7-m/nofp\libc_nano.a(libc_a-nano-vfprintf_i.o)
                0x08007470                        . = ALIGN (0x4)
 *fill*         0x0800744d        0x3 

.ARM.extab      0x08007450        0x0
                0x08007450                        . = ALIGN (0x4)
 *(.ARM.extab* .gnu.linkonce.armextab.*)
                0x08007450                        . = ALIGN (0x4)

.ARM            0x08007450        0x0
                0x08007450                        . = ALIGN (0x4)
                0x08007450                        __exidx_start = .
 *(.ARM.exidx*)
                0x08007450                        __exidx_end = .
                0x08007450                        . = ALIGN (0x4)

.preinit_array  0x08007450        0x0
                0x08007450                        . = ALIGN (0x4)
                0x08007450                        PROVIDE (__preinit_array_start = .)
 *(.preinit_array*)
                0x08007450                        PROVIDE (__preinit_array_end = .)
                0x08007450                        . = ALIGN (0x4)

.init_array     0x08007450        0x4
                0x08007450                        . = ALIGN (0x4)
                0x08007450                        PROVIDE (__init_array_start = .)
 *(SORT_BY_NAME(.init_array.*))
 *(.init_array*)
 .init_array    0x08007450        0x4 C:/ST/STM32CubeIDE_1.19.0/STM32CubeIDE/plugins/com.st.stm32cube.ide.mcu.externaltools.gnu-tools-for-stm32.13.3.rel1.win32_1.0.0.202411081344/tools/bin/../lib/gcc/arm-none-eabi/13.3.1/thumb/v7-m/nofp/crtbegin.o
                0x08007454                        PROVIDE (__init_array_end = .)
                0x08007454                        . = ALIGN (0x4)

.fini_array     0x08007454        0x4
                0x08007454                        . = ALIGN (0x4)
                [!provide]                        PROVIDE (__fini_array_start = .)
 *(SORT_BY_NAME(.fini_array.*))
 *(.fini_array*)
 .fini_array    0x08007454        0x4 C:/ST/STM32CubeIDE_1.19.0/STM32CubeIDE/plugins/com.st.stm32cube.ide.mcu.externaltools.gnu-tools-for-stm32.13.3.rel1.win32_1.0.0.202411081344/tools/bin/../lib/gcc/arm-none-eabi/13.3.1/thumb/v7-m/nofp/crtbegin.o
                [!provide]                        PROVIDE (__fini_array_end = .)
                0x08007458                        . = ALIGN (0x4)
                0x08007458                        _sidata = LOADADDR (.data)

.rel.dyn        0x08007458        0x0
 .rel.iplt      0x08007458        0x0 C:/ST/STM32CubeIDE_1.19.0/STM32CubeIDE/plugins/com.st.stm32cube.ide.mcu.externaltools.gnu-tools-for-stm32.13.3.rel1.win32_1.0.0.202411081344/tools/bin/../lib/gcc/arm-none-eabi/13.3.1/thumb/v7-m/nofp/crtbegin.o

.data           0x20000000       0xf8 load address 0x08007458
                0x20000000                        . = ALIGN (0x4)
                0x20000000                        _sdata = .
 *(.data)
 *(.data*)
 .data.scales.1
                0x20000000        0xc ./Core/Src/main.o
 .data.needs_clear.0
                0x2000000c        0x3 ./Core/Src/main.o
 *fill*         0x2000000f        0x1 
 .data.SystemCoreClock
                0x20000010        0x4 ./Core/Src/system_stm32f1xx.o
                0x20000010                SystemCoreClock
 .data.uwTickPrio
                0x20000014        0x4 ./Drivers/STM32F1xx_HAL_Driver/Src/stm32f1xx_hal.o
                0x20000014                uwTickPrio
 .data.uwTickFreq
                0x20000018        0x1 ./Drivers/STM32F1xx_HAL_Driver/Src/stm32f1xx_hal.o
                0x20000018                uwTickFreq
 .data.eMBState
                0x20000019        0x1 ./Modules/modbus/mb.o
 *fill*         0x2000001a        0x2 
 .data.xFuncHandlers
                0x2000001c       0x80 ./Modules/modbus/mb.o
 .data.__sglue  0x2000009c        0xc C:/ST/STM32CubeIDE_1.19.0/STM32CubeIDE/plugins/com.st.stm32cube.ide.mcu.externaltools.gnu-tools-for-stm32.13.3.rel1.win32_1.0.0.202411081344/tools/bin/../lib/gcc/arm-none-eabi/13.3.1/../../../../arm-none-eabi/lib/thumb/v7-m/nofp\libc_nano.a(libc_a-findfp.o)
                0x2000009c                __sglue
 .data._impure_ptr
                0x200000a8        0x4 C:/ST/STM32CubeIDE_1.19.0/STM32CubeIDE/plugins/com.st.stm32cube.ide.mcu.externaltools.gnu-tools-for-stm32.13.3.rel1.win32_1.0.0.202411081344/tools/bin/../lib/gcc/arm-none-eabi/13.3.1/../../../../arm-none-eabi/lib/thumb/v7-m/nofp\libc_nano.a(libc_a-impure.o)
                0x200000a8                _impure_ptr
 .data._impure_data
                0x200000ac       0x4c C:/ST/STM32CubeIDE_1.19.0/STM32CubeIDE/plugins/com.st.stm32cube.ide.mcu.externaltools.gnu-tools-for-stm32.13.3.rel1.win32_1.0.0.202411081344/tools/bin/../lib/gcc/arm-none-eabi/13.3.1/../../../../arm-none-eabi/lib/thumb/v7-m/nofp\libc_nano.a(libc_a-impure.o)
                0x200000ac                _impure_data
 *(.RamFunc)
 *(.RamFunc*)
                0x200000f8                        . = ALIGN (0x4)
                0x200000f8                        _edata = .

.igot.plt       0x200000f8        0x0 load address 0x08007550
 .igot.plt      0x200000f8        0x0 C:/ST/STM32CubeIDE_1.19.0/STM32CubeIDE/plugins/com.st.stm32cube.ide.mcu.externaltools.gnu-tools-for-stm32.13.3.rel1.win32_1.0.0.202411081344/tools/bin/../lib/gcc/arm-none-eabi/13.3.1/thumb/v7-m/nofp/crtbegin.o
                0x200000f8                        . = ALIGN (0x4)

.bss            0x200000f8      0x6bc load address 0x08007550
                0x200000f8                        _sbss = .
                0x200000f8                        __bss_start__ = _sbss
 *(.bss)
 .bss           0x200000f8       0x1c C:/ST/STM32CubeIDE_1.19.0/STM32CubeIDE/plugins/com.st.stm32cube.ide.mcu.externaltools.gnu-tools-for-stm32.13.3.rel1.win32_1.0.0.202411081344/tools/bin/../lib/gcc/arm-none-eabi/13.3.1/thumb/v7-m/nofp/crtbegin.o
 *(.bss*)
 .bss.htim3     0x20000114       0x48 ./Core/Src/main.o
                0x20000114                htim3
 .bss.htim4     0x2000015c       0x48 ./Core/Src/main.o
                0x2000015c                htim4
 .bss.hdma_tim4_up
                0x200001a4       0x44 ./Core/Src/main.o
                0x200001a4                hdma_tim4_up
 .bss.hdma_tim4_ch1
                0x200001e8       0x44 ./Core/Src/main.o
                0x200001e8                hdma_tim4_ch1
 .bss.huart1    0x2000022c       0x48 ./Core/Src/main.o
                0x2000022c                huart1
 .bss.huart3    0x20000274       0x48 ./Core/Src/main.o
                0x20000274                huart3
 .bss.pin       0x200002bc        0x4 ./Core/Src/main.o
                0x200002bc                pin
 .bss.input_buffer_A
                0x200002c0        0x2 ./Core/Src/main.o
                0x200002c0                input_buffer_A
 *fill*         0x200002c2        0x2 
 .bss.input_buffer_B
                0x200002c4        0x2 ./Core/Src/main.o
                0x200002c4                input_buffer_B
 .bss.last_portA
                0x200002c6        0x2 ./Core/Src/main.o
                0x200002c6                last_portA
 .bss.last_portB
                0x200002c8        0x2 ./Core/Src/main.o
                0x200002c8                last_portB
 .bss.encoder_prev_state
                0x200002ca        0x1 ./Core/Src/main.o
 .bss.encoder_initialized
                0x200002cb        0x1 ./Core/Src/main.o
 .bss.encoder_value
                0x200002cc        0x1 ./Core/Src/main.o
 .bss.currentState
                0x200002cd        0x1 ./Core/Src/main.o
 *fill*         0x200002ce        0x2 
 .bss.usRegHoldingBuf
                0x200002d0       0x10 ./Core/Src/main.o
 .bss.holdingFloat0
                0x200002e0        0x4 ./Core/Src/main.o
 .bss.holdingFloat1
                0x200002e4        0x4 ./Core/Src/main.o
 .bss.holdingFloat2
                0x200002e8        0x4 ./Core/Src/main.o
 .bss.holdingFloat3
                0x200002ec        0x4 ./Core/Src/main.o
 .bss.lastSendTime.2
                0x200002f0        0x4 ./Core/Src/main.o
 .bss.__sbrk_heap_end
                0x200002f4        0x4 ./Core/Src/sysmem.o
 .bss.uwTick    0x200002f8        0x4 ./Drivers/STM32F1xx_HAL_Driver/Src/stm32f1xx_hal.o
                0x200002f8                uwTick
 .bss.ucMBSlaveID
                0x200002fc       0x20 ./Modules/modbus/functions/mbfuncother.o
 .bss.usMBSlaveIDLen
                0x2000031c        0x2 ./Modules/modbus/functions/mbfuncother.o
 .bss.ucMBAddress
                0x2000031e        0x1 ./Modules/modbus/mb.o
 .bss.eMBCurrentMode
                0x2000031f        0x1 ./Modules/modbus/mb.o
 .bss.peMBFrameSendCur
                0x20000320        0x4 ./Modules/modbus/mb.o
 .bss.pvMBFrameStartCur
                0x20000324        0x4 ./Modules/modbus/mb.o
 .bss.pvMBFrameStopCur
                0x20000328        0x4 ./Modules/modbus/mb.o
 .bss.peMBFrameReceiveCur
                0x2000032c        0x4 ./Modules/modbus/mb.o
 .bss.pvMBFrameCloseCur
                0x20000330        0x4 ./Modules/modbus/mb.o
 .bss.pxMBFrameCBByteReceived
                0x20000334        0x4 ./Modules/modbus/mb.o
                0x20000334                pxMBFrameCBByteReceived
 .bss.pxMBFrameCBTransmitterEmpty
                0x20000338        0x4 ./Modules/modbus/mb.o
                0x20000338                pxMBFrameCBTransmitterEmpty
 .bss.pxMBPortCBTimerExpired
                0x2000033c        0x4 ./Modules/modbus/mb.o
                0x2000033c                pxMBPortCBTimerExpired
 .bss.ucRcvAddress.4
                0x20000340        0x1 ./Modules/modbus/mb.o
 *fill*         0x20000341        0x3 
 .bss.ucMBFrame.3
                0x20000344        0x4 ./Modules/modbus/mb.o
 .bss.usLength.2
                0x20000348        0x2 ./Modules/modbus/mb.o
 .bss.ucFunctionCode.1
                0x2000034a        0x1 ./Modules/modbus/mb.o
 .bss.eException.0
                0x2000034b        0x1 ./Modules/modbus/mb.o
 .bss.lockCounter
                0x2000034c        0x4 ./Modules/modbus/port/mt_port.o
 .bss.modbusUart
                0x20000350        0x4 ./Modules/modbus/port/mt_port.o
                0x20000350                modbusUart
 .bss.modbusTimer
                0x20000354        0x4 ./Modules/modbus/port/mt_port.o
                0x20000354                modbusTimer
 .bss.eQueuedEvent
                0x20000358        0x1 ./Modules/modbus/port/portevent.o
 .bss.xEventInQueue
                0x20000359        0x1 ./Modules/modbus/port/portevent.o
 .bss.txByte    0x2000035a        0x1 ./Modules/modbus/port/portserial.o
                0x2000035a                txByte
 .bss.rxByte    0x2000035b        0x1 ./Modules/modbus/port/portserial.o
                0x2000035b                rxByte
 .bss.ringBuffer
                0x2000035c      0x1fa ./Modules/modbus/port/portserial.o
                0x2000035c                ringBuffer
 *fill*         0x20000556        0x2 
 .bss.RxBuffer  0x20000558        0x1 ./Modules/modbus/port/portserial.o
                0x20000558                RxBuffer
 *fill*         0x20000559        0x1 
 .bss.timerPeriod
                0x2000055a        0x2 ./Modules/modbus/port/porttimer.o
                0x2000055a                timerPeriod
 .bss.timerCounter
                0x2000055c        0x2 ./Modules/modbus/port/porttimer.o
                0x2000055c                timerCounter
 .bss.eSndState
                0x2000055e        0x1 ./Modules/modbus/rtu/mbrtu.o
 .bss.eRcvState
                0x2000055f        0x1 ./Modules/modbus/rtu/mbrtu.o
 .bss.ucRTUBuf  0x20000560      0x100 ./Modules/modbus/rtu/mbrtu.o
                0x20000560                ucRTUBuf
 .bss.pucSndBufferCur
                0x20000660        0x4 ./Modules/modbus/rtu/mbrtu.o
 .bss.usSndBufferCount
                0x20000664        0x2 ./Modules/modbus/rtu/mbrtu.o
 .bss.usRcvBufferPos
                0x20000666        0x2 ./Modules/modbus/rtu/mbrtu.o
 .bss.__sf      0x20000668      0x138 C:/ST/STM32CubeIDE_1.19.0/STM32CubeIDE/plugins/com.st.stm32cube.ide.mcu.externaltools.gnu-tools-for-stm32.13.3.rel1.win32_1.0.0.202411081344/tools/bin/../lib/gcc/arm-none-eabi/13.3.1/../../../../arm-none-eabi/lib/thumb/v7-m/nofp\libc_nano.a(libc_a-findfp.o)
                0x20000668                __sf
 .bss.__stdio_exit_handler
                0x200007a0        0x4 C:/ST/STM32CubeIDE_1.19.0/STM32CubeIDE/plugins/com.st.stm32cube.ide.mcu.externaltools.gnu-tools-for-stm32.13.3.rel1.win32_1.0.0.202411081344/tools/bin/../lib/gcc/arm-none-eabi/13.3.1/../../../../arm-none-eabi/lib/thumb/v7-m/nofp\libc_nano.a(libc_a-findfp.o)
                0x200007a0                __stdio_exit_handler
 .bss.errno     0x200007a4        0x4 C:/ST/STM32CubeIDE_1.19.0/STM32CubeIDE/plugins/com.st.stm32cube.ide.mcu.externaltools.gnu-tools-for-stm32.13.3.rel1.win32_1.0.0.202411081344/tools/bin/../lib/gcc/arm-none-eabi/13.3.1/../../../../arm-none-eabi/lib/thumb/v7-m/nofp\libc_nano.a(libc_a-reent.o)
                0x200007a4                errno
 .bss.__lock___malloc_recursive_mutex
                0x200007a8        0x1 C:/ST/STM32CubeIDE_1.19.0/STM32CubeIDE/plugins/com.st.stm32cube.ide.mcu.externaltools.gnu-tools-for-stm32.13.3.rel1.win32_1.0.0.202411081344/tools/bin/../lib/gcc/arm-none-eabi/13.3.1/../../../../arm-none-eabi/lib/thumb/v7-m/nofp\libc_nano.a(libc_a-lock.o)
                0x200007a8                __lock___malloc_recursive_mutex
 .bss.__lock___sfp_recursive_mutex
                0x200007a9        0x1 C:/ST/STM32CubeIDE_1.19.0/STM32CubeIDE/plugins/com.st.stm32cube.ide.mcu.externaltools.gnu-tools-for-stm32.13.3.rel1.win32_1.0.0.202411081344/tools/bin/../lib/gcc/arm-none-eabi/13.3.1/../../../../arm-none-eabi/lib/thumb/v7-m/nofp\libc_nano.a(libc_a-lock.o)
                0x200007a9                __lock___sfp_recursive_mutex
 *fill*         0x200007aa        0x2 
 .bss.__malloc_sbrk_start
                0x200007ac        0x4 C:/ST/STM32CubeIDE_1.19.0/STM32CubeIDE/plugins/com.st.stm32cube.ide.mcu.externaltools.gnu-tools-for-stm32.13.3.rel1.win32_1.0.0.202411081344/tools/bin/../lib/gcc/arm-none-eabi/13.3.1/../../../../arm-none-eabi/lib/thumb/v7-m/nofp\libc_nano.a(libc_a-mallocr.o)
                0x200007ac                __malloc_sbrk_start
 .bss.__malloc_free_list
                0x200007b0        0x4 C:/ST/STM32CubeIDE_1.19.0/STM32CubeIDE/plugins/com.st.stm32cube.ide.mcu.externaltools.gnu-tools-for-stm32.13.3.rel1.win32_1.0.0.202411081344/tools/bin/../lib/gcc/arm-none-eabi/13.3.1/../../../../arm-none-eabi/lib/thumb/v7-m/nofp\libc_nano.a(libc_a-mallocr.o)
                0x200007b0                __malloc_free_list
 *(COMMON)
                0x200007b4                        . = ALIGN (0x4)
                0x200007b4                        _ebss = .
                0x200007b4                        __bss_end__ = _ebss

._user_heap_stack
                0x200007b4      0x604 load address 0x08007550
                0x200007b8                        . = ALIGN (0x8)
 *fill*         0x200007b4        0x4 
                [!provide]                        PROVIDE (end = .)
                0x200007b8                        PROVIDE (_end = .)
                0x200009b8                        . = (. + _Min_Heap_Size)
 *fill*         0x200007b8      0x200 
                0x20000db8                        . = (. + _Min_Stack_Size)
 *fill*         0x200009b8      0x400 
                0x20000db8                        . = ALIGN (0x8)

/DISCARD/
 libc.a(*)
 libm.a(*)
 libgcc.a(*)

.ARM.attributes
                0x00000000       0x29
 *(.ARM.attributes)
 .ARM.attributes
                0x00000000       0x1d C:/ST/STM32CubeIDE_1.19.0/STM32CubeIDE/plugins/com.st.stm32cube.ide.mcu.externaltools.gnu-tools-for-stm32.13.3.rel1.win32_1.0.0.202411081344/tools/bin/../lib/gcc/arm-none-eabi/13.3.1/thumb/v7-m/nofp/crti.o
 .ARM.attributes
                0x0000001d       0x2d C:/ST/STM32CubeIDE_1.19.0/STM32CubeIDE/plugins/com.st.stm32cube.ide.mcu.externaltools.gnu-tools-for-stm32.13.3.rel1.win32_1.0.0.202411081344/tools/bin/../lib/gcc/arm-none-eabi/13.3.1/thumb/v7-m/nofp/crtbegin.o
 .ARM.attributes
                0x0000004a       0x2d ./Core/Src/main.o
 .ARM.attributes
                0x00000077       0x2d ./Core/Src/stm32f1xx_hal_msp.o
 .ARM.attributes
                0x000000a4       0x2d ./Core/Src/stm32f1xx_it.o
 .ARM.attributes
                0x000000d1       0x2d ./Core/Src/syscalls.o
 .ARM.attributes
                0x000000fe       0x2d ./Core/Src/sysmem.o
 .ARM.attributes
                0x0000012b       0x2d ./Core/Src/system_stm32f1xx.o
 .ARM.attributes
                0x00000158       0x21 ./Core/Startup/startup_stm32f103c8tx.o
 .ARM.attributes
                0x00000179       0x2d ./Drivers/STM32F1xx_HAL_Driver/Src/stm32f1xx_hal.o
 .ARM.attributes
                0x000001a6       0x2d ./Drivers/STM32F1xx_HAL_Driver/Src/stm32f1xx_hal_cortex.o
 .ARM.attributes
                0x000001d3       0x2d ./Drivers/STM32F1xx_HAL_Driver/Src/stm32f1xx_hal_dma.o
 .ARM.attributes
                0x00000200       0x2d ./Drivers/STM32F1xx_HAL_Driver/Src/stm32f1xx_hal_gpio.o
 .ARM.attributes
                0x0000022d       0x2d ./Drivers/STM32F1xx_HAL_Driver/Src/stm32f1xx_hal_rcc.o
 .ARM.attributes
                0x0000025a       0x2d ./Drivers/STM32F1xx_HAL_Driver/Src/stm32f1xx_hal_tim.o
 .ARM.attributes
                0x00000287       0x2d ./Drivers/STM32F1xx_HAL_Driver/Src/stm32f1xx_hal_tim_ex.o
 .ARM.attributes
                0x000002b4       0x2d ./Drivers/STM32F1xx_HAL_Driver/Src/stm32f1xx_hal_uart.o
 .ARM.attributes
                0x000002e1       0x2d ./Modules/modbus/functions/mbfunccoils.o
 .ARM.attributes
                0x0000030e       0x2d ./Modules/modbus/functions/mbfuncdisc.o
 .ARM.attributes
                0x0000033b       0x2d ./Modules/modbus/functions/mbfuncholding.o
 .ARM.attributes
                0x00000368       0x2d ./Modules/modbus/functions/mbfuncinput.o
 .ARM.attributes
                0x00000395       0x2d ./Modules/modbus/functions/mbfuncother.o
 .ARM.attributes
                0x000003c2       0x2d ./Modules/modbus/functions/mbutils.o
 .ARM.attributes
                0x000003ef       0x2d ./Modules/modbus/mb.o
 .ARM.attributes
                0x0000041c       0x2d ./Modules/modbus/port/mt_port.o
 .ARM.attributes
                0x00000449       0x2d ./Modules/modbus/port/portevent.o
 .ARM.attributes
                0x00000476       0x2d ./Modules/modbus/port/portserial.o
 .ARM.attributes
                0x000004a3       0x2d ./Modules/modbus/port/porttimer.o
 .ARM.attributes
                0x000004d0       0x2d ./Modules/modbus/rtu/mbcrc.o
 .ARM.attributes
                0x000004fd       0x2d ./Modules/modbus/rtu/mbrtu.o
 .ARM.attributes
                0x0000052a       0x2d C:/ST/STM32CubeIDE_1.19.0/STM32CubeIDE/plugins/com.st.stm32cube.ide.mcu.externaltools.gnu-tools-for-stm32.13.3.rel1.win32_1.0.0.202411081344/tools/bin/../lib/gcc/arm-none-eabi/13.3.1/../../../../arm-none-eabi/lib/thumb/v7-m/nofp\libc_nano.a(libc_a-assert.o)
 .ARM.attributes
                0x00000557       0x2d C:/ST/STM32CubeIDE_1.19.0/STM32CubeIDE/plugins/com.st.stm32cube.ide.mcu.externaltools.gnu-tools-for-stm32.13.3.rel1.win32_1.0.0.202411081344/tools/bin/../lib/gcc/arm-none-eabi/13.3.1/../../../../arm-none-eabi/lib/thumb/v7-m/nofp\libc_nano.a(libc_a-findfp.o)
 .ARM.attributes
                0x00000584       0x2d C:/ST/STM32CubeIDE_1.19.0/STM32CubeIDE/plugins/com.st.stm32cube.ide.mcu.externaltools.gnu-tools-for-stm32.13.3.rel1.win32_1.0.0.202411081344/tools/bin/../lib/gcc/arm-none-eabi/13.3.1/../../../../arm-none-eabi/lib/thumb/v7-m/nofp\libc_nano.a(libc_a-fprintf.o)
 .ARM.attributes
                0x000005b1       0x2d C:/ST/STM32CubeIDE_1.19.0/STM32CubeIDE/plugins/com.st.stm32cube.ide.mcu.externaltools.gnu-tools-for-stm32.13.3.rel1.win32_1.0.0.202411081344/tools/bin/../lib/gcc/arm-none-eabi/13.3.1/../../../../arm-none-eabi/lib/thumb/v7-m/nofp\libc_nano.a(libc_a-fwalk.o)
 .ARM.attributes
                0x000005de       0x2d C:/ST/STM32CubeIDE_1.19.0/STM32CubeIDE/plugins/com.st.stm32cube.ide.mcu.externaltools.gnu-tools-for-stm32.13.3.rel1.win32_1.0.0.202411081344/tools/bin/../lib/gcc/arm-none-eabi/13.3.1/../../../../arm-none-eabi/lib/thumb/v7-m/nofp\libc_nano.a(libc_a-stdio.o)
 .ARM.attributes
                0x0000060b       0x2d C:/ST/STM32CubeIDE_1.19.0/STM32CubeIDE/plugins/com.st.stm32cube.ide.mcu.externaltools.gnu-tools-for-stm32.13.3.rel1.win32_1.0.0.202411081344/tools/bin/../lib/gcc/arm-none-eabi/13.3.1/../../../../arm-none-eabi/lib/thumb/v7-m/nofp\libc_nano.a(libc_a-memset.o)
 .ARM.attributes
                0x00000638       0x2d C:/ST/STM32CubeIDE_1.19.0/STM32CubeIDE/plugins/com.st.stm32cube.ide.mcu.externaltools.gnu-tools-for-stm32.13.3.rel1.win32_1.0.0.202411081344/tools/bin/../lib/gcc/arm-none-eabi/13.3.1/../../../../arm-none-eabi/lib/thumb/v7-m/nofp\libc_nano.a(libc_a-closer.o)
 .ARM.attributes
                0x00000665       0x2d C:/ST/STM32CubeIDE_1.19.0/STM32CubeIDE/plugins/com.st.stm32cube.ide.mcu.externaltools.gnu-tools-for-stm32.13.3.rel1.win32_1.0.0.202411081344/tools/bin/../lib/gcc/arm-none-eabi/13.3.1/../../../../arm-none-eabi/lib/thumb/v7-m/nofp\libc_nano.a(libc_a-reent.o)
 .ARM.attributes
                0x00000692       0x2d C:/ST/STM32CubeIDE_1.19.0/STM32CubeIDE/plugins/com.st.stm32cube.ide.mcu.externaltools.gnu-tools-for-stm32.13.3.rel1.win32_1.0.0.202411081344/tools/bin/../lib/gcc/arm-none-eabi/13.3.1/../../../../arm-none-eabi/lib/thumb/v7-m/nofp\libc_nano.a(libc_a-impure.o)
 .ARM.attributes
                0x000006bf       0x2d C:/ST/STM32CubeIDE_1.19.0/STM32CubeIDE/plugins/com.st.stm32cube.ide.mcu.externaltools.gnu-tools-for-stm32.13.3.rel1.win32_1.0.0.202411081344/tools/bin/../lib/gcc/arm-none-eabi/13.3.1/../../../../arm-none-eabi/lib/thumb/v7-m/nofp\libc_nano.a(libc_a-lseekr.o)
 .ARM.attributes
                0x000006ec       0x2d C:/ST/STM32CubeIDE_1.19.0/STM32CubeIDE/plugins/com.st.stm32cube.ide.mcu.externaltools.gnu-tools-for-stm32.13.3.rel1.win32_1.0.0.202411081344/tools/bin/../lib/gcc/arm-none-eabi/13.3.1/../../../../arm-none-eabi/lib/thumb/v7-m/nofp\libc_nano.a(libc_a-readr.o)
 .ARM.attributes
                0x00000719       0x2d C:/ST/STM32CubeIDE_1.19.0/STM32CubeIDE/plugins/com.st.stm32cube.ide.mcu.externaltools.gnu-tools-for-stm32.13.3.rel1.win32_1.0.0.202411081344/tools/bin/../lib/gcc/arm-none-eabi/13.3.1/../../../../arm-none-eabi/lib/thumb/v7-m/nofp\libc_nano.a(libc_a-writer.o)
 .ARM.attributes
                0x00000746       0x2d C:/ST/STM32CubeIDE_1.19.0/STM32CubeIDE/plugins/com.st.stm32cube.ide.mcu.externaltools.gnu-tools-for-stm32.13.3.rel1.win32_1.0.0.202411081344/tools/bin/../lib/gcc/arm-none-eabi/13.3.1/../../../../arm-none-eabi/lib/thumb/v7-m/nofp\libc_nano.a(libc_a-errno.o)
 .ARM.attributes
                0x00000773       0x2d C:/ST/STM32CubeIDE_1.19.0/STM32CubeIDE/plugins/com.st.stm32cube.ide.mcu.externaltools.gnu-tools-for-stm32.13.3.rel1.win32_1.0.0.202411081344/tools/bin/../lib/gcc/arm-none-eabi/13.3.1/../../../../arm-none-eabi/lib/thumb/v7-m/nofp\libc_nano.a(libc_a-init.o)
 .ARM.attributes
                0x000007a0       0x2d C:/ST/STM32CubeIDE_1.19.0/STM32CubeIDE/plugins/com.st.stm32cube.ide.mcu.externaltools.gnu-tools-for-stm32.13.3.rel1.win32_1.0.0.202411081344/tools/bin/../lib/gcc/arm-none-eabi/13.3.1/../../../../arm-none-eabi/lib/thumb/v7-m/nofp\libc_nano.a(libc_a-lock.o)
 .ARM.attributes
                0x000007cd       0x2d C:/ST/STM32CubeIDE_1.19.0/STM32CubeIDE/plugins/com.st.stm32cube.ide.mcu.externaltools.gnu-tools-for-stm32.13.3.rel1.win32_1.0.0.202411081344/tools/bin/../lib/gcc/arm-none-eabi/13.3.1/../../../../arm-none-eabi/lib/thumb/v7-m/nofp\libc_nano.a(libc_a-memcpy-stub.o)
 .ARM.attributes
                0x000007fa       0x2d C:/ST/STM32CubeIDE_1.19.0/STM32CubeIDE/plugins/com.st.stm32cube.ide.mcu.externaltools.gnu-tools-for-stm32.13.3.rel1.win32_1.0.0.202411081344/tools/bin/../lib/gcc/arm-none-eabi/13.3.1/../../../../arm-none-eabi/lib/thumb/v7-m/nofp\libc_nano.a(libc_a-abort.o)
 .ARM.attributes
                0x00000827       0x2d C:/ST/STM32CubeIDE_1.19.0/STM32CubeIDE/plugins/com.st.stm32cube.ide.mcu.externaltools.gnu-tools-for-stm32.13.3.rel1.win32_1.0.0.202411081344/tools/bin/../lib/gcc/arm-none-eabi/13.3.1/../../../../arm-none-eabi/lib/thumb/v7-m/nofp\libc_nano.a(libc_a-freer.o)
 .ARM.attributes
                0x00000854       0x2d C:/ST/STM32CubeIDE_1.19.0/STM32CubeIDE/plugins/com.st.stm32cube.ide.mcu.externaltools.gnu-tools-for-stm32.13.3.rel1.win32_1.0.0.202411081344/tools/bin/../lib/gcc/arm-none-eabi/13.3.1/../../../../arm-none-eabi/lib/thumb/v7-m/nofp\libc_nano.a(libc_a-mallocr.o)
 .ARM.attributes
                0x00000881       0x2d C:/ST/STM32CubeIDE_1.19.0/STM32CubeIDE/plugins/com.st.stm32cube.ide.mcu.externaltools.gnu-tools-for-stm32.13.3.rel1.win32_1.0.0.202411081344/tools/bin/../lib/gcc/arm-none-eabi/13.3.1/../../../../arm-none-eabi/lib/thumb/v7-m/nofp\libc_nano.a(libc_a-mlock.o)
 .ARM.attributes
                0x000008ae       0x2d C:/ST/STM32CubeIDE_1.19.0/STM32CubeIDE/plugins/com.st.stm32cube.ide.mcu.externaltools.gnu-tools-for-stm32.13.3.rel1.win32_1.0.0.202411081344/tools/bin/../lib/gcc/arm-none-eabi/13.3.1/../../../../arm-none-eabi/lib/thumb/v7-m/nofp\libc_nano.a(libc_a-nano-vfprintf.o)
 .ARM.attributes
                0x000008db       0x2d C:/ST/STM32CubeIDE_1.19.0/STM32CubeIDE/plugins/com.st.stm32cube.ide.mcu.externaltools.gnu-tools-for-stm32.13.3.rel1.win32_1.0.0.202411081344/tools/bin/../lib/gcc/arm-none-eabi/13.3.1/../../../../arm-none-eabi/lib/thumb/v7-m/nofp\libc_nano.a(libc_a-nano-vfprintf_i.o)
 .ARM.attributes
                0x00000908       0x2d C:/ST/STM32CubeIDE_1.19.0/STM32CubeIDE/plugins/com.st.stm32cube.ide.mcu.externaltools.gnu-tools-for-stm32.13.3.rel1.win32_1.0.0.202411081344/tools/bin/../lib/gcc/arm-none-eabi/13.3.1/../../../../arm-none-eabi/lib/thumb/v7-m/nofp\libc_nano.a(libc_a-fflush.o)
 .ARM.attributes
                0x00000935       0x2d C:/ST/STM32CubeIDE_1.19.0/STM32CubeIDE/plugins/com.st.stm32cube.ide.mcu.externaltools.gnu-tools-for-stm32.13.3.rel1.win32_1.0.0.202411081344/tools/bin/../lib/gcc/arm-none-eabi/13.3.1/../../../../arm-none-eabi/lib/thumb/v7-m/nofp\libc_nano.a(libc_a-wbuf.o)
 .ARM.attributes
                0x00000962       0x2d C:/ST/STM32CubeIDE_1.19.0/STM32CubeIDE/plugins/com.st.stm32cube.ide.mcu.externaltools.gnu-tools-for-stm32.13.3.rel1.win32_1.0.0.202411081344/tools/bin/../lib/gcc/arm-none-eabi/13.3.1/../../../../arm-none-eabi/lib/thumb/v7-m/nofp\libc_nano.a(libc_a-wsetup.o)
 .ARM.attributes
                0x0000098f       0x2d C:/ST/STM32CubeIDE_1.19.0/STM32CubeIDE/plugins/com.st.stm32cube.ide.mcu.externaltools.gnu-tools-for-stm32.13.3.rel1.win32_1.0.0.202411081344/tools/bin/../lib/gcc/arm-none-eabi/13.3.1/../../../../arm-none-eabi/lib/thumb/v7-m/nofp\libc_nano.a(libc_a-signal.o)
 .ARM.attributes
                0x000009bc       0x2d C:/ST/STM32CubeIDE_1.19.0/STM32CubeIDE/plugins/com.st.stm32cube.ide.mcu.externaltools.gnu-tools-for-stm32.13.3.rel1.win32_1.0.0.202411081344/tools/bin/../lib/gcc/arm-none-eabi/13.3.1/../../../../arm-none-eabi/lib/thumb/v7-m/nofp\libc_nano.a(libc_a-signalr.o)
 .ARM.attributes
                0x000009e9       0x2d C:/ST/STM32CubeIDE_1.19.0/STM32CubeIDE/plugins/com.st.stm32cube.ide.mcu.externaltools.gnu-tools-for-stm32.13.3.rel1.win32_1.0.0.202411081344/tools/bin/../lib/gcc/arm-none-eabi/13.3.1/../../../../arm-none-eabi/lib/thumb/v7-m/nofp\libc_nano.a(libc_a-sbrkr.o)
 .ARM.attributes
                0x00000a16       0x2d C:/ST/STM32CubeIDE_1.19.0/STM32CubeIDE/plugins/com.st.stm32cube.ide.mcu.externaltools.gnu-tools-for-stm32.13.3.rel1.win32_1.0.0.202411081344/tools/bin/../lib/gcc/arm-none-eabi/13.3.1/../../../../arm-none-eabi/lib/thumb/v7-m/nofp\libc_nano.a(libc_a-memchr-stub.o)
 .ARM.attributes
                0x00000a43       0x2d C:/ST/STM32CubeIDE_1.19.0/STM32CubeIDE/plugins/com.st.stm32cube.ide.mcu.externaltools.gnu-tools-for-stm32.13.3.rel1.win32_1.0.0.202411081344/tools/bin/../lib/gcc/arm-none-eabi/13.3.1/../../../../arm-none-eabi/lib/thumb/v7-m/nofp\libc_nano.a(libc_a-makebuf.o)
 .ARM.attributes
                0x00000a70       0x2d C:/ST/STM32CubeIDE_1.19.0/STM32CubeIDE/plugins/com.st.stm32cube.ide.mcu.externaltools.gnu-tools-for-stm32.13.3.rel1.win32_1.0.0.202411081344/tools/bin/../lib/gcc/arm-none-eabi/13.3.1/../../../../arm-none-eabi/lib/thumb/v7-m/nofp\libc_nano.a(libc_a-fstatr.o)
 .ARM.attributes
                0x00000a9d       0x2d C:/ST/STM32CubeIDE_1.19.0/STM32CubeIDE/plugins/com.st.stm32cube.ide.mcu.externaltools.gnu-tools-for-stm32.13.3.rel1.win32_1.0.0.202411081344/tools/bin/../lib/gcc/arm-none-eabi/13.3.1/../../../../arm-none-eabi/lib/thumb/v7-m/nofp\libc_nano.a(libc_a-isattyr.o)
 .ARM.attributes
                0x00000aca       0x1d C:/ST/STM32CubeIDE_1.19.0/STM32CubeIDE/plugins/com.st.stm32cube.ide.mcu.externaltools.gnu-tools-for-stm32.13.3.rel1.win32_1.0.0.202411081344/tools/bin/../lib/gcc/arm-none-eabi/13.3.1/thumb/v7-m/nofp\libgcc.a(_arm_muldivsf3.o)
 .ARM.attributes
                0x00000ae7       0x1d C:/ST/STM32CubeIDE_1.19.0/STM32CubeIDE/plugins/com.st.stm32cube.ide.mcu.externaltools.gnu-tools-for-stm32.13.3.rel1.win32_1.0.0.202411081344/tools/bin/../lib/gcc/arm-none-eabi/13.3.1/thumb/v7-m/nofp\libgcc.a(_arm_cmpsf2.o)
 .ARM.attributes
                0x00000b04       0x1d C:/ST/STM32CubeIDE_1.19.0/STM32CubeIDE/plugins/com.st.stm32cube.ide.mcu.externaltools.gnu-tools-for-stm32.13.3.rel1.win32_1.0.0.202411081344/tools/bin/../lib/gcc/arm-none-eabi/13.3.1/thumb/v7-m/nofp\libgcc.a(_arm_fixsfsi.o)
 .ARM.attributes
                0x00000b21       0x1d C:/ST/STM32CubeIDE_1.19.0/STM32CubeIDE/plugins/com.st.stm32cube.ide.mcu.externaltools.gnu-tools-for-stm32.13.3.rel1.win32_1.0.0.202411081344/tools/bin/../lib/gcc/arm-none-eabi/13.3.1/thumb/v7-m/nofp/crtn.o
OUTPUT(Pult_Encod.elf elf32-littlearm)
LOAD linker stubs
LOAD C:/ST/STM32CubeIDE_1.19.0/STM32CubeIDE/plugins/com.st.stm32cube.ide.mcu.externaltools.gnu-tools-for-stm32.13.3.rel1.win32_1.0.0.202411081344/tools/bin/../lib/gcc/arm-none-eabi/13.3.1/../../../../arm-none-eabi/lib/thumb/v7-m/nofp\libc.a
LOAD C:/ST/STM32CubeIDE_1.19.0/STM32CubeIDE/plugins/com.st.stm32cube.ide.mcu.externaltools.gnu-tools-for-stm32.13.3.rel1.win32_1.0.0.202411081344/tools/bin/../lib/gcc/arm-none-eabi/13.3.1/../../../../arm-none-eabi/lib/thumb/v7-m/nofp\libm.a
LOAD C:/ST/STM32CubeIDE_1.19.0/STM32CubeIDE/plugins/com.st.stm32cube.ide.mcu.externaltools.gnu-tools-for-stm32.13.3.rel1.win32_1.0.0.202411081344/tools/bin/../lib/gcc/arm-none-eabi/13.3.1/thumb/v7-m/nofp\libgcc.a

.debug_info     0x00000000    0x10d08
 .debug_info    0x00000000     0x18e0 ./Core/Src/main.o
 .debug_info    0x000018e0      0xdfd ./Core/Src/stm32f1xx_hal_msp.o
 .debug_info    0x000026dd      0x9b2 ./Core/Src/stm32f1xx_it.o
 .debug_info    0x0000308f      0x6a3 ./Core/Src/syscalls.o
 .debug_info    0x00003732      0x168 ./Core/Src/sysmem.o
 .debug_info    0x0000389a      0x222 ./Core/Src/system_stm32f1xx.o
 .debug_info    0x00003abc       0x30 ./Core/Startup/startup_stm32f103c8tx.o
 .debug_info    0x00003aec      0x704 ./Drivers/STM32F1xx_HAL_Driver/Src/stm32f1xx_hal.o
 .debug_info    0x000041f0      0xa87 ./Drivers/STM32F1xx_HAL_Driver/Src/stm32f1xx_hal_cortex.o
 .debug_info    0x00004c77      0x6d2 ./Drivers/STM32F1xx_HAL_Driver/Src/stm32f1xx_hal_dma.o
 .debug_info    0x00005349      0x5ab ./Drivers/STM32F1xx_HAL_Driver/Src/stm32f1xx_hal_gpio.o
 .debug_info    0x000058f4      0x7d5 ./Drivers/STM32F1xx_HAL_Driver/Src/stm32f1xx_hal_rcc.o
 .debug_info    0x000060c9     0x2959 ./Drivers/STM32F1xx_HAL_Driver/Src/stm32f1xx_hal_tim.o
 .debug_info    0x00008a22     0x149b ./Drivers/STM32F1xx_HAL_Driver/Src/stm32f1xx_hal_tim_ex.o
 .debug_info    0x00009ebd     0x2eed ./Drivers/STM32F1xx_HAL_Driver/Src/stm32f1xx_hal_uart.o
 .debug_info    0x0000cdaa      0x332 ./Modules/modbus/functions/mbfunccoils.o
 .debug_info    0x0000d0dc      0x20b ./Modules/modbus/functions/mbfuncdisc.o
 .debug_info    0x0000d2e7      0x398 ./Modules/modbus/functions/mbfuncholding.o
 .debug_info    0x0000d67f      0x1fe ./Modules/modbus/functions/mbfuncinput.o
 .debug_info    0x0000d87d      0x27d ./Modules/modbus/functions/mbfuncother.o
 .debug_info    0x0000dafa      0x2e6 ./Modules/modbus/functions/mbutils.o
 .debug_info    0x0000dde0      0x800 ./Modules/modbus/mb.o
 .debug_info    0x0000e5e0      0x925 ./Modules/modbus/port/mt_port.o
 .debug_info    0x0000ef05      0x169 ./Modules/modbus/port/portevent.o
 .debug_info    0x0000f06e      0xe1b ./Modules/modbus/port/portserial.o
 .debug_info    0x0000fe89      0x740 ./Modules/modbus/port/porttimer.o
 .debug_info    0x000105c9      0x14b ./Modules/modbus/rtu/mbcrc.o
 .debug_info    0x00010714      0x5f4 ./Modules/modbus/rtu/mbrtu.o

.debug_abbrev   0x00000000     0x313a
 .debug_abbrev  0x00000000      0x3a6 ./Core/Src/main.o
 .debug_abbrev  0x000003a6      0x24a ./Core/Src/stm32f1xx_hal_msp.o
 .debug_abbrev  0x000005f0      0x1b4 ./Core/Src/stm32f1xx_it.o
 .debug_abbrev  0x000007a4      0x1b6 ./Core/Src/syscalls.o
 .debug_abbrev  0x0000095a       0xbc ./Core/Src/sysmem.o
 .debug_abbrev  0x00000a16      0x13f ./Core/Src/system_stm32f1xx.o
 .debug_abbrev  0x00000b55       0x24 ./Core/Startup/startup_stm32f103c8tx.o
 .debug_abbrev  0x00000b79      0x201 ./Drivers/STM32F1xx_HAL_Driver/Src/stm32f1xx_hal.o
 .debug_abbrev  0x00000d7a      0x2f8 ./Drivers/STM32F1xx_HAL_Driver/Src/stm32f1xx_hal_cortex.o
 .debug_abbrev  0x00001072      0x20b ./Drivers/STM32F1xx_HAL_Driver/Src/stm32f1xx_hal_dma.o
 .debug_abbrev  0x0000127d      0x1ca ./Drivers/STM32F1xx_HAL_Driver/Src/stm32f1xx_hal_gpio.o
 .debug_abbrev  0x00001447      0x2b3 ./Drivers/STM32F1xx_HAL_Driver/Src/stm32f1xx_hal_rcc.o
 .debug_abbrev  0x000016fa      0x277 ./Drivers/STM32F1xx_HAL_Driver/Src/stm32f1xx_hal_tim.o
 .debug_abbrev  0x00001971      0x282 ./Drivers/STM32F1xx_HAL_Driver/Src/stm32f1xx_hal_tim_ex.o
 .debug_abbrev  0x00001bf3      0x2f8 ./Drivers/STM32F1xx_HAL_Driver/Src/stm32f1xx_hal_uart.o
 .debug_abbrev  0x00001eeb      0x10a ./Modules/modbus/functions/mbfunccoils.o
 .debug_abbrev  0x00001ff5       0xda ./Modules/modbus/functions/mbfuncdisc.o
 .debug_abbrev  0x000020cf       0xf8 ./Modules/modbus/functions/mbfuncholding.o
 .debug_abbrev  0x000021c7       0xda ./Modules/modbus/functions/mbfuncinput.o
 .debug_abbrev  0x000022a1      0x103 ./Modules/modbus/functions/mbfuncother.o
 .debug_abbrev  0x000023a4      0x108 ./Modules/modbus/functions/mbutils.o
 .debug_abbrev  0x000024ac      0x206 ./Modules/modbus/mb.o
 .debug_abbrev  0x000026b2      0x1be ./Modules/modbus/port/mt_port.o
 .debug_abbrev  0x00002870       0xbe ./Modules/modbus/port/portevent.o
 .debug_abbrev  0x0000292e      0x3c0 ./Modules/modbus/port/portserial.o
 .debug_abbrev  0x00002cee      0x1e4 ./Modules/modbus/port/porttimer.o
 .debug_abbrev  0x00002ed2       0x9e ./Modules/modbus/rtu/mbcrc.o
 .debug_abbrev  0x00002f70      0x1ca ./Modules/modbus/rtu/mbrtu.o

.debug_aranges  0x00000000     0x1048
 .debug_aranges