../Core/Src/main.c:172:6:ParseTjcCommands	7
../Core/Src/main.c:198:6:SwitchTechnology_Logic	51
../Core/Src/main.c:431:5:main	4
../Core/Src/main.c:513:6:SystemClock_Config	3
../Core/Src/main.c:553:13:MX_TIM3_Init	4
../Core/Src/main.c:598:13:MX_TIM4_Init	6
../Core/Src/main.c:653:13:MX_USART1_UART_Init	2
../Core/Src/main.c:683:13:MX_USART3_UART_Init	2
../Core/Src/main.c:711:13:MX_DMA_Init	1
../Core/Src/main.c:732:13:MX_GPIO_Init	1
../Core/Src/main.c:774:14:eMBRegInputCB	9
../Core/Src/main.c:813:14:eMBRegHoldingCB	25
../Core/Src/main.c:918:14:eMBRegCoilsCB	1
../Core/Src/main.c:926:14:eMBRegDiscreteCB	1
../Core/Src/main.c:932:6:ProcessButtons	18
../Core/Src/main.c:996:6:ProcessEncoder	9
../Core/Src/main.c:1046:6:Error_Handler	1
