../Core/Src/main.c:172:6:ParseTjcCommands	16	static
../Core/Src/main.c:198:6:SwitchTechnology_Logic	128	static
../Core/Src/main.c:431:5:main	24	static
../Core/Src/main.c:513:6:SystemClock_Config	72	static
../Core/Src/main.c:553:13:MX_TIM3_Init	32	static
../Core/Src/main.c:598:13:MX_TIM4_Init	64	static
../Core/Src/main.c:653:13:MX_USART1_UART_Init	8	static
../Core/Src/main.c:683:13:MX_USART3_UART_Init	8	static
../Core/Src/main.c:711:13:MX_DMA_Init	16	static
../Core/Src/main.c:732:13:MX_GPIO_Init	40	static
../Core/Src/main.c:774:14:eMBRegInputCB	32	static
../Core/Src/main.c:813:14:eMBRegHoldingCB	56	static
../Core/Src/main.c:918:14:eMBRegCoilsCB	24	static
../Core/Src/main.c:926:14:eMBRegDiscreteCB	16	static
../Core/Src/main.c:932:6:ProcessButtons	24	static
../Core/Src/main.c:996:6:ProcessEncoder	32	static
../Core/Src/main.c:1046:6:Error_Handler	4	static,ignoring_inline_asm
