../Modules/modbus/port/portserial.c:41:17:mb_irq_save_disable	16	static,ignoring_inline_asm
../Modules/modbus/port/portserial.c:48:13:mb_irq_restore	24	static,ignoring_inline_asm
../Modules/modbus/port/portserial.c:53:6:intToStr	40	static
../Modules/modbus/port/portserial.c:85:6:uart_send_char	24	static
../Modules/modbus/port/portserial.c:98:6:uart_send_string	16	static
../Modules/modbus/port/portserial.c:105:6:tjc_flush_tx	24	static
../Modules/modbus/port/portserial.c:131:9:tjc_tx_is_busy	4	static
../Modules/modbus/port/portserial.c:136:6:tjc_send_string	16	static
../Modules/modbus/port/portserial.c:143:6:tjc_send_txt	24	static
../Modules/modbus/port/portserial.c:153:6:tjc_send_val	40	static
../Modules/modbus/port/portserial.c:164:6:tjc_send_float	112	static
../Modules/modbus/port/portserial.c:226:6:tjc_send_nstring	24	static
../Modules/modbus/port/portserial.c:235:6:vMBPortSerialEnable	16	static
../Modules/modbus/port/portserial.c:252:6:xMBPortSerialInit	16	static
../Modules/modbus/port/portserial.c:256:6:xMBPortSerialPutByte	16	static
../Modules/modbus/port/portserial.c:262:6:xMBPortSerialGetByte	16	static
../Modules/modbus/port/portserial.c:267:13:prvvUARTTxReadyISR	8	static
../Modules/modbus/port/portserial.c:268:13:prvvUARTRxISR	8	static
../Modules/modbus/port/portserial.c:270:6:initRingBuffer	16	static
../Modules/modbus/port/portserial.c:278:6:write1ByteToRingBuffer	24	static
../Modules/modbus/port/portserial.c:290:6:deleteRingBuffer	24	static
../Modules/modbus/port/portserial.c:305:9:read1ByteFromRingBuffer	32	static
../Modules/modbus/port/portserial.c:317:10:getRingBufferLength	16	static
../Modules/modbus/port/portserial.c:325:9:isRingBufferNotFull	4	static
../Modules/modbus/port/portserial.c:329:6:HAL_UART_TxCpltCallback	16	static
../Modules/modbus/port/portserial.c:337:6:HAL_UART_RxCpltCallback	16	static
../Modules/modbus/port/portserial.c:347:6:HAL_UART_ErrorCallback	16	static
